******************************************************************************
                  TI ARM Linker PC v15.12.3                    
******************************************************************************
>> Linked Thu Jun 22 00:37:35 2017

OUTPUT FILE NAME:   <CrazyCar2.out>
ENTRY POINT SYMBOL: "_c_int00"  address: 000036cd


MEMORY CONFIGURATION

         name            origin    length      used     unused   attr    fill
----------------------  --------  ---------  --------  --------  ----  --------
  FLASH                 00000000   00040000  000058a0  0003a760  R  X
  SRAM                  20000000   00008000  000026aa  00005956  RW X


SEGMENT ALLOCATION MAP

run origin  load origin   length   init length attrs members
----------  ----------- ---------- ----------- ----- -------
00000000    00000000    000058a4   000058a4    r-x
  00000000    00000000    0000026c   0000026c    r-- .intvecs
  0000026c    0000026c    00003e72   00003e72    r-x .text
  000040e0    000040e0    0000079e   0000079e    r-- .const
  00004880    00004880    00001024   00001024    r-- .cinit
20000000    20000000    000026b2   00000000    rw-
  20000000    20000000    0000026c   00000000    rw- .vtable
  20000270    20000270    00001464   00000000    rw- .data
  200016d4    200016d4    00000800   00000000    rw- .stack
  20001ed8    20001ed8    000007da   00000000    rw- .bss


SECTION ALLOCATION MAP

 output                                  attributes/
section   page    origin      length       input sections
--------  ----  ----------  ----------   ----------------
.intvecs   0    00000000    0000026c     
                  00000000    0000026c     tm4c123gh6pm_startup_ccs.obj (.intvecs)

.text      0    0000026c    00003e72     
                  0000026c    000008b0     driver_gyro.obj (.text)
                  00000b1c    000005f4     driver_lcd.obj (.text)
                  00001110    00000320     hal_i2c.obj (.text)
                  00001430    000002ec     main.obj (.text)
                  0000171c    000002ec     rtsv7M4_T_le_v4SPD16_eabi.lib : s_atan.obj (.text)
                  00001a08    00000284     hal_UltraMeas.obj (.text)
                  00001c8c    0000022c     driver_aktorik.obj (.text)
                  00001eb8    000001f8     driver_RF.obj (.text)
                  000020b0    000001f4     hal_gpio.obj (.text)
                  000022a4    000001ec     rtsv7M4_T_le_v4SPD16_eabi.lib : e_atan2.obj (.text)
                  00002490    000001b6                                   : fd_add_t2.obj (.text)
                  00002646    00000002                                   : mpu_init.obj (.text)
                  00002648    00000140     hal_uart.obj (.text)
                  00002788    00000136     rtsv7M4_T_le_v4SPD16_eabi.lib : fd_div_t2.obj (.text)
                  000028be    00000132     driverlib.lib : gpio.obj (.text:GPIOPadConfigSet)
                  000029f0    0000011c     hal_ultrasdrive.obj (.text)
                  00002b0c    00000110     driverlib.lib : sysctl.obj (.text:SysCtlClockGet)
                  00002c1c    00000104     hal_timerA1.obj (.text)
                  00002d20    000000fc     rtsv7M4_T_le_v4SPD16_eabi.lib : fd_mul_t2.obj (.text)
                  00002e1c    000000f4     driverlib.lib : sysctl.obj (.text:SysCtlClockSet)
                  00002f10    000000e4     hal_adc12.obj (.text)
                  00002ff4    000000c4     hal_usciB1.obj (.text)
                  000030b8    000000b0     driverlib.lib : pwm.obj (.text:_PWMGenIntNumberGet)
                  00003168    0000009c     rtsv7M4_T_le_v4SPD16_eabi.lib : memcpy_t2.obj (.text)
                  00003204    00000086                                   : fd_cmp_t2.obj (.text:__aeabi_cdcmple)
                  0000328a    00000086                                   : fd_cmp_t2.obj (.text:__aeabi_cdrcmple)
                  00003310    0000007a     driverlib.lib : adc.obj (.text:ADCSequenceStepConfigure)
                  0000338a    0000007a     rtsv7M4_T_le_v4SPD16_eabi.lib : memset_t2.obj (.text)
                  00003404    00000070                                   : autoinit.obj (.text)
                  00003474    0000006e                                   : fd_tos_t2.obj (.text)
                  000034e2    0000006a                                   : copy_decompress_rle.obj (.text)
                  0000354c    00000068     driverlib.lib : interrupt.obj (.text:IntEnable)
                  000035b4    00000060                   : timer.obj (.text:TimerConfigure)
                  00003614    00000060     sense_read.obj (.text)
                  00003674    00000056     driverlib.lib : gpio.obj (.text:GPIOIntTypeSet)
                  000036ca    00000002     rtsv7M4_T_le_v4SPD16_eabi.lib : startup.obj (.text)
                  000036cc    00000054                                   : boot.obj (.text)
                  00003720    00000054                                   : exit.obj (.text)
                  00003774    00000050     driverlib.lib : adc.obj (.text:ADCSequenceConfigure)
                  000037c4    00000050                   : sysctl.obj (.text:SysCtlPeripheralReset)
                  00003814    00000050                   : adc.obj (.text:_ADCIntNumberGet)
                  00003864    00000050     hal_timerB0.obj (.text)
                  000038b4    0000004c     driverlib.lib : i2c.obj (.text:I2CMasterInitExpClk)
                  00003900    0000004c                   : timer.obj (.text:_TimerIntNumberGet)
                  0000394c    0000004c     rtsv7M4_T_le_v4SPD16_eabi.lib : cpy_tbl.obj (.text)
                  00003998    0000004c     tm4c123gh6pm_startup_ccs.obj (.text)
                  000039e4    00000048     driverlib.lib : gpio.obj (.text:GPIOPinConfigure)
                  00003a2c    00000046                   : uart.obj (.text:UARTConfigSetExpClk)
                  00003a72    00000002     --HOLE-- [fill = 0]
                  00003a74    00000044     Interrupts.obj (.text)
                  00003ab8    00000044     driverlib.lib : gpio.obj (.text:_GPIOIntNumberGet)
                  00003afc    00000040                   : uart.obj (.text:_UARTIntNumberGet)
                  00003b3c    0000003c                   : ssi.obj (.text:SSIConfigSetExpClk)
                  00003b78    00000038                   : sysctl.obj (.text:SysCtlPeripheralReady)
                  00003bb0    00000038     rtsv7M4_T_le_v4SPD16_eabi.lib : fs_tod_t2.obj (.text)
                  00003be8    00000034     driverlib.lib : interrupt.obj (.text:IntRegister)
                  00003c1c    00000034                   : sysctl.obj (.text:SysCtlPeripheralEnable)
                  00003c50    00000030     hal_general.obj (.text)
                  00003c80    0000002e     rtsv7M4_T_le_v4SPD16_eabi.lib : i_tofd_t2.obj (.text)
                  00003cae    0000002a     driverlib.lib : gpio.obj (.text:GPIODirModeSet)
                  00003cd8    00000024                   : interrupt.obj (.text:IntPrioritySet)
                  00003cfc    00000022                   : pwm.obj (.text:PWMGenConfigure)
                  00003d1e    00000002     --HOLE-- [fill = 0]
                  00003d20    00000020                   : uart.obj (.text:UARTDisable)
                  00003d40    00000020     rtsv7M4_T_le_v4SPD16_eabi.lib : u_tofd_t2.obj (.text)
                  00003d60    0000001e     driverlib.lib : adc.obj (.text:ADCSequenceDataGet)
                  00003d7e    0000001e                   : pwm.obj (.text:PWMPulseWidthSet)
                  00003d9c    0000001c     hal_usc.obj (.text)
                  00003db8    00000018     driverlib.lib : adc.obj (.text:ADCIntRegister)
                  00003dd0    00000018                   : adc.obj (.text:ADCProcessorTrigger)
                  00003de8    00000018                   : gpio.obj (.text:GPIOIntRegister)
                  00003e00    00000018                   : gpio.obj (.text:GPIOPinTypeGPIOOutput)
                  00003e18    00000018                   : pwm.obj (.text:PWMGenIntRegister)
                  00003e30    00000018                   : timer.obj (.text:TimerIntRegister)
                  00003e48    00000018                   : uart.obj (.text:UARTIntRegister)
                  00003e60    00000018     rtsv7M4_T_le_v4SPD16_eabi.lib : args_main.obj (.text)
                  00003e78    00000016     driver_general.obj (.text)
                  00003e8e    00000002     --HOLE-- [fill = 0]
                  00003e90    00000014     driverlib.lib : sysctl.obj (.text:SysCtlPWMClockSet)
                  00003ea4    00000014                   : uart.obj (.text:UARTEnable)
                  00003eb8    00000014     rtsv7M4_T_le_v4SPD16_eabi.lib : _lock.obj (.text)
                  00003ecc    00000012     driverlib.lib : gpio.obj (.text:GPIOPinTypeADC)
                  00003ede    00000012                   : gpio.obj (.text:GPIOPinTypeGPIOInput)
                  00003ef0    00000012                   : gpio.obj (.text:GPIOPinTypeI2C)
                  00003f02    00000012                   : gpio.obj (.text:GPIOPinTypeI2CSCL)
                  00003f14    00000012                   : gpio.obj (.text:GPIOPinTypePWM)
                  00003f26    00000012                   : gpio.obj (.text:GPIOPinTypeSSI)
                  00003f38    00000012                   : gpio.obj (.text:GPIOPinTypeUART)
                  00003f4a    00000012                   : pwm.obj (.text:PWMOutputState)
                  00003f5c    00000012                   : timer.obj (.text:TimerLoadSet)
                  00003f6e    00000010                   : interrupt.obj (.text:IntMasterEnable)
                  00003f7e    00000010                   : pwm.obj (.text:PWMGenPeriodSet)
                  00003f8e    0000000e                   : adc.obj (.text:ADCSequenceEnable)
                  00003f9c    0000000e                   : gpio.obj (.text:GPIOIntDisable)
                  00003faa    0000000e                   : timer.obj (.text:TimerEnable)
                  00003fb8    0000000e                   : uart.obj (.text:UARTCharsAvail)
                  00003fc6    0000000e     rtsv7M4_T_le_v4SPD16_eabi.lib : copy_decompress_none.obj (.text:decompress:none)
                  00003fd4    0000000c     driverlib.lib : cpu.obj (.text:CPUcpsie)
                  00003fe0    0000000c                   : gpio.obj (.text:GPIOIntEnable)
                  00003fec    0000000c                   : pwm.obj (.text:PWMGenDisable)
                  00003ff8    0000000c                   : pwm.obj (.text:PWMGenEnable)
                  00004004    0000000a                   : adc.obj (.text:ADCIntClear)
                  0000400e    0000000a                   : i2c.obj (.text:I2CMasterEnable)
                  00004018    0000000a                   : i2c.obj (.text:I2CMasterIntStatusEx)
                  00004022    0000000a                   : pwm.obj (.text:PWMGenIntTrigEnable)
                  0000402c    0000000a                   : ssi.obj (.text:SSIDataPut)
                  00004036    0000000a                   : ssi.obj (.text:SSIEnable)
                  00004040    0000000a                   : uart.obj (.text:UARTCharGet)
                  0000404a    0000000a                   : uart.obj (.text:UARTCharPut)
                  00004054    0000000a                   : uart.obj (.text:UARTIntStatus)
                  0000405e    00000008                   : adc.obj (.text:ADCIntEnableEx)
                  00004066    00000008                   : i2c.obj (.text:I2CMasterBusy)
                  0000406e    00000008                   : i2c.obj (.text:I2CMasterSlaveAddrSet)
                  00004076    00000008                   : pwm.obj (.text:PWMIntEnable)
                  0000407e    00000008                   : ssi.obj (.text:SSIBusy)
                  00004086    00000008                   : timer.obj (.text:TimerIntEnable)
                  0000408e    00000008                   : uart.obj (.text:UARTBusy)
                  00004096    00000008                   : uart.obj (.text:UARTIntEnable)
                  0000409e    00000006                   : gpio.obj (.text:GPIOIntClear)
                  000040a4    00000006                   : gpio.obj (.text:GPIOPinWrite)
                  000040aa    00000006                   : pwm.obj (.text:PWMGenIntClear)
                  000040b0    00000006                   : sysctl.obj (.text:SysCtlDelay)
                  000040b6    00000006                   : timer.obj (.text:TimerClockSourceSet)
                  000040bc    00000006     rtsv7M4_T_le_v4SPD16_eabi.lib : copy_decompress_rle.obj (.text:decompress:rle24)
                  000040c2    00000004     driverlib.lib : i2c.obj (.text:I2CMasterControl)
                  000040c6    00000004                   : i2c.obj (.text:I2CMasterDataGet)
                  000040ca    00000004                   : i2c.obj (.text:I2CMasterDataPut)
                  000040ce    00000004                   : i2c.obj (.text:I2CMasterIntClearEx)
                  000040d2    00000004                   : timer.obj (.text:TimerIntClear)
                  000040d6    00000004                   : uart.obj (.text:UARTIntClear)
                  000040da    00000004     rtsv7M4_T_le_v4SPD16_eabi.lib : pre_init.obj (.text)

.const     0    000040e0    0000079e     
                  000040e0    0000023a     driver_lcd.obj (.const:font)
                  0000431a    00000002     --HOLE-- [fill = 0]
                  0000431c    000000d8     driverlib.lib : gpio.obj (.const:g_ppui32GPIOIntMapSnowflake)
                  000043f4    000000c0                   : gpio.obj (.const:g_ppui32GPIOIntMapBlizzard)
                  000044b4    0000009c                   : interrupt.obj (.const:g_pui32Regs)
                  00004550    00000098     rtsv7M4_T_le_v4SPD16_eabi.lib : s_atan.obj (.const:$O1$$)
                  000045e8    00000090     driverlib.lib : gpio.obj (.const:g_pui32GPIOBaseAddrs)
                  00004678    00000070                   : interrupt.obj (.const)
                  000046e8    0000006c                   : sysctl.obj (.const:g_pui32Xtals)
                  00004754    00000060                   : timer.obj (.const:g_ppui32TimerIntMap)
                  000047b4    00000040                   : timer.obj (.const:g_ppui32TimerIntMapSnowflake)
                  000047f4    00000040                   : uart.obj (.const:g_ppui32UARTIntMap)
                  00004834    00000040                   : uart.obj (.const:g_ppui32UARTIntMapSnowflake)
                  00004874    00000005     driver_lcd.obj (.const:.string:$P$T0$1)
                  00004879    00000005     driver_lcd.obj (.const:.string:$P$T1$2)

.cinit     0    00004880    00001024     
                  00004880    00000fe4     (.cinit..data.load) [load image, compression = rle]
                  00005864    00000004     --HOLE-- [fill = 0]
                  00005868    0000000b     (.cinit..bss.load) [load image, compression = rle]
                  00005873    00000005     --HOLE-- [fill = 0]
                  00005878    0000000b     (.cinit..vtable.load) [load image, compression = rle]
                  00005883    00000001     --HOLE-- [fill = 0]
                  00005884    00000008     (__TI_handler_table)
                  0000588c    00000018     (__TI_cinit_table)

.init_array 
*          0    00000000    00000000     UNINITIALIZED

.vtable    0    20000000    0000026c     UNINITIALIZED
                  20000000    0000026c     driverlib.lib : interrupt.obj (.vtable)

.data      0    20000270    00001464     UNINITIALIZED
                  20000270    00000668     sense_read.obj (.data:sense_left)
                  200008d8    00000668     sense_read.obj (.data:sense_mid)
                  20000f40    00000668     sense_read.obj (.data:sense_right)
                  200015a8    00000083     main.obj (.data)
                  2000162b    00000001     --HOLE--
                  2000162c    00000004     hal_UltraMeas.obj (.data)
                  20001630    00000040     Interrupts.obj (.data)
                  20001670    00000020     driver_gyro.obj (.data)
                  20001690    00000014     driver_aktorik.obj (.data)
                  200016a4    0000000c     rtsv7M4_T_le_v4SPD16_eabi.lib : exit.obj (.data:$O1$$)
                  200016b0    00000009     driver_lcd.obj (.data:Init2Arr)
                  200016b9    00000003     --HOLE--
                  200016bc    00000008     rtsv7M4_T_le_v4SPD16_eabi.lib : _lock.obj (.data:$O1$$)
                  200016c4    00000004     hal_uart.obj (.data)
                  200016c8    00000004     hal_ultrasdrive.obj (.data)
                  200016cc    00000004     hal_usc.obj (.data)
                  200016d0    00000004     rtsv7M4_T_le_v4SPD16_eabi.lib : stkdepth_vars.obj (.data)

.stack     0    200016d4    00000800     UNINITIALIZED
                  200016d4    00000800     --HOLE--

.bss       0    20001ed8    000007da     UNINITIALIZED
                  20001ed8    00000208     (.common:Motion)
                  200020e0    00000204     (.common:SpiCom)
                  200022e4    00000030     (.common:ADC1)
                  20002314    00000028     (.common:ACCX)
                  2000233c    00000028     (.common:ACCY)
                  20002364    00000028     (.common:ACCZ)
                  2000238c    00000028     (.common:ASAX)
                  200023b4    00000028     (.common:ASAY)
                  200023dc    00000028     (.common:ASAZ)
                  20002404    00000028     (.common:GYRX)
                  2000242c    00000028     (.common:GYRY)
                  20002454    00000028     (.common:GYRZ)
                  2000247c    00000028     (.common:GetMode)
                  200024a4    00000028     (.common:MagX)
                  200024cc    00000028     (.common:MagY)
                  200024f4    00000028     (.common:MagZ)
                  2000251c    00000028     (.common:ResetMag)
                  20002544    00000028     (.common:WHOAMI)
                  2000256c    00000028     (.common:WHOIAM)
                  20002594    00000015     (.common:Bypass)
                  200025a9    00000015     (.common:BypassOff)
                  200025be    00000015     (.common:Conf)
                  200025d3    00000015     (.common:Reset)
                  200025e8    00000015     (.common:SetMode)
                  200025fd    00000003     (.common:Init)
                  20002600    00000010     (.common:DistUs1mem)
                  20002610    0000000f     (.common:RxData)
                  2000261f    0000000f     (.common:SensData)
                  2000262e    00000002     (.common:Buttons)
                  20002630    00000008     (.common:Hx)
                  20002638    00000008     (.common:Hx_f)
                  20002640    00000008     (.common:Hy)
                  20002648    00000008     (.common:Hy_f)
                  20002650    00000008     (.common:Hz)
                  20002658    00000008     (.common:Hz_f)
                  20002660    00000006     (.common:Tester)
                  20002666    00000002     (.common:CountUs1)
                  20002668    00000004     (.common:Abstand1)
                  2000266c    00000004     (.common:Abstand2)
                  20002670    00000004     (.common:Abstand3)
                  20002674    00000004     (.common:DistUs1)
                  20002678    00000004     (.common:Period)
                  2000267c    00000004     (.common:TESTI)
                  20002680    00000004     (.common:TimeoutBusy)
                  20002684    00000004     (.common:act_data)
                  20002688    00000004     (.common:b_Abstand1)
                  2000268c    00000004     (.common:b_Abstand2)
                  20002690    00000004     (.common:b_Abstand3)
                  20002694    00000004     (.common:currentstate)
                  20002698    00000004     (.common:dCSteering)
                  2000269c    00000004     (.common:dCThrottle)
                  200026a0    00000004     (.common:i)
                  200026a4    00000004     (.common:nextstate)
                  200026a8    00000004     (.common:phi)
                  200026ac    00000002     (.common:CountUs11)
                  200026ae    00000002     (.common:Time1)
                  200026b0    00000002     (.common:TimeCounter)

MODULE SUMMARY

       Module                         code    ro data   rw data
       ------                         ----    -------   -------
    .\
       main.obj                       748     0         159    
       tm4c123gh6pm_startup_ccs.obj   76      620       0      
    +--+------------------------------+-------+---------+---------+
       Total:                         824     620       159    
                                                               
    .\AL\
       sense_read.obj                 96      0         4920   
    +--+------------------------------+-------+---------+---------+
       Total:                         96      0         4920   
                                                               
    .\DL\
       driver_gyro.obj                2224    0         829    
       driver_lcd.obj                 1524    580       9      
       driver_aktorik.obj             556     0         20     
       driver_RF.obj                  504     0         24     
       driver_general.obj             22      0         0      
    +--+------------------------------+-------+---------+---------+
       Total:                         4830    580       882    
                                                               
    .\HAL\
       hal_general.obj                48      0         1036   
       hal_i2c.obj                    800     0         12     
       hal_UltraMeas.obj              644     0         40     
       hal_gpio.obj                   500     0         0      
       hal_uart.obj                   320     0         19     
       hal_ultrasdrive.obj            284     0         4      
       hal_adc12.obj                  228     0         48     
       hal_timerA1.obj                260     0         12     
       hal_usciB1.obj                 196     0         0      
       Interrupts.obj                 68      0         66     
       hal_timerB0.obj                80      0         0      
       hal_usc.obj                    28      0         4      
    +--+------------------------------+-------+---------+---------+
       Total:                         3456    0         1241   
                                                               
    C:/ti/TivaWare_C_Series-2.1.4.178/driverlib/ccs/Debug/driverlib.lib
       gpio.obj                       786     552       0      
       interrupt.obj                  208     268       620    
       sysctl.obj                     730     108       0      
       timer.obj                      246     160       0      
       uart.obj                       274     128       0      
       adc.obj                        392     0         0      
       pwm.obj                        346     0         0      
       i2c.obj                        128     0         0      
       ssi.obj                        88      0         0      
       cpu.obj                        12      0         0      
    +--+------------------------------+-------+---------+---------+
       Total:                         3210    1216      620    
                                                               
    C:\ti\ccsv6\tools\compiler\arm_15.12.3.LTS\lib\rtsv7M4_T_le_v4SPD16_eabi.lib
       s_atan.obj                     748     152       0      
       e_atan2.obj                    492     0         0      
       fd_add_t2.obj                  438     0         0      
       fd_div_t2.obj                  310     0         0      
       fd_cmp_t2.obj                  268     0         0      
       fd_mul_t2.obj                  252     0         0      
       memcpy_t2.obj                  156     0         0      
       memset_t2.obj                  122     0         0      
       autoinit.obj                   112     0         0      
       copy_decompress_rle.obj        112     0         0      
       fd_tos_t2.obj                  110     0         0      
       exit.obj                       84      0         12     
       boot.obj                       84      0         0      
       cpy_tbl.obj                    76      0         0      
       fs_tod_t2.obj                  56      0         0      
       i_tofd_t2.obj                  46      0         0      
       u_tofd_t2.obj                  32      0         0      
       _lock.obj                      20      0         8      
       args_main.obj                  24      0         0      
       copy_decompress_none.obj       14      0         0      
       pre_init.obj                   4       0         0      
       stkdepth_vars.obj              0       0         4      
       mpu_init.obj                   2       0         0      
       startup.obj                    2       0         0      
    +--+------------------------------+-------+---------+---------+
       Total:                         3564    152       24     
                                                               
       Stack:                         0       0         2048   
       Linker Generated:              0       4122      0      
    +--+------------------------------+-------+---------+---------+
       Grand Total:                   15980   6690      9894   


LINKER GENERATED COPY TABLES

__TI_cinit_table @ 0000588c records: 3, size/record: 8, table size: 24
	.data: load addr=00004880, load size=00000fe4 bytes, run addr=20000270, run size=00001464 bytes, compression=rle
	.bss: load addr=00005868, load size=0000000b bytes, run addr=20001ed8, run size=000007da bytes, compression=rle
	.vtable: load addr=00005878, load size=0000000b bytes, run addr=20000000, run size=0000026c bytes, compression=rle


LINKER GENERATED HANDLER TABLE

__TI_handler_table @ 00005884 records: 2, size/record: 4, table size: 8
	index: 0, handler: __TI_decompress_rle24
	index: 1, handler: __TI_decompress_none


GLOBAL SYMBOLS: SORTED ALPHABETICALLY BY Name 

address   name                           
-------   ----                           
20002314  ACCX                           
2000233c  ACCY                           
20002364  ACCZ                           
200022e4  ADC1                           
00004005  ADCIntClear                    
0000405f  ADCIntEnableEx                 
00003db9  ADCIntRegister                 
00003dd1  ADCProcessorTrigger            
00003775  ADCSequenceConfigure           
00003d61  ADCSequenceDataGet             
00003f8f  ADCSequenceEnable              
00003311  ADCSequenceStepConfigure       
2000238c  ASAX                           
200023b4  ASAY                           
200023dc  ASAZ                           
20002668  Abstand1                       
2000266c  Abstand2                       
20002670  Abstand3                       
2000262e  Buttons                        
20002594  Bypass                         
200025a9  BypassOff                      
00003721  C$$EXIT                        
00003fd5  CPUcpsie                       
200016cc  Clockrate                      
200025be  Conf                           
2000162a  Corner                         
20001660  Count                          
20002666  CountUs1                       
200026ac  CountUs11                      
0000026d  DL_Motion_Init                 
20001618  DeltaDist                      
20001654  DirSample                      
20001608  DiskretEn                      
00003615  Dist                           
20002674  DistUs1                        
20002600  DistUs1mem                     
0000364d  Distmid                        
00003631  Distright                      
00001d31  Driver_ESCInit                 
00003e79  Driver_Init                    
00000beb  Driver_LCD_Clear               
00000cb7  Driver_LCD_Clearpage           
00000d21  Driver_LCD_Clearspace          
00000ba3  Driver_LCD_Init                
00000da3  Driver_LCD_SetPosition         
00000b1d  Driver_LCD_WriteCommand        
00000dfd  Driver_LCD_WriteString         
00000ef5  Driver_LCD_WriteUInt           
00001e5f  Driver_PWMInit                 
00001e13  Driver_SetBack                 
00001dc7  Driver_SetBrake                
00001c8d  Driver_SetSteering             
00001d7d  Driver_SetThrottle             
200015d8  ESpeed                         
200015b0  Excel                          
00003caf  GPIODirModeSet                 
0000409f  GPIOIntClear                   
00003f9d  GPIOIntDisable                 
00003fe1  GPIOIntEnable                  
00003de9  GPIOIntRegister                
00003675  GPIOIntTypeSet                 
000028bf  GPIOPadConfigSet               
000039e5  GPIOPinConfigure               
00003ecd  GPIOPinTypeADC                 
00003edf  GPIOPinTypeGPIOInput           
00003e01  GPIOPinTypeGPIOOutput          
00003ef1  GPIOPinTypeI2C                 
00003f03  GPIOPinTypeI2CSCL              
00003f15  GPIOPinTypePWM                 
00003f27  GPIOPinTypeSSI                 
00003f39  GPIOPinTypeUART                
000040a5  GPIOPinWrite                   
20002404  GYRX                           
2000242c  GYRY                           
20002454  GYRZ                           
0000066d  GetMagData                     
2000247c  GetMode                        
00001155  GetSlaveData                   
00001bef  GpioInt                        
00002f11  HAL_Adc_init                   
000020b1  HAL_GPIO_Init                  
00001111  HAL_I2C_Init                   
00003c51  HAL_Init                       
00002c1d  HAL_TimerA1_Init               
00003865  HAL_TimerB0_Init               
00003d9d  HAL_UCS_Init                   
00002ff5  HAL_USCIB1_Init                
00003031  HAL_USCIB1_Transmit            
2000160c  HardBraking                    
20002630  Hx                             
20002638  Hx_f                           
20001678  Hx_last                        
20002640  Hy                             
20002648  Hy_f                           
20001680  Hy_last                        
20002650  Hz                             
20002658  Hz_f                           
20001688  Hz_last                        
00004067  I2CMasterBusy                  
000040c3  I2CMasterControl               
000040c7  I2CMasterDataGet               
000040cb  I2CMasterDataPut               
0000400f  I2CMasterEnable                
000038b5  I2CMasterInitExpClk            
000040cf  I2CMasterIntClearEx            
00001359  I2CMasterIntHandler            
00004019  I2CMasterIntStatusEx           
0000406f  I2CMasterSlaveAddrSet          
00001351  I2CMasterTXHandler             
200025fd  Init                           
200016b0  Init2Arr                       
00002fb9  IntADC                         
0000354d  IntEnable                      
00003f6f  IntMasterEnable                
00003cd9  IntPrioritySet                 
00003be9  IntRegister                    
200015b4  KPID                           
200015c4  KdSpeed                        
200015c0  KiSpeed                        
200015bc  KpSpeed                        
20001624  LastDeltaDist                  
200015e0  LastESpeed                     
200015dc  LastSpeed                      
200015ec  LastSpeedDes                   
200015d4  LastValueFront                 
200015cc  LastValueLeft                  
200015d0  LastValueRight                 
200015f8  LastiSpeed                     
200024a4  MagX                           
200024cc  MagY                           
200024f4  MagZ                           
00001a85  MeasDist                       
20001ed8  Motion                         
000039a5  PWM1IntHandler                 
00003cfd  PWMGenConfigure                
00003fed  PWMGenDisable                  
00003ff9  PWMGenEnable                   
000040ab  PWMGenIntClear                 
00003e19  PWMGenIntRegister              
00004023  PWMGenIntTrigEnable            
00003f7f  PWMGenPeriodSet                
00004077  PWMIntEnable                   
00003f4b  PWMOutputState                 
00003d7f  PWMPulseWidthSet               
00002ab9  PWM_INT_HANDLER                
20002678  Period                         
20001658  PeriodCount                    
20001650  PeriodSample                   
20001648  PeriodTime                     
00001eb9  RF_Init                        
200025d3  Reset                          
00003999  ResetISR                       
2000251c  ResetMag                       
20002610  RxData                         
00001fb7  RxStuff                        
UNDEFED   SHT$$INIT_ARRAY$$Base          
UNDEFED   SHT$$INIT_ARRAY$$Limit         
0000407f  SSIBusy                        
00003b3d  SSIConfigSetExpClk             
0000402d  SSIDataPut                     
00004037  SSIEnable                      
20001668  SampleCounter                  
000012df  SendCommand                    
00002017  SendSensorData                 
2000261f  SensData                       
200025e8  SetMode                        
200015f4  Speed                          
200015e8  SpeedDes                       
2000163c  SpeedDir                       
20001638  SpeedReady                     
20001664  SpeedSamp                      
200015f0  Speedf                         
200020e0  SpiCom                         
20001604  StartupC                       
20001610  Steer                          
00002b0d  SysCtlClockGet                 
00002e1d  SysCtlClockSet                 
000040b1  SysCtlDelay                    
00003e91  SysCtlPWMClockSet              
00003c1d  SysCtlPeripheralEnable         
00003b79  SysCtlPeripheralReady          
000037c5  SysCtlPeripheralReset          
2000267c  TESTI                          
20002660  Tester                         
200026ae  Time1                          
200026b0  TimeCounter                    
20001640  Timeout                        
20002680  TimeoutBusy                    
00003a75  Timer0BIntHandler              
000040b7  TimerClockSourceSet            
000035b5  TimerConfigure                 
00003fab  TimerEnable                    
00001bdb  TimerInt                       
000040d3  TimerIntClear                  
00004087  TimerIntEnable                 
00003e31  TimerIntRegister               
00003f5d  TimerLoadSet                   
200015c8  Tryoutcount                    
00002699  TxData                         
0000408f  UARTBusy                       
00004041  UARTCharGet                    
0000404b  UARTCharPut                    
00003fb9  UARTCharsAvail                 
00003a2d  UARTConfigSetExpClk            
00003d21  UARTDisable                    
00003ea5  UARTEnable                     
000040d7  UARTIntClear                   
00004097  UARTIntEnable                  
000026f5  UARTIntHandler                 
00003e49  UARTIntRegister                
00004055  UARTIntStatus                  
000029f1  UltrasonicDriverInit           
20002544  WHOAMI                         
2000256c  WHOIAM                         
20001ed4  __STACK_END                    
00000800  __STACK_SIZE                   
200018d4  __STACK_TOP                    
0000588c  __TI_CINIT_Base                
000058a4  __TI_CINIT_Limit               
00005884  __TI_Handler_Table_Base        
0000588c  __TI_Handler_Table_Limit       
00003405  __TI_auto_init                 
200016a4  __TI_cleanup_ptr               
00003fc7  __TI_decompress_none           
000040bd  __TI_decompress_rle24          
200016a8  __TI_dtors_ptr                 
200016ac  __TI_enable_exit_profile_output
ffffffff  __TI_pprof_out_hndl            
ffffffff  __TI_prof_data_size            
ffffffff  __TI_prof_data_start           
00000000  __TI_static_base__             
00003205  __aeabi_cdcmpeq                
00003205  __aeabi_cdcmple                
0000328b  __aeabi_cdrcmple               
00003475  __aeabi_d2f                    
0000249b  __aeabi_dadd                   
00002789  __aeabi_ddiv                   
00002d21  __aeabi_dmul                   
00002491  __aeabi_dsub                   
00003bb1  __aeabi_f2d                    
00003c81  __aeabi_i2d                    
0000338b  __aeabi_memclr                 
0000338b  __aeabi_memclr4                
0000338b  __aeabi_memclr8                
00003169  __aeabi_memcpy                 
00003169  __aeabi_memcpy4                
00003169  __aeabi_memcpy8                
0000338d  __aeabi_memset                 
0000338d  __aeabi_memset4                
0000338d  __aeabi_memset8                
00003d41  __aeabi_ui2d                   
ffffffff  __binit__                      
ffffffff  __c_args__                     
00002647  __mpu_init                     
200016d4  __stack                        
00003e61  _args_main                     
000036cd  _c_int00                       
200016bc  _lock                          
00003ec7  _nop                           
00003ebf  _register_lock                 
00003eb9  _register_unlock               
000036cb  _system_post_cinit             
000040db  _system_pre_init               
200016c0  _unlock                        
00003725  abort                          
20002684  act_data                       
0000171d  atan                           
000022a5  atan2                          
000022a5  atan2l                         
0000171d  atanl                          
20002688  b_Abstand1                     
2000268c  b_Abstand2                     
20002690  b_Abstand3                     
ffffffff  binit                          
2000162c  busy                           
0000394d  copy_in                        
20001634  counterz                       
20002694  currentstate                   
20002698  dCSteering                     
2000269c  dCThrottle                     
2000161c  dDelta                         
20001600  didit                          
200015a8  dir                            
20001614  drive                          
0000372d  exit                           
000040e0  font                           
20000000  g_pfnRAMVectors                
00000000  g_pfnVectors                   
00002649  hal_uart_init                  
200026a0  i                              
200015fc  iSpeed                         
200015ac  icounter                       
20001670  init1                          
00001a09  initUltraMeas                  
20001630  initcounter                    
200016c4  initfin                        
0000100d  itoa                           
2000165c  lastCount                      
200015b8  lastKPID                       
20001629  laststate                      
20001620  line_des                       
00001431  main                           
200016d0  main_func_sp                   
00003169  memcpy                         
00003393  memset                         
200026a4  nextstate                      
200026a8  phi                            
200015e4  pwmOut                         
200016c8  pwmcounter                     
20000270  sense_left                     
200008d8  sense_mid                      
20000f40  sense_right                    
2000166c  state                          
20001690  state_akt                      
20001628  statecase                      


GLOBAL SYMBOLS: SORTED BY Symbol Address 

address   name                           
-------   ----                           
00000000  __TI_static_base__             
00000000  g_pfnVectors                   
0000026d  DL_Motion_Init                 
0000066d  GetMagData                     
00000800  __STACK_SIZE                   
00000b1d  Driver_LCD_WriteCommand        
00000ba3  Driver_LCD_Init                
00000beb  Driver_LCD_Clear               
00000cb7  Driver_LCD_Clearpage           
00000d21  Driver_LCD_Clearspace          
00000da3  Driver_LCD_SetPosition         
00000dfd  Driver_LCD_WriteString         
00000ef5  Driver_LCD_WriteUInt           
0000100d  itoa                           
00001111  HAL_I2C_Init                   
00001155  GetSlaveData                   
000012df  SendCommand                    
00001351  I2CMasterTXHandler             
00001359  I2CMasterIntHandler            
00001431  main                           
0000171d  atan                           
0000171d  atanl                          
00001a09  initUltraMeas                  
00001a85  MeasDist                       
00001bdb  TimerInt                       
00001bef  GpioInt                        
00001c8d  Driver_SetSteering             
00001d31  Driver_ESCInit                 
00001d7d  Driver_SetThrottle             
00001dc7  Driver_SetBrake                
00001e13  Driver_SetBack                 
00001e5f  Driver_PWMInit                 
00001eb9  RF_Init                        
00001fb7  RxStuff                        
00002017  SendSensorData                 
000020b1  HAL_GPIO_Init                  
000022a5  atan2                          
000022a5  atan2l                         
00002491  __aeabi_dsub                   
0000249b  __aeabi_dadd                   
00002647  __mpu_init                     
00002649  hal_uart_init                  
00002699  TxData                         
000026f5  UARTIntHandler                 
00002789  __aeabi_ddiv                   
000028bf  GPIOPadConfigSet               
000029f1  UltrasonicDriverInit           
00002ab9  PWM_INT_HANDLER                
00002b0d  SysCtlClockGet                 
00002c1d  HAL_TimerA1_Init               
00002d21  __aeabi_dmul                   
00002e1d  SysCtlClockSet                 
00002f11  HAL_Adc_init                   
00002fb9  IntADC                         
00002ff5  HAL_USCIB1_Init                
00003031  HAL_USCIB1_Transmit            
00003169  __aeabi_memcpy                 
00003169  __aeabi_memcpy4                
00003169  __aeabi_memcpy8                
00003169  memcpy                         
00003205  __aeabi_cdcmpeq                
00003205  __aeabi_cdcmple                
0000328b  __aeabi_cdrcmple               
00003311  ADCSequenceStepConfigure       
0000338b  __aeabi_memclr                 
0000338b  __aeabi_memclr4                
0000338b  __aeabi_memclr8                
0000338d  __aeabi_memset                 
0000338d  __aeabi_memset4                
0000338d  __aeabi_memset8                
00003393  memset                         
00003405  __TI_auto_init                 
00003475  __aeabi_d2f                    
0000354d  IntEnable                      
000035b5  TimerConfigure                 
00003615  Dist                           
00003631  Distright                      
0000364d  Distmid                        
00003675  GPIOIntTypeSet                 
000036cb  _system_post_cinit             
000036cd  _c_int00                       
00003721  C$$EXIT                        
00003725  abort                          
0000372d  exit                           
00003775  ADCSequenceConfigure           
000037c5  SysCtlPeripheralReset          
00003865  HAL_TimerB0_Init               
000038b5  I2CMasterInitExpClk            
0000394d  copy_in                        
00003999  ResetISR                       
000039a5  PWM1IntHandler                 
000039e5  GPIOPinConfigure               
00003a2d  UARTConfigSetExpClk            
00003a75  Timer0BIntHandler              
00003b3d  SSIConfigSetExpClk             
00003b79  SysCtlPeripheralReady          
00003bb1  __aeabi_f2d                    
00003be9  IntRegister                    
00003c1d  SysCtlPeripheralEnable         
00003c51  HAL_Init                       
00003c81  __aeabi_i2d                    
00003caf  GPIODirModeSet                 
00003cd9  IntPrioritySet                 
00003cfd  PWMGenConfigure                
00003d21  UARTDisable                    
00003d41  __aeabi_ui2d                   
00003d61  ADCSequenceDataGet             
00003d7f  PWMPulseWidthSet               
00003d9d  HAL_UCS_Init                   
00003db9  ADCIntRegister                 
00003dd1  ADCProcessorTrigger            
00003de9  GPIOIntRegister                
00003e01  GPIOPinTypeGPIOOutput          
00003e19  PWMGenIntRegister              
00003e31  TimerIntRegister               
00003e49  UARTIntRegister                
00003e61  _args_main                     
00003e79  Driver_Init                    
00003e91  SysCtlPWMClockSet              
00003ea5  UARTEnable                     
00003eb9  _register_unlock               
00003ebf  _register_lock                 
00003ec7  _nop                           
00003ecd  GPIOPinTypeADC                 
00003edf  GPIOPinTypeGPIOInput           
00003ef1  GPIOPinTypeI2C                 
00003f03  GPIOPinTypeI2CSCL              
00003f15  GPIOPinTypePWM                 
00003f27  GPIOPinTypeSSI                 
00003f39  GPIOPinTypeUART                
00003f4b  PWMOutputState                 
00003f5d  TimerLoadSet                   
00003f6f  IntMasterEnable                
00003f7f  PWMGenPeriodSet                
00003f8f  ADCSequenceEnable              
00003f9d  GPIOIntDisable                 
00003fab  TimerEnable                    
00003fb9  UARTCharsAvail                 
00003fc7  __TI_decompress_none           
00003fd5  CPUcpsie                       
00003fe1  GPIOIntEnable                  
00003fed  PWMGenDisable                  
00003ff9  PWMGenEnable                   
00004005  ADCIntClear                    
0000400f  I2CMasterEnable                
00004019  I2CMasterIntStatusEx           
00004023  PWMGenIntTrigEnable            
0000402d  SSIDataPut                     
00004037  SSIEnable                      
00004041  UARTCharGet                    
0000404b  UARTCharPut                    
00004055  UARTIntStatus                  
0000405f  ADCIntEnableEx                 
00004067  I2CMasterBusy                  
0000406f  I2CMasterSlaveAddrSet          
00004077  PWMIntEnable                   
0000407f  SSIBusy                        
00004087  TimerIntEnable                 
0000408f  UARTBusy                       
00004097  UARTIntEnable                  
0000409f  GPIOIntClear                   
000040a5  GPIOPinWrite                   
000040ab  PWMGenIntClear                 
000040b1  SysCtlDelay                    
000040b7  TimerClockSourceSet            
000040bd  __TI_decompress_rle24          
000040c3  I2CMasterControl               
000040c7  I2CMasterDataGet               
000040cb  I2CMasterDataPut               
000040cf  I2CMasterIntClearEx            
000040d3  TimerIntClear                  
000040d7  UARTIntClear                   
000040db  _system_pre_init               
000040e0  font                           
00005884  __TI_Handler_Table_Base        
0000588c  __TI_CINIT_Base                
0000588c  __TI_Handler_Table_Limit       
000058a4  __TI_CINIT_Limit               
20000000  g_pfnRAMVectors                
20000270  sense_left                     
200008d8  sense_mid                      
20000f40  sense_right                    
200015a8  dir                            
200015ac  icounter                       
200015b0  Excel                          
200015b4  KPID                           
200015b8  lastKPID                       
200015bc  KpSpeed                        
200015c0  KiSpeed                        
200015c4  KdSpeed                        
200015c8  Tryoutcount                    
200015cc  LastValueLeft                  
200015d0  LastValueRight                 
200015d4  LastValueFront                 
200015d8  ESpeed                         
200015dc  LastSpeed                      
200015e0  LastESpeed                     
200015e4  pwmOut                         
200015e8  SpeedDes                       
200015ec  LastSpeedDes                   
200015f0  Speedf                         
200015f4  Speed                          
200015f8  LastiSpeed                     
200015fc  iSpeed                         
20001600  didit                          
20001604  StartupC                       
20001608  DiskretEn                      
2000160c  HardBraking                    
20001610  Steer                          
20001614  drive                          
20001618  DeltaDist                      
2000161c  dDelta                         
20001620  line_des                       
20001624  LastDeltaDist                  
20001628  statecase                      
20001629  laststate                      
2000162a  Corner                         
2000162c  busy                           
20001630  initcounter                    
20001634  counterz                       
20001638  SpeedReady                     
2000163c  SpeedDir                       
20001640  Timeout                        
20001648  PeriodTime                     
20001650  PeriodSample                   
20001654  DirSample                      
20001658  PeriodCount                    
2000165c  lastCount                      
20001660  Count                          
20001664  SpeedSamp                      
20001668  SampleCounter                  
2000166c  state                          
20001670  init1                          
20001678  Hx_last                        
20001680  Hy_last                        
20001688  Hz_last                        
20001690  state_akt                      
200016a4  __TI_cleanup_ptr               
200016a8  __TI_dtors_ptr                 
200016ac  __TI_enable_exit_profile_output
200016b0  Init2Arr                       
200016bc  _lock                          
200016c0  _unlock                        
200016c4  initfin                        
200016c8  pwmcounter                     
200016cc  Clockrate                      
200016d0  main_func_sp                   
200016d4  __stack                        
200018d4  __STACK_TOP                    
20001ed4  __STACK_END                    
20001ed8  Motion                         
200020e0  SpiCom                         
200022e4  ADC1                           
20002314  ACCX                           
2000233c  ACCY                           
20002364  ACCZ                           
2000238c  ASAX                           
200023b4  ASAY                           
200023dc  ASAZ                           
20002404  GYRX                           
2000242c  GYRY                           
20002454  GYRZ                           
2000247c  GetMode                        
200024a4  MagX                           
200024cc  MagY                           
200024f4  MagZ                           
2000251c  ResetMag                       
20002544  WHOAMI                         
2000256c  WHOIAM                         
20002594  Bypass                         
200025a9  BypassOff                      
200025be  Conf                           
200025d3  Reset                          
200025e8  SetMode                        
200025fd  Init                           
20002600  DistUs1mem                     
20002610  RxData                         
2000261f  SensData                       
2000262e  Buttons                        
20002630  Hx                             
20002638  Hx_f                           
20002640  Hy                             
20002648  Hy_f                           
20002650  Hz                             
20002658  Hz_f                           
20002660  Tester                         
20002666  CountUs1                       
20002668  Abstand1                       
2000266c  Abstand2                       
20002670  Abstand3                       
20002674  DistUs1                        
20002678  Period                         
2000267c  TESTI                          
20002680  TimeoutBusy                    
20002684  act_data                       
20002688  b_Abstand1                     
2000268c  b_Abstand2                     
20002690  b_Abstand3                     
20002694  currentstate                   
20002698  dCSteering                     
2000269c  dCThrottle                     
200026a0  i                              
200026a4  nextstate                      
200026a8  phi                            
200026ac  CountUs11                      
200026ae  Time1                          
200026b0  TimeCounter                    
ffffffff  __TI_pprof_out_hndl            
ffffffff  __TI_prof_data_size            
ffffffff  __TI_prof_data_start           
ffffffff  __binit__                      
ffffffff  __c_args__                     
ffffffff  binit                          
UNDEFED   SHT$$INIT_ARRAY$$Base          
UNDEFED   SHT$$INIT_ARRAY$$Limit         

[315 symbols]
