******************************************************************************
                  TI ARM Linker PC v16.9.1                     
******************************************************************************
>> Linked Wed May 31 11:11:32 2017

OUTPUT FILE NAME:   <CrazyCar2.out>
ENTRY POINT SYMBOL: "_c_int00"  address: 000033d5


MEMORY CONFIGURATION

         name            origin    length      used     unused   attr    fill
----------------------  --------  ---------  --------  --------  ----  --------
  FLASH                 00000000   00040000  0000413e  0003bec2  R  X
  SRAM                  20000000   00008000  0000130e  00006cf2  RW X


SEGMENT ALLOCATION MAP

run origin  load origin   length   init length attrs members
----------  ----------- ---------- ----------- ----- -------
00000000    00000000    00004140   00004140    r-x
  00000000    00000000    0000026c   0000026c    r-- .intvecs
  0000026c    0000026c    000038dc   000038dc    r-x .text
  00003b48    00003b48    00000566   00000566    r-- .const
  000040b0    000040b0    00000090   00000090    r-- .cinit
20000000    20000000    00001314   00000000    rw-
  20000000    20000000    0000026c   00000000    rw- .vtable
  2000026c    2000026c    00000800   00000000    rw- .stack
  20000a70    20000a70    0000077e   00000000    rw- .bss
  200011f0    200011f0    00000124   00000000    rw- .data


SECTION ALLOCATION MAP

 output                                  attributes/
section   page    origin      length       input sections
--------  ----  ----------  ----------   ----------------
.intvecs   0    00000000    0000026c     
                  00000000    0000026c     tm4c123gh6pm_startup_ccs.obj (.intvecs)

.text      0    0000026c    000038dc     
                  0000026c    000008ac     driver_gyro.obj (.text)
                  00000b18    000005e4     driver_lcd.obj (.text)
                  000010fc    00000474     main.obj (.text)
                  00001570    00000320     hal_i2c.obj (.text)
                  00001890    000002ec     rtsv7M4_T_le_v4SPD16_eabi.lib : s_atan.obj (.text)
                  00001b7c    0000022c     driver_aktorik.obj (.text)
                  00001da8    000001f8     driver_RF.obj (.text)
                  00001fa0    000001f4     hal_gpio.obj (.text)
                  00002194    000001ec     rtsv7M4_T_le_v4SPD16_eabi.lib : e_atan2.obj (.text)
                  00002380    000001b6                                   : fd_add_t2.obj (.text)
                  00002536    00000002                                   : mpu_init.obj (.text)
                  00002538    00000140     hal_uart.obj (.text)
                  00002678    00000136     rtsv7M4_T_le_v4SPD16_eabi.lib : fd_div_t2.obj (.text)
                  000027ae    00000132     driverlib.lib : gpio.obj (.text:GPIOPadConfigSet)
                  000028e0    00000110                   : sysctl.obj (.text:SysCtlClockGet)
                  000029f0    00000104     hal_timerA1.obj (.text)
                  00002af4    000000fc     rtsv7M4_T_le_v4SPD16_eabi.lib : fd_mul_t2.obj (.text)
                  00002bf0    000000f4     driverlib.lib : sysctl.obj (.text:SysCtlClockSet)
                  00002ce4    000000c4     hal_usciB1.obj (.text)
                  00002da8    000000b0     driverlib.lib : pwm.obj (.text:_PWMGenIntNumberGet)
                  00002e58    0000009c     hal_ultrasdrive.obj (.text)
                  00002ef4    0000009c     rtsv7M4_T_le_v4SPD16_eabi.lib : memcpy_t2.obj (.text)
                  00002f90    00000086                                   : fd_cmp_t2.obj (.text:__aeabi_cdcmple)
                  00003016    00000086                                   : fd_cmp_t2.obj (.text:__aeabi_cdrcmple)
                  0000309c    0000007a                                   : memset_t2.obj (.text)
                  00003116    00000002                                   : startup.obj (.text)
                  00003118    00000070                                   : autoinit.obj (.text)
                  00003188    0000006e                                   : fd_tos_t2.obj (.text)
                  000031f6    00000002     --HOLE-- [fill = 0]
                  000031f8    00000068     driverlib.lib : interrupt.obj (.text:IntEnable)
                  00003260    00000068     rtsv7M4_T_le_v4SPD16_eabi.lib : copy_decompress_lzss.obj (.text:decompress:lzss)
                  000032c8    00000060     driverlib.lib : timer.obj (.text:TimerConfigure)
                  00003328    00000058     tm4c123gh6pm_startup_ccs.obj (.text)
                  00003380    00000054     hal_timerB0.obj (.text)
                  000033d4    00000054     rtsv7M4_T_le_v4SPD16_eabi.lib : boot.obj (.text)
                  00003428    00000054                                   : exit.obj (.text)
                  0000347c    00000050     driverlib.lib : sysctl.obj (.text:SysCtlPeripheralReset)
                  000034cc    0000004c                   : i2c.obj (.text:I2CMasterInitExpClk)
                  00003518    0000004c     rtsv7M4_T_le_v4SPD16_eabi.lib : cpy_tbl.obj (.text)
                  00003564    00000048     driverlib.lib : gpio.obj (.text:GPIOPinConfigure)
                  000035ac    00000046                   : uart.obj (.text:UARTConfigSetExpClk)
                  000035f2    00000044     rtsv7M4_T_le_v4SPD16_eabi.lib : fd_tou_t2.obj (.text)
                  00003636    00000002     --HOLE-- [fill = 0]
                  00003638    00000040     driverlib.lib : uart.obj (.text:_UARTIntNumberGet)
                  00003678    0000003c                   : ssi.obj (.text:SSIConfigSetExpClk)
                  000036b4    00000038                   : sysctl.obj (.text:SysCtlPeripheralReady)
                  000036ec    00000038     rtsv7M4_T_le_v4SPD16_eabi.lib : fs_tod_t2.obj (.text)
                  00003724    00000034     driverlib.lib : interrupt.obj (.text:IntRegister)
                  00003758    00000034                   : sysctl.obj (.text:SysCtlPeripheralEnable)
                  0000378c    0000002e     rtsv7M4_T_le_v4SPD16_eabi.lib : i_tofd_t2.obj (.text)
                  000037ba    0000002a     driverlib.lib : gpio.obj (.text:GPIODirModeSet)
                  000037e4    00000028     hal_general.obj (.text)
                  0000380c    00000024     driverlib.lib : interrupt.obj (.text:IntPrioritySet)
                  00003830    00000022                   : pwm.obj (.text:PWMGenConfigure)
                  00003852    00000002     --HOLE-- [fill = 0]
                  00003854    00000020                   : uart.obj (.text:UARTDisable)
                  00003874    00000020     rtsv7M4_T_le_v4SPD16_eabi.lib : u_tofd_t2.obj (.text)
                  00003894    0000001e     driverlib.lib : pwm.obj (.text:PWMPulseWidthSet)
                  000038b2    00000002     --HOLE-- [fill = 0]
                  000038b4    0000001c     Interrupts.obj (.text)
                  000038d0    0000001c     hal_usc.obj (.text)
                  000038ec    00000018     driverlib.lib : gpio.obj (.text:GPIOPinTypeGPIOOutput)
                  00003904    00000018                   : pwm.obj (.text:PWMGenIntRegister)
                  0000391c    00000018                   : uart.obj (.text:UARTIntRegister)
                  00003934    00000018     rtsv7M4_T_le_v4SPD16_eabi.lib : args_main.obj (.text)
                  0000394c    00000016     driver_general.obj (.text)
                  00003962    00000002     --HOLE-- [fill = 0]
                  00003964    00000014     driverlib.lib : sysctl.obj (.text:SysCtlPWMClockSet)
                  00003978    00000014                   : uart.obj (.text:UARTEnable)
                  0000398c    00000014     rtsv7M4_T_le_v4SPD16_eabi.lib : _lock.obj (.text)
                  000039a0    00000012     driverlib.lib : gpio.obj (.text:GPIOPinTypeI2C)
                  000039b2    00000012                   : gpio.obj (.text:GPIOPinTypeI2CSCL)
                  000039c4    00000012                   : gpio.obj (.text:GPIOPinTypePWM)
                  000039d6    00000012                   : gpio.obj (.text:GPIOPinTypeSSI)
                  000039e8    00000012                   : gpio.obj (.text:GPIOPinTypeUART)
                  000039fa    00000012                   : pwm.obj (.text:PWMOutputState)
                  00003a0c    00000012                   : timer.obj (.text:TimerLoadSet)
                  00003a1e    00000010                   : interrupt.obj (.text:IntMasterEnable)
                  00003a2e    00000010                   : pwm.obj (.text:PWMGenPeriodSet)
                  00003a3e    0000000e                   : timer.obj (.text:TimerEnable)
                  00003a4c    0000000e                   : uart.obj (.text:UARTCharsAvail)
                  00003a5a    0000000e     rtsv7M4_T_le_v4SPD16_eabi.lib : copy_decompress_none.obj (.text:decompress:none)
                  00003a68    0000000c     driverlib.lib : cpu.obj (.text:CPUcpsie)
                  00003a74    0000000c                   : pwm.obj (.text:PWMGenEnable)
                  00003a80    0000000c     rtsv7M4_T_le_v4SPD16_eabi.lib : copy_zero_init.obj (.text:decompress:ZI)
                  00003a8c    0000000a     driverlib.lib : i2c.obj (.text:I2CMasterEnable)
                  00003a96    0000000a                   : i2c.obj (.text:I2CMasterIntStatusEx)
                  00003aa0    0000000a                   : pwm.obj (.text:PWMGenIntTrigEnable)
                  00003aaa    0000000a                   : ssi.obj (.text:SSIDataPut)
                  00003ab4    0000000a                   : ssi.obj (.text:SSIEnable)
                  00003abe    0000000a                   : uart.obj (.text:UARTCharGet)
                  00003ac8    0000000a                   : uart.obj (.text:UARTCharPut)
                  00003ad2    0000000a                   : uart.obj (.text:UARTIntStatus)
                  00003adc    00000008                   : i2c.obj (.text:I2CMasterBusy)
                  00003ae4    00000008                   : i2c.obj (.text:I2CMasterSlaveAddrSet)
                  00003aec    00000008                   : pwm.obj (.text:PWMIntEnable)
                  00003af4    00000008                   : ssi.obj (.text:SSIBusy)
                  00003afc    00000008                   : timer.obj (.text:TimerIntEnable)
                  00003b04    00000008                   : uart.obj (.text:UARTBusy)
                  00003b0c    00000008                   : uart.obj (.text:UARTIntEnable)
                  00003b14    00000006                   : gpio.obj (.text:GPIOPinWrite)
                  00003b1a    00000006                   : pwm.obj (.text:PWMGenIntClear)
                  00003b20    00000006                   : sysctl.obj (.text:SysCtlDelay)
                  00003b26    00000006                   : timer.obj (.text:TimerClockSourceSet)
                  00003b2c    00000004                   : i2c.obj (.text:I2CMasterControl)
                  00003b30    00000004                   : i2c.obj (.text:I2CMasterDataGet)
                  00003b34    00000004                   : i2c.obj (.text:I2CMasterDataPut)
                  00003b38    00000004                   : i2c.obj (.text:I2CMasterIntClearEx)
                  00003b3c    00000004                   : timer.obj (.text:TimerIntClear)
                  00003b40    00000004                   : uart.obj (.text:UARTIntClear)
                  00003b44    00000004     rtsv7M4_T_le_v4SPD16_eabi.lib : pre_init.obj (.text)

.const     0    00003b48    00000566     
                  00003b48    0000023a     driver_lcd.obj (.const:font)
                  00003d82    00000002     --HOLE-- [fill = 0]
                  00003d84    0000009c     driverlib.lib : interrupt.obj (.const:g_pui32Regs)
                  00003e20    00000098     rtsv7M4_T_le_v4SPD16_eabi.lib : s_atan.obj (.const:$O1$$)
                  00003eb8    00000090     driverlib.lib : gpio.obj (.const:g_pui32GPIOBaseAddrs)
                  00003f48    00000070                   : interrupt.obj (.const)
                  00003fb8    0000006c                   : sysctl.obj (.const:g_pui32Xtals)
                  00004024    00000040                   : uart.obj (.const:g_ppui32UARTIntMap)
                  00004064    00000040                   : uart.obj (.const:g_ppui32UARTIntMapSnowflake)
                  000040a4    00000005     driver_lcd.obj (.const:.string:$P$T0$1)
                  000040a9    00000005     driver_lcd.obj (.const:.string:$P$T1$2)

.cinit     0    000040b0    00000090     
                  000040b0    0000005b     (.cinit..data.load) [load image, compression = lzss]
                  0000410b    00000001     --HOLE-- [fill = 0]
                  0000410c    0000000c     (__TI_handler_table)
                  00004118    00000008     (.cinit..bss.load) [load image, compression = zero_init]
                  00004120    00000008     (.cinit..vtable.load) [load image, compression = zero_init]
                  00004128    00000018     (__TI_cinit_table)

.init_array 
*          0    00000000    00000000     UNINITIALIZED

.vtable    0    20000000    0000026c     UNINITIALIZED
                  20000000    0000026c     driverlib.lib : interrupt.obj (.vtable)

.stack     0    2000026c    00000800     UNINITIALIZED
                  2000026c    00000800     --HOLE--

.bss       0    20000a70    0000077e     UNINITIALIZED
                  20000a70    00000208     (.common:Motion)
                  20000c78    00000204     (.common:SpiCom)
                  20000e7c    00000028     (.common:ACCX)
                  20000ea4    00000028     (.common:ACCY)
                  20000ecc    00000028     (.common:ACCZ)
                  20000ef4    00000028     (.common:ASAX)
                  20000f1c    00000028     (.common:ASAY)
                  20000f44    00000028     (.common:ASAZ)
                  20000f6c    00000028     (.common:GYRX)
                  20000f94    00000028     (.common:GYRY)
                  20000fbc    00000028     (.common:GYRZ)
                  20000fe4    00000028     (.common:GetMode)
                  2000100c    00000028     (.common:MagX)
                  20001034    00000028     (.common:MagY)
                  2000105c    00000028     (.common:MagZ)
                  20001084    00000028     (.common:ResetMag)
                  200010ac    00000028     (.common:WHOAMI)
                  200010d4    00000028     (.common:WHOIAM)
                  200010fc    00000015     (.common:Bypass)
                  20001111    00000015     (.common:BypassOff)
                  20001126    00000015     (.common:Conf)
                  2000113b    00000015     (.common:Reset)
                  20001150    00000015     (.common:SetMode)
                  20001165    00000003     (.common:Init)
                  20001168    00000014     (.common:ADC1)
                  2000117c    0000000f     (.common:RxData)
                  2000118b    0000000f     (.common:SensData)
                  2000119a    00000006     (.common:Tester)
                  200011a0    00000008     (.common:Hx)
                  200011a8    00000008     (.common:Hx_f)
                  200011b0    00000008     (.common:Hy)
                  200011b8    00000008     (.common:Hy_f)
                  200011c0    00000008     (.common:Hz)
                  200011c8    00000008     (.common:Hz_f)
                  200011d0    00000004     (.common:Period)
                  200011d4    00000004     (.common:act_data)
                  200011d8    00000004     (.common:currentstate)
                  200011dc    00000004     (.common:dCSteering)
                  200011e0    00000004     (.common:dCThrottle)
                  200011e4    00000004     (.common:nextstate)
                  200011e8    00000004     (.common:phi)
                  200011ec    00000002     (.common:Buttons)

.data      0    200011f0    00000124     UNINITIALIZED
                  200011f0    00000083     main.obj (.data)
                  20001273    00000001     --HOLE--
                  20001274    00000004     hal_uart.obj (.data)
                  20001278    00000040     Interrupts.obj (.data)
                  200012b8    00000020     driver_gyro.obj (.data)
                  200012d8    00000014     driver_aktorik.obj (.data)
                  200012ec    0000000c     rtsv7M4_T_le_v4SPD16_eabi.lib : exit.obj (.data:$O1$$)
                  200012f8    00000009     driver_lcd.obj (.data:Init2Arr)
                  20001301    00000003     --HOLE--
                  20001304    00000008     rtsv7M4_T_le_v4SPD16_eabi.lib : _lock.obj (.data:$O1$$)
                  2000130c    00000004     hal_usc.obj (.data)
                  20001310    00000004     rtsv7M4_T_le_v4SPD16_eabi.lib : stkdepth_vars.obj (.data)

MODULE SUMMARY

       Module                         code    ro data   rw data
       ------                         ----    -------   -------
    .\
       main.obj                       1140    0         131    
       tm4c123gh6pm_startup_ccs.obj   88      620       0      
    +--+------------------------------+-------+---------+---------+
       Total:                         1228    620       131    
                                                               
    .\DL\
       driver_gyro.obj                2220    0         829    
       driver_lcd.obj                 1508    580       9      
       driver_aktorik.obj             556     0         20     
       driver_RF.obj                  504     0         24     
       driver_general.obj             22      0         0      
    +--+------------------------------+-------+---------+---------+
       Total:                         4810    580       882    
                                                               
    .\HAL\
       hal_general.obj                40      0         1036   
       hal_i2c.obj                    800     0         12     
       hal_gpio.obj                   500     0         0      
       hal_uart.obj                   320     0         19     
       hal_timerA1.obj                260     0         12     
       hal_usciB1.obj                 196     0         0      
       hal_ultrasdrive.obj            156     0         0      
       Interrupts.obj                 28      0         66     
       hal_timerB0.obj                84      0         0      
       hal_usc.obj                    28      0         4      
       hal_adc12.obj                  0       0         20     
    +--+------------------------------+-------+---------+---------+
       Total:                         2412    0         1169   
                                                               
    C:/ti/TivaWare_C_Series-2.1.4.178/driverlib/ccs/Debug/driverlib.lib
       interrupt.obj                  208     268       620    
       sysctl.obj                     730     108       0      
       gpio.obj                       540     144       0      
       uart.obj                       274     128       0      
       pwm.obj                        334     0         0      
       timer.obj                      146     0         0      
       i2c.obj                        128     0         0      
       ssi.obj                        88      0         0      
       cpu.obj                        12      0         0      
    +--+------------------------------+-------+---------+---------+
       Total:                         2460    648       620    
                                                               
    C:\ti\ccsv7\tools\compiler\ti-cgt-arm_16.9.1.LTS\lib\rtsv7M4_T_le_v4SPD16_eabi.lib
       s_atan.obj                     748     152       0      
       e_atan2.obj                    492     0         0      
       fd_add_t2.obj                  438     0         0      
       fd_div_t2.obj                  310     0         0      
       fd_cmp_t2.obj                  268     0         0      
       fd_mul_t2.obj                  252     0         0      
       memcpy_t2.obj                  156     0         0      
       memset_t2.obj                  122     0         0      
       autoinit.obj                   112     0         0      
       fd_tos_t2.obj                  110     0         0      
       copy_decompress_lzss.obj       104     0         0      
       exit.obj                       84      0         12     
       boot.obj                       84      0         0      
       cpy_tbl.obj                    76      0         0      
       fd_tou_t2.obj                  68      0         0      
       fs_tod_t2.obj                  56      0         0      
       i_tofd_t2.obj                  46      0         0      
       u_tofd_t2.obj                  32      0         0      
       _lock.obj                      20      0         8      
       args_main.obj                  24      0         0      
       copy_decompress_none.obj       14      0         0      
       copy_zero_init.obj             12      0         0      
       pre_init.obj                   4       0         0      
       stkdepth_vars.obj              0       0         4      
       mpu_init.obj                   2       0         0      
       startup.obj                    2       0         0      
    +--+------------------------------+-------+---------+---------+
       Total:                         3636    152       24     
                                                               
       Stack:                         0       0         2048   
       Linker Generated:              0       143       0      
    +--+------------------------------+-------+---------+---------+
       Grand Total:                   14546   2143      4874   


LINKER GENERATED COPY TABLES

__TI_cinit_table @ 00004128 records: 3, size/record: 8, table size: 24
	.data: load addr=000040b0, load size=0000005b bytes, run addr=200011f0, run size=00000124 bytes, compression=lzss
	.bss: load addr=00004118, load size=00000008 bytes, run addr=20000a70, run size=0000077e bytes, compression=zero_init
	.vtable: load addr=00004120, load size=00000008 bytes, run addr=20000000, run size=0000026c bytes, compression=zero_init


LINKER GENERATED HANDLER TABLE

__TI_handler_table @ 0000410c records: 3, size/record: 4, table size: 12
	index: 0, handler: __TI_zero_init
	index: 1, handler: __TI_decompress_lzss
	index: 2, handler: __TI_decompress_none


GLOBAL SYMBOLS: SORTED ALPHABETICALLY BY Name 

address   name                           
-------   ----                           
20000e7c  ACCX                           
20000ea4  ACCY                           
20000ecc  ACCZ                           
20001168  ADC1                           
20000ef4  ASAX                           
20000f1c  ASAY                           
20000f44  ASAZ                           
200011ec  Buttons                        
200010fc  Bypass                         
20001111  BypassOff                      
00003429  C$$EXIT                        
00003a69  CPUcpsie                       
2000130c  Clockrate                      
20001126  Conf                           
20001272  Corner                         
200012a8  Count                          
0000026d  DL_Motion_Init                 
20001260  DeltaDist                      
2000129c  DirSample                      
20001250  DiskretEn                      
00001c21  Driver_ESCInit                 
0000394d  Driver_Init                    
00000be7  Driver_LCD_Clear               
00000cad  Driver_LCD_Clearpage           
00000d13  Driver_LCD_Clearspace          
00000b9f  Driver_LCD_Init                
00000d95  Driver_LCD_SetPosition         
00000b19  Driver_LCD_WriteCommand        
00000ded  Driver_LCD_WriteString         
00000ee5  Driver_LCD_WriteUInt           
00001d4f  Driver_PWMInit                 
00001d03  Driver_SetBack                 
00001cb7  Driver_SetBrake                
00001b7d  Driver_SetSteering             
00001c6d  Driver_SetThrottle             
20001220  ESpeed                         
200011f8  Excel                          
000037bb  GPIODirModeSet                 
000027af  GPIOPadConfigSet               
00003565  GPIOPinConfigure               
000038ed  GPIOPinTypeGPIOOutput          
000039a1  GPIOPinTypeI2C                 
000039b3  GPIOPinTypeI2CSCL              
000039c5  GPIOPinTypePWM                 
000039d7  GPIOPinTypeSSI                 
000039e9  GPIOPinTypeUART                
00003b15  GPIOPinWrite                   
20000f6c  GYRX                           
20000f94  GYRY                           
20000fbc  GYRZ                           
00000669  GetMagData                     
20000fe4  GetMode                        
000015b5  GetSlaveData                   
00001fa1  HAL_GPIO_Init                  
00001571  HAL_I2C_Init                   
000037e5  HAL_Init                       
000029f1  HAL_TimerA1_Init               
00003381  HAL_TimerB0_Init               
000038d1  HAL_UCS_Init                   
00002ce5  HAL_USCIB1_Init                
00002d21  HAL_USCIB1_Transmit            
20001254  HardBraking                    
200011a0  Hx                             
200011a8  Hx_f                           
200012c0  Hx_last                        
200011b0  Hy                             
200011b8  Hy_f                           
200012c8  Hy_last                        
200011c0  Hz                             
200011c8  Hz_f                           
200012d0  Hz_last                        
00003add  I2CMasterBusy                  
00003b2d  I2CMasterControl               
00003b31  I2CMasterDataGet               
00003b35  I2CMasterDataPut               
00003a8d  I2CMasterEnable                
000034cd  I2CMasterInitExpClk            
00003b39  I2CMasterIntClearEx            
000017b9  I2CMasterIntHandler            
00003a97  I2CMasterIntStatusEx           
00003ae5  I2CMasterSlaveAddrSet          
000017b1  I2CMasterTXHandler             
20001165  Init                           
200012f8  Init2Arr                       
000031f9  IntEnable                      
00003a1f  IntMasterEnable                
0000380d  IntPrioritySet                 
00003725  IntRegister                    
200011fc  KPID                           
2000120c  KdSpeed                        
20001208  KiSpeed                        
20001204  KpSpeed                        
2000126c  LastDeltaDist                  
20001228  LastESpeed                     
20001224  LastSpeed                      
20001234  LastSpeedDes                   
2000121c  LastValueFront                 
20001214  LastValueLeft                  
20001218  LastValueRight                 
20001240  LastiSpeed                     
2000100c  MagX                           
20001034  MagY                           
2000105c  MagZ                           
20000a70  Motion                         
00003335  PWM1IntHandler                 
00003831  PWMGenConfigure                
00003a75  PWMGenEnable                   
00003b1b  PWMGenIntClear                 
00003905  PWMGenIntRegister              
00003aa1  PWMGenIntTrigEnable            
00003a2f  PWMGenPeriodSet                
00003aed  PWMIntEnable                   
000039fb  PWMOutputState                 
00003895  PWMPulseWidthSet               
200011d0  Period                         
200012a0  PeriodCount                    
20001298  PeriodSample                   
20001290  PeriodTime                     
00001da9  RF_Init                        
2000113b  Reset                          
00003329  ResetISR                       
20001084  ResetMag                       
2000117c  RxData                         
00001ea7  RxStuff                        
UNDEFED   SHT$$INIT_ARRAY$$Base          
UNDEFED   SHT$$INIT_ARRAY$$Limit         
00003af5  SSIBusy                        
00003679  SSIConfigSetExpClk             
00003aab  SSIDataPut                     
00003ab5  SSIEnable                      
200012b0  SampleCounter                  
0000173f  SendCommand                    
00001f07  SendSensorData                 
2000118b  SensData                       
20001150  SetMode                        
2000123c  Speed                          
20001230  SpeedDes                       
20001284  SpeedDir                       
20001280  SpeedReady                     
200012ac  SpeedSamp                      
20001238  Speedf                         
20000c78  SpiCom                         
2000124c  StartupC                       
20001258  Steer                          
000028e1  SysCtlClockGet                 
00002bf1  SysCtlClockSet                 
00003b21  SysCtlDelay                    
00003965  SysCtlPWMClockSet              
00003759  SysCtlPeripheralEnable         
000036b5  SysCtlPeripheralReady          
0000347d  SysCtlPeripheralReset          
2000119a  Tester                         
20001288  Timeout                        
000038b5  Timer0BIntHandler              
00003b27  TimerClockSourceSet            
000032c9  TimerConfigure                 
00003a3f  TimerEnable                    
00003b3d  TimerIntClear                  
00003afd  TimerIntEnable                 
00003a0d  TimerLoadSet                   
20001210  Tryoutcount                    
00002589  TxData                         
00003b05  UARTBusy                       
00003abf  UARTCharGet                    
00003ac9  UARTCharPut                    
00003a4d  UARTCharsAvail                 
000035ad  UARTConfigSetExpClk            
00003855  UARTDisable                    
00003979  UARTEnable                     
00003b41  UARTIntClear                   
00003b0d  UARTIntEnable                  
000025e5  UARTIntHandler                 
0000391d  UARTIntRegister                
00003ad3  UARTIntStatus                  
00002e59  UltrasonicDriverInit           
200010ac  WHOAMI                         
200010d4  WHOIAM                         
20000a6c  __STACK_END                    
00000800  __STACK_SIZE                   
2000046c  __STACK_TOP                    
00004128  __TI_CINIT_Base                
00004140  __TI_CINIT_Limit               
0000410c  __TI_Handler_Table_Base        
00004118  __TI_Handler_Table_Limit       
00003119  __TI_auto_init                 
200012ec  __TI_cleanup_ptr               
00003261  __TI_decompress_lzss           
00003a5b  __TI_decompress_none           
200012f0  __TI_dtors_ptr                 
200012f4  __TI_enable_exit_profile_output
ffffffff  __TI_pprof_out_hndl            
ffffffff  __TI_prof_data_size            
ffffffff  __TI_prof_data_start           
00000000  __TI_static_base__             
00003a81  __TI_zero_init                 
00002f91  __aeabi_cdcmpeq                
00002f91  __aeabi_cdcmple                
00003017  __aeabi_cdrcmple               
00003189  __aeabi_d2f                    
000035f3  __aeabi_d2uiz                  
0000238b  __aeabi_dadd                   
00002679  __aeabi_ddiv                   
00002af5  __aeabi_dmul                   
00002381  __aeabi_dsub                   
000036ed  __aeabi_f2d                    
0000378d  __aeabi_i2d                    
0000309d  __aeabi_memclr                 
0000309d  __aeabi_memclr4                
0000309d  __aeabi_memclr8                
00002ef5  __aeabi_memcpy                 
00002ef5  __aeabi_memcpy4                
00002ef5  __aeabi_memcpy8                
0000309f  __aeabi_memset                 
0000309f  __aeabi_memset4                
0000309f  __aeabi_memset8                
00003875  __aeabi_ui2d                   
ffffffff  __binit__                      
ffffffff  __c_args__                     
00002537  __mpu_init                     
2000026c  __stack                        
00003935  _args_main                     
000033d5  _c_int00                       
20001304  _lock                          
0000399b  _nop                           
00003993  _register_lock                 
0000398d  _register_unlock               
00003117  _system_post_cinit             
00003b45  _system_pre_init               
20001308  _unlock                        
0000342d  abort                          
200011d4  act_data                       
00001891  atan                           
00002195  atan2                          
00002195  atan2l                         
00001891  atanl                          
ffffffff  binit                          
00003519  copy_in                        
2000127c  counterz                       
200011d8  currentstate                   
200011dc  dCSteering                     
200011e0  dCThrottle                     
20001264  dDelta                         
20001248  didit                          
200011f0  dir                            
2000125c  drive                          
00003435  exit                           
00003b48  font                           
20000000  g_pfnRAMVectors                
00000000  g_pfnVectors                   
00002539  hal_uart_init                  
20001244  iSpeed                         
200011f4  icounter                       
200012b8  init1                          
20001278  initcounter                    
20001274  initfin                        
00000ff9  itoa                           
200012a4  lastCount                      
20001200  lastKPID                       
20001271  laststate                      
20001268  line_des                       
000010fd  main                           
20001310  main_func_sp                   
00002ef5  memcpy                         
000030a5  memset                         
200011e4  nextstate                      
200011e8  phi                            
2000122c  pwmOut                         
200012b4  state                          
200012d8  state_akt                      
20001270  statecase                      


GLOBAL SYMBOLS: SORTED BY Symbol Address 

address   name                           
-------   ----                           
00000000  __TI_static_base__             
00000000  g_pfnVectors                   
0000026d  DL_Motion_Init                 
00000669  GetMagData                     
00000800  __STACK_SIZE                   
00000b19  Driver_LCD_WriteCommand        
00000b9f  Driver_LCD_Init                
00000be7  Driver_LCD_Clear               
00000cad  Driver_LCD_Clearpage           
00000d13  Driver_LCD_Clearspace          
00000d95  Driver_LCD_SetPosition         
00000ded  Driver_LCD_WriteString         
00000ee5  Driver_LCD_WriteUInt           
00000ff9  itoa                           
000010fd  main                           
00001571  HAL_I2C_Init                   
000015b5  GetSlaveData                   
0000173f  SendCommand                    
000017b1  I2CMasterTXHandler             
000017b9  I2CMasterIntHandler            
00001891  atan                           
00001891  atanl                          
00001b7d  Driver_SetSteering             
00001c21  Driver_ESCInit                 
00001c6d  Driver_SetThrottle             
00001cb7  Driver_SetBrake                
00001d03  Driver_SetBack                 
00001d4f  Driver_PWMInit                 
00001da9  RF_Init                        
00001ea7  RxStuff                        
00001f07  SendSensorData                 
00001fa1  HAL_GPIO_Init                  
00002195  atan2                          
00002195  atan2l                         
00002381  __aeabi_dsub                   
0000238b  __aeabi_dadd                   
00002537  __mpu_init                     
00002539  hal_uart_init                  
00002589  TxData                         
000025e5  UARTIntHandler                 
00002679  __aeabi_ddiv                   
000027af  GPIOPadConfigSet               
000028e1  SysCtlClockGet                 
000029f1  HAL_TimerA1_Init               
00002af5  __aeabi_dmul                   
00002bf1  SysCtlClockSet                 
00002ce5  HAL_USCIB1_Init                
00002d21  HAL_USCIB1_Transmit            
00002e59  UltrasonicDriverInit           
00002ef5  __aeabi_memcpy                 
00002ef5  __aeabi_memcpy4                
00002ef5  __aeabi_memcpy8                
00002ef5  memcpy                         
00002f91  __aeabi_cdcmpeq                
00002f91  __aeabi_cdcmple                
00003017  __aeabi_cdrcmple               
0000309d  __aeabi_memclr                 
0000309d  __aeabi_memclr4                
0000309d  __aeabi_memclr8                
0000309f  __aeabi_memset                 
0000309f  __aeabi_memset4                
0000309f  __aeabi_memset8                
000030a5  memset                         
00003117  _system_post_cinit             
00003119  __TI_auto_init                 
00003189  __aeabi_d2f                    
000031f9  IntEnable                      
00003261  __TI_decompress_lzss           
000032c9  TimerConfigure                 
00003329  ResetISR                       
00003335  PWM1IntHandler                 
00003381  HAL_TimerB0_Init               
000033d5  _c_int00                       
00003429  C$$EXIT                        
0000342d  abort                          
00003435  exit                           
0000347d  SysCtlPeripheralReset          
000034cd  I2CMasterInitExpClk            
00003519  copy_in                        
00003565  GPIOPinConfigure               
000035ad  UARTConfigSetExpClk            
000035f3  __aeabi_d2uiz                  
00003679  SSIConfigSetExpClk             
000036b5  SysCtlPeripheralReady          
000036ed  __aeabi_f2d                    
00003725  IntRegister                    
00003759  SysCtlPeripheralEnable         
0000378d  __aeabi_i2d                    
000037bb  GPIODirModeSet                 
000037e5  HAL_Init                       
0000380d  IntPrioritySet                 
00003831  PWMGenConfigure                
00003855  UARTDisable                    
00003875  __aeabi_ui2d                   
00003895  PWMPulseWidthSet               
000038b5  Timer0BIntHandler              
000038d1  HAL_UCS_Init                   
000038ed  GPIOPinTypeGPIOOutput          
00003905  PWMGenIntRegister              
0000391d  UARTIntRegister                
00003935  _args_main                     
0000394d  Driver_Init                    
00003965  SysCtlPWMClockSet              
00003979  UARTEnable                     
0000398d  _register_unlock               
00003993  _register_lock                 
0000399b  _nop                           
000039a1  GPIOPinTypeI2C                 
000039b3  GPIOPinTypeI2CSCL              
000039c5  GPIOPinTypePWM                 
000039d7  GPIOPinTypeSSI                 
000039e9  GPIOPinTypeUART                
000039fb  PWMOutputState                 
00003a0d  TimerLoadSet                   
00003a1f  IntMasterEnable                
00003a2f  PWMGenPeriodSet                
00003a3f  TimerEnable                    
00003a4d  UARTCharsAvail                 
00003a5b  __TI_decompress_none           
00003a69  CPUcpsie                       
00003a75  PWMGenEnable                   
00003a81  __TI_zero_init                 
00003a8d  I2CMasterEnable                
00003a97  I2CMasterIntStatusEx           
00003aa1  PWMGenIntTrigEnable            
00003aab  SSIDataPut                     
00003ab5  SSIEnable                      
00003abf  UARTCharGet                    
00003ac9  UARTCharPut                    
00003ad3  UARTIntStatus                  
00003add  I2CMasterBusy                  
00003ae5  I2CMasterSlaveAddrSet          
00003aed  PWMIntEnable                   
00003af5  SSIBusy                        
00003afd  TimerIntEnable                 
00003b05  UARTBusy                       
00003b0d  UARTIntEnable                  
00003b15  GPIOPinWrite                   
00003b1b  PWMGenIntClear                 
00003b21  SysCtlDelay                    
00003b27  TimerClockSourceSet            
00003b2d  I2CMasterControl               
00003b31  I2CMasterDataGet               
00003b35  I2CMasterDataPut               
00003b39  I2CMasterIntClearEx            
00003b3d  TimerIntClear                  
00003b41  UARTIntClear                   
00003b45  _system_pre_init               
00003b48  font                           
0000410c  __TI_Handler_Table_Base        
00004118  __TI_Handler_Table_Limit       
00004128  __TI_CINIT_Base                
00004140  __TI_CINIT_Limit               
20000000  g_pfnRAMVectors                
2000026c  __stack                        
2000046c  __STACK_TOP                    
20000a6c  __STACK_END                    
20000a70  Motion                         
20000c78  SpiCom                         
20000e7c  ACCX                           
20000ea4  ACCY                           
20000ecc  ACCZ                           
20000ef4  ASAX                           
20000f1c  ASAY                           
20000f44  ASAZ                           
20000f6c  GYRX                           
20000f94  GYRY                           
20000fbc  GYRZ                           
20000fe4  GetMode                        
2000100c  MagX                           
20001034  MagY                           
2000105c  MagZ                           
20001084  ResetMag                       
200010ac  WHOAMI                         
200010d4  WHOIAM                         
200010fc  Bypass                         
20001111  BypassOff                      
20001126  Conf                           
2000113b  Reset                          
20001150  SetMode                        
20001165  Init                           
20001168  ADC1                           
2000117c  RxData                         
2000118b  SensData                       
2000119a  Tester                         
200011a0  Hx                             
200011a8  Hx_f                           
200011b0  Hy                             
200011b8  Hy_f                           
200011c0  Hz                             
200011c8  Hz_f                           
200011d0  Period                         
200011d4  act_data                       
200011d8  currentstate                   
200011dc  dCSteering                     
200011e0  dCThrottle                     
200011e4  nextstate                      
200011e8  phi                            
200011ec  Buttons                        
200011f0  dir                            
200011f4  icounter                       
200011f8  Excel                          
200011fc  KPID                           
20001200  lastKPID                       
20001204  KpSpeed                        
20001208  KiSpeed                        
2000120c  KdSpeed                        
20001210  Tryoutcount                    
20001214  LastValueLeft                  
20001218  LastValueRight                 
2000121c  LastValueFront                 
20001220  ESpeed                         
20001224  LastSpeed                      
20001228  LastESpeed                     
2000122c  pwmOut                         
20001230  SpeedDes                       
20001234  LastSpeedDes                   
20001238  Speedf                         
2000123c  Speed                          
20001240  LastiSpeed                     
20001244  iSpeed                         
20001248  didit                          
2000124c  StartupC                       
20001250  DiskretEn                      
20001254  HardBraking                    
20001258  Steer                          
2000125c  drive                          
20001260  DeltaDist                      
20001264  dDelta                         
20001268  line_des                       
2000126c  LastDeltaDist                  
20001270  statecase                      
20001271  laststate                      
20001272  Corner                         
20001274  initfin                        
20001278  initcounter                    
2000127c  counterz                       
20001280  SpeedReady                     
20001284  SpeedDir                       
20001288  Timeout                        
20001290  PeriodTime                     
20001298  PeriodSample                   
2000129c  DirSample                      
200012a0  PeriodCount                    
200012a4  lastCount                      
200012a8  Count                          
200012ac  SpeedSamp                      
200012b0  SampleCounter                  
200012b4  state                          
200012b8  init1                          
200012c0  Hx_last                        
200012c8  Hy_last                        
200012d0  Hz_last                        
200012d8  state_akt                      
200012ec  __TI_cleanup_ptr               
200012f0  __TI_dtors_ptr                 
200012f4  __TI_enable_exit_profile_output
200012f8  Init2Arr                       
20001304  _lock                          
20001308  _unlock                        
2000130c  Clockrate                      
20001310  main_func_sp                   
ffffffff  __TI_pprof_out_hndl            
ffffffff  __TI_prof_data_size            
ffffffff  __TI_prof_data_start           
ffffffff  __binit__                      
ffffffff  __c_args__                     
ffffffff  binit                          
UNDEFED   SHT$$INIT_ARRAY$$Base          
UNDEFED   SHT$$INIT_ARRAY$$Limit         

[270 symbols]
