******************************************************************************
                  TI ARM Linker PC v15.12.3                    
******************************************************************************
>> Linked Wed Jun 07 11:03:46 2017

OUTPUT FILE NAME:   <CrazyCar2.out>
ENTRY POINT SYMBOL: "_c_int00"  address: 000030dd


MEMORY CONFIGURATION

         name            origin    length      used     unused   attr    fill
----------------------  --------  ---------  --------  --------  ----  --------
  FLASH                 00000000   00040000  00003e68  0003c198  R  X
  SRAM                  20000000   00008000  00001312  00006cee  RW X


SEGMENT ALLOCATION MAP

run origin  load origin   length   init length attrs members
----------  ----------- ---------- ----------- ----- -------
00000000    00000000    00003e6c   00003e6c    r-x
  00000000    00000000    0000026c   0000026c    r-- .intvecs
  0000026c    0000026c    000035f2   000035f2    r-x .text
  00003860    00003860    00000566   00000566    r-- .const
  00003dc8    00003dc8    000000a4   000000a4    r-- .cinit
20000000    20000000    00001318   00000000    rw-
  20000000    20000000    0000026c   00000000    rw- .vtable
  2000026c    2000026c    00000800   00000000    rw- .stack
  20000a70    20000a70    0000077e   00000000    rw- .bss
  200011f0    200011f0    00000128   00000000    rw- .data


SECTION ALLOCATION MAP

 output                                  attributes/
section   page    origin      length       input sections
--------  ----  ----------  ----------   ----------------
.intvecs   0    00000000    0000026c     
                  00000000    0000026c     tm4c123gh6pm_startup_ccs.obj (.intvecs)

.text      0    0000026c    000035f2     
                  0000026c    000008ac     driver_gyro.obj (.text)
                  00000b18    000005f4     driver_lcd.obj (.text)
                  0000110c    00000320     hal_i2c.obj (.text)
                  0000142c    000002ec     rtsv7M4_T_le_v4SPD16_eabi.lib : s_atan.obj (.text)
                  00001718    0000022c     driver_aktorik.obj (.text)
                  00001944    000001f8     driver_RF.obj (.text)
                  00001b3c    000001f4     hal_gpio.obj (.text)
                  00001d30    000001ec     rtsv7M4_T_le_v4SPD16_eabi.lib : e_atan2.obj (.text)
                  00001f1c    000001b6                                   : fd_add_t2.obj (.text)
                  000020d2    00000002                                   : mpu_init.obj (.text)
                  000020d4    0000015c     main.obj (.text)
                  00002230    00000140     hal_uart.obj (.text)
                  00002370    00000136     rtsv7M4_T_le_v4SPD16_eabi.lib : fd_div_t2.obj (.text)
                  000024a6    00000132     driverlib.lib : gpio.obj (.text:GPIOPadConfigSet)
                  000025d8    00000110                   : sysctl.obj (.text:SysCtlClockGet)
                  000026e8    00000104     hal_timerA1.obj (.text)
                  000027ec    00000104     hal_ultrasdrive.obj (.text)
                  000028f0    000000fc     rtsv7M4_T_le_v4SPD16_eabi.lib : fd_mul_t2.obj (.text)
                  000029ec    000000f4     driverlib.lib : sysctl.obj (.text:SysCtlClockSet)
                  00002ae0    000000c4     hal_usciB1.obj (.text)
                  00002ba4    000000b0     driverlib.lib : pwm.obj (.text:_PWMGenIntNumberGet)
                  00002c54    0000009c     rtsv7M4_T_le_v4SPD16_eabi.lib : memcpy_t2.obj (.text)
                  00002cf0    00000086                                   : fd_cmp_t2.obj (.text:__aeabi_cdcmple)
                  00002d76    00000086                                   : fd_cmp_t2.obj (.text:__aeabi_cdrcmple)
                  00002dfc    0000007a                                   : memset_t2.obj (.text)
                  00002e76    00000002                                   : startup.obj (.text)
                  00002e78    00000070                                   : autoinit.obj (.text)
                  00002ee8    0000006e                                   : fd_tos_t2.obj (.text)
                  00002f56    0000006a                                   : copy_decompress_rle.obj (.text)
                  00002fc0    00000068     driverlib.lib : interrupt.obj (.text:IntEnable)
                  00003028    00000060                   : timer.obj (.text:TimerConfigure)
                  00003088    00000054     hal_timerB0.obj (.text)
                  000030dc    00000054     rtsv7M4_T_le_v4SPD16_eabi.lib : boot.obj (.text)
                  00003130    00000054                                   : exit.obj (.text)
                  00003184    00000050     driverlib.lib : sysctl.obj (.text:SysCtlPeripheralReset)
                  000031d4    0000004c                   : i2c.obj (.text:I2CMasterInitExpClk)
                  00003220    0000004c     rtsv7M4_T_le_v4SPD16_eabi.lib : cpy_tbl.obj (.text)
                  0000326c    0000004c     tm4c123gh6pm_startup_ccs.obj (.text)
                  000032b8    00000048     driverlib.lib : gpio.obj (.text:GPIOPinConfigure)
                  00003300    00000046                   : uart.obj (.text:UARTConfigSetExpClk)
                  00003346    00000002     --HOLE-- [fill = 0]
                  00003348    00000040                   : uart.obj (.text:_UARTIntNumberGet)
                  00003388    0000003c                   : ssi.obj (.text:SSIConfigSetExpClk)
                  000033c4    00000038                   : sysctl.obj (.text:SysCtlPeripheralReady)
                  000033fc    00000038     rtsv7M4_T_le_v4SPD16_eabi.lib : fs_tod_t2.obj (.text)
                  00003434    00000034     driverlib.lib : interrupt.obj (.text:IntRegister)
                  00003468    00000034                   : sysctl.obj (.text:SysCtlPeripheralEnable)
                  0000349c    0000002e     rtsv7M4_T_le_v4SPD16_eabi.lib : i_tofd_t2.obj (.text)
                  000034ca    0000002a     driverlib.lib : gpio.obj (.text:GPIODirModeSet)
                  000034f4    00000028     hal_general.obj (.text)
                  0000351c    00000024     driverlib.lib : interrupt.obj (.text:IntPrioritySet)
                  00003540    00000022                   : pwm.obj (.text:PWMGenConfigure)
                  00003562    00000002     --HOLE-- [fill = 0]
                  00003564    00000020                   : uart.obj (.text:UARTDisable)
                  00003584    00000020     rtsv7M4_T_le_v4SPD16_eabi.lib : u_tofd_t2.obj (.text)
                  000035a4    0000001e     driverlib.lib : pwm.obj (.text:PWMPulseWidthSet)
                  000035c2    00000002     --HOLE-- [fill = 0]
                  000035c4    0000001c     Interrupts.obj (.text)
                  000035e0    0000001c     hal_usc.obj (.text)
                  000035fc    00000018     driverlib.lib : gpio.obj (.text:GPIOPinTypeGPIOOutput)
                  00003614    00000018                   : pwm.obj (.text:PWMGenIntRegister)
                  0000362c    00000018                   : uart.obj (.text:UARTIntRegister)
                  00003644    00000018     rtsv7M4_T_le_v4SPD16_eabi.lib : args_main.obj (.text)
                  0000365c    00000016     driver_general.obj (.text)
                  00003672    00000002     --HOLE-- [fill = 0]
                  00003674    00000014     driverlib.lib : sysctl.obj (.text:SysCtlPWMClockSet)
                  00003688    00000014                   : uart.obj (.text:UARTEnable)
                  0000369c    00000014     rtsv7M4_T_le_v4SPD16_eabi.lib : _lock.obj (.text)
                  000036b0    00000012     driverlib.lib : gpio.obj (.text:GPIOPinTypeI2C)
                  000036c2    00000012                   : gpio.obj (.text:GPIOPinTypeI2CSCL)
                  000036d4    00000012                   : gpio.obj (.text:GPIOPinTypePWM)
                  000036e6    00000012                   : gpio.obj (.text:GPIOPinTypeSSI)
                  000036f8    00000012                   : gpio.obj (.text:GPIOPinTypeUART)
                  0000370a    00000012                   : pwm.obj (.text:PWMOutputState)
                  0000371c    00000012                   : timer.obj (.text:TimerLoadSet)
                  0000372e    00000010                   : interrupt.obj (.text:IntMasterEnable)
                  0000373e    00000010                   : pwm.obj (.text:PWMGenPeriodSet)
                  0000374e    0000000e                   : timer.obj (.text:TimerEnable)
                  0000375c    0000000e                   : uart.obj (.text:UARTCharsAvail)
                  0000376a    0000000e     rtsv7M4_T_le_v4SPD16_eabi.lib : copy_decompress_none.obj (.text:decompress:none)
                  00003778    0000000c     driverlib.lib : cpu.obj (.text:CPUcpsie)
                  00003784    0000000c                   : pwm.obj (.text:PWMGenDisable)
                  00003790    0000000c                   : pwm.obj (.text:PWMGenEnable)
                  0000379c    0000000a                   : i2c.obj (.text:I2CMasterEnable)
                  000037a6    0000000a                   : i2c.obj (.text:I2CMasterIntStatusEx)
                  000037b0    0000000a                   : pwm.obj (.text:PWMGenIntTrigEnable)
                  000037ba    0000000a                   : ssi.obj (.text:SSIDataPut)
                  000037c4    0000000a                   : ssi.obj (.text:SSIEnable)
                  000037ce    0000000a                   : uart.obj (.text:UARTCharGet)
                  000037d8    0000000a                   : uart.obj (.text:UARTCharPut)
                  000037e2    0000000a                   : uart.obj (.text:UARTIntStatus)
                  000037ec    00000008                   : i2c.obj (.text:I2CMasterBusy)
                  000037f4    00000008                   : i2c.obj (.text:I2CMasterSlaveAddrSet)
                  000037fc    00000008                   : pwm.obj (.text:PWMIntEnable)
                  00003804    00000008                   : ssi.obj (.text:SSIBusy)
                  0000380c    00000008                   : timer.obj (.text:TimerIntEnable)
                  00003814    00000008                   : uart.obj (.text:UARTBusy)
                  0000381c    00000008                   : uart.obj (.text:UARTIntEnable)
                  00003824    00000006                   : gpio.obj (.text:GPIOPinWrite)
                  0000382a    00000006                   : pwm.obj (.text:PWMGenIntClear)
                  00003830    00000006                   : sysctl.obj (.text:SysCtlDelay)
                  00003836    00000006                   : timer.obj (.text:TimerClockSourceSet)
                  0000383c    00000006     rtsv7M4_T_le_v4SPD16_eabi.lib : copy_decompress_rle.obj (.text:decompress:rle24)
                  00003842    00000004     driverlib.lib : i2c.obj (.text:I2CMasterControl)
                  00003846    00000004                   : i2c.obj (.text:I2CMasterDataGet)
                  0000384a    00000004                   : i2c.obj (.text:I2CMasterDataPut)
                  0000384e    00000004                   : i2c.obj (.text:I2CMasterIntClearEx)
                  00003852    00000004                   : timer.obj (.text:TimerIntClear)
                  00003856    00000004                   : uart.obj (.text:UARTIntClear)
                  0000385a    00000004     rtsv7M4_T_le_v4SPD16_eabi.lib : pre_init.obj (.text)

.const     0    00003860    00000566     
                  00003860    0000023a     driver_lcd.obj (.const:font)
                  00003a9a    00000002     --HOLE-- [fill = 0]
                  00003a9c    0000009c     driverlib.lib : interrupt.obj (.const:g_pui32Regs)
                  00003b38    00000098     rtsv7M4_T_le_v4SPD16_eabi.lib : s_atan.obj (.const:$O1$$)
                  00003bd0    00000090     driverlib.lib : gpio.obj (.const:g_pui32GPIOBaseAddrs)
                  00003c60    00000070                   : interrupt.obj (.const)
                  00003cd0    0000006c                   : sysctl.obj (.const:g_pui32Xtals)
                  00003d3c    00000040                   : uart.obj (.const:g_ppui32UARTIntMap)
                  00003d7c    00000040                   : uart.obj (.const:g_ppui32UARTIntMapSnowflake)
                  00003dbc    00000005     driver_lcd.obj (.const:.string:$P$T0$1)
                  00003dc1    00000005     driver_lcd.obj (.const:.string:$P$T1$2)

.cinit     0    00003dc8    000000a4     
                  00003dc8    00000065     (.cinit..data.load) [load image, compression = rle]
                  00003e2d    00000003     --HOLE-- [fill = 0]
                  00003e30    0000000b     (.cinit..bss.load) [load image, compression = rle]
                  00003e3b    00000005     --HOLE-- [fill = 0]
                  00003e40    0000000b     (.cinit..vtable.load) [load image, compression = rle]
                  00003e4b    00000001     --HOLE-- [fill = 0]
                  00003e4c    00000008     (__TI_handler_table)
                  00003e54    00000018     (__TI_cinit_table)

.init_array 
*          0    00000000    00000000     UNINITIALIZED

.vtable    0    20000000    0000026c     UNINITIALIZED
                  20000000    0000026c     driverlib.lib : interrupt.obj (.vtable)

.stack     0    2000026c    00000800     UNINITIALIZED
                  2000026c    00000800     --HOLE--

.bss       0    20000a70    0000077e     UNINITIALIZED
                  20000a70    00000208     (.common:Motion)
                  20000c78    00000204     (.common:SpiCom)
                  20000e7c    00000028     (.common:ACCX)
                  20000ea4    00000028     (.common:ACCY)
                  20000ecc    00000028     (.common:ACCZ)
                  20000ef4    00000028     (.common:ASAX)
                  20000f1c    00000028     (.common:ASAY)
                  20000f44    00000028     (.common:ASAZ)
                  20000f6c    00000028     (.common:GYRX)
                  20000f94    00000028     (.common:GYRY)
                  20000fbc    00000028     (.common:GYRZ)
                  20000fe4    00000028     (.common:GetMode)
                  2000100c    00000028     (.common:MagX)
                  20001034    00000028     (.common:MagY)
                  2000105c    00000028     (.common:MagZ)
                  20001084    00000028     (.common:ResetMag)
                  200010ac    00000028     (.common:WHOAMI)
                  200010d4    00000028     (.common:WHOIAM)
                  200010fc    00000015     (.common:Bypass)
                  20001111    00000015     (.common:BypassOff)
                  20001126    00000015     (.common:Conf)
                  2000113b    00000015     (.common:Reset)
                  20001150    00000015     (.common:SetMode)
                  20001165    00000003     (.common:Init)
                  20001168    00000014     (.common:ADC1)
                  2000117c    0000000f     (.common:RxData)
                  2000118b    0000000f     (.common:SensData)
                  2000119a    00000006     (.common:Tester)
                  200011a0    00000008     (.common:Hx)
                  200011a8    00000008     (.common:Hx_f)
                  200011b0    00000008     (.common:Hy)
                  200011b8    00000008     (.common:Hy_f)
                  200011c0    00000008     (.common:Hz)
                  200011c8    00000008     (.common:Hz_f)
                  200011d0    00000004     (.common:Period)
                  200011d4    00000004     (.common:act_data)
                  200011d8    00000004     (.common:currentstate)
                  200011dc    00000004     (.common:dCSteering)
                  200011e0    00000004     (.common:dCThrottle)
                  200011e4    00000004     (.common:nextstate)
                  200011e8    00000004     (.common:phi)
                  200011ec    00000002     (.common:Buttons)

.data      0    200011f0    00000128     UNINITIALIZED
                  200011f0    00000083     main.obj (.data)
                  20001273    00000001     --HOLE--
                  20001274    00000004     hal_uart.obj (.data)
                  20001278    00000040     Interrupts.obj (.data)
                  200012b8    00000020     driver_gyro.obj (.data)
                  200012d8    00000014     driver_aktorik.obj (.data)
                  200012ec    0000000c     rtsv7M4_T_le_v4SPD16_eabi.lib : exit.obj (.data:$O1$$)
                  200012f8    00000009     driver_lcd.obj (.data:Init2Arr)
                  20001301    00000003     --HOLE--
                  20001304    00000008     rtsv7M4_T_le_v4SPD16_eabi.lib : _lock.obj (.data:$O1$$)
                  2000130c    00000004     hal_ultrasdrive.obj (.data)
                  20001310    00000004     hal_usc.obj (.data)
                  20001314    00000004     rtsv7M4_T_le_v4SPD16_eabi.lib : stkdepth_vars.obj (.data)

MODULE SUMMARY

       Module                         code    ro data   rw data
       ------                         ----    -------   -------
    .\
       tm4c123gh6pm_startup_ccs.obj   76      620       0      
       main.obj                       348     0         131    
    +--+------------------------------+-------+---------+---------+
       Total:                         424     620       131    
                                                               
    .\DL\
       driver_gyro.obj                2220    0         829    
       driver_lcd.obj                 1524    580       9      
       driver_aktorik.obj             556     0         20     
       driver_RF.obj                  504     0         24     
       driver_general.obj             22      0         0      
    +--+------------------------------+-------+---------+---------+
       Total:                         4826    580       882    
                                                               
    .\HAL\
       hal_general.obj                40      0         1036   
       hal_i2c.obj                    800     0         12     
       hal_gpio.obj                   500     0         0      
       hal_uart.obj                   320     0         19     
       hal_timerA1.obj                260     0         12     
       hal_ultrasdrive.obj            260     0         4      
       hal_usciB1.obj                 196     0         0      
       Interrupts.obj                 28      0         66     
       hal_timerB0.obj                84      0         0      
       hal_usc.obj                    28      0         4      
       hal_adc12.obj                  0       0         20     
    +--+------------------------------+-------+---------+---------+
       Total:                         2516    0         1173   
                                                               
    C:/ti/TivaWare_C_Series-2.1.4.178/driverlib/ccs/Debug/driverlib.lib
       interrupt.obj                  208     268       620    
       sysctl.obj                     730     108       0      
       gpio.obj                       540     144       0      
       uart.obj                       274     128       0      
       pwm.obj                        346     0         0      
       timer.obj                      146     0         0      
       i2c.obj                        128     0         0      
       ssi.obj                        88      0         0      
       cpu.obj                        12      0         0      
    +--+------------------------------+-------+---------+---------+
       Total:                         2472    648       620    
                                                               
    C:\ti\ccsv6\tools\compiler\arm_15.12.3.LTS\lib\rtsv7M4_T_le_v4SPD16_eabi.lib
       s_atan.obj                     748     152       0      
       e_atan2.obj                    492     0         0      
       fd_add_t2.obj                  438     0         0      
       fd_div_t2.obj                  310     0         0      
       fd_cmp_t2.obj                  268     0         0      
       fd_mul_t2.obj                  252     0         0      
       memcpy_t2.obj                  156     0         0      
       memset_t2.obj                  122     0         0      
       autoinit.obj                   112     0         0      
       copy_decompress_rle.obj        112     0         0      
       fd_tos_t2.obj                  110     0         0      
       exit.obj                       84      0         12     
       boot.obj                       84      0         0      
       cpy_tbl.obj                    76      0         0      
       fs_tod_t2.obj                  56      0         0      
       i_tofd_t2.obj                  46      0         0      
       u_tofd_t2.obj                  32      0         0      
       _lock.obj                      20      0         8      
       args_main.obj                  24      0         0      
       copy_decompress_none.obj       14      0         0      
       pre_init.obj                   4       0         0      
       stkdepth_vars.obj              0       0         4      
       mpu_init.obj                   2       0         0      
       startup.obj                    2       0         0      
    +--+------------------------------+-------+---------+---------+
       Total:                         3564    152       24     
                                                               
       Stack:                         0       0         2048   
       Linker Generated:              0       155       0      
    +--+------------------------------+-------+---------+---------+
       Grand Total:                   13802   2155      4878   


LINKER GENERATED COPY TABLES

__TI_cinit_table @ 00003e54 records: 3, size/record: 8, table size: 24
	.data: load addr=00003dc8, load size=00000065 bytes, run addr=200011f0, run size=00000128 bytes, compression=rle
	.bss: load addr=00003e30, load size=0000000b bytes, run addr=20000a70, run size=0000077e bytes, compression=rle
	.vtable: load addr=00003e40, load size=0000000b bytes, run addr=20000000, run size=0000026c bytes, compression=rle


LINKER GENERATED HANDLER TABLE

__TI_handler_table @ 00003e4c records: 2, size/record: 4, table size: 8
	index: 0, handler: __TI_decompress_rle24
	index: 1, handler: __TI_decompress_none


GLOBAL SYMBOLS: SORTED ALPHABETICALLY BY Name 

address   name                           
-------   ----                           
20000e7c  ACCX                           
20000ea4  ACCY                           
20000ecc  ACCZ                           
20001168  ADC1                           
20000ef4  ASAX                           
20000f1c  ASAY                           
20000f44  ASAZ                           
200011ec  Buttons                        
200010fc  Bypass                         
20001111  BypassOff                      
00003131  C$$EXIT                        
00003779  CPUcpsie                       
20001310  Clockrate                      
20001126  Conf                           
20001272  Corner                         
200012a8  Count                          
0000026d  DL_Motion_Init                 
20001260  DeltaDist                      
2000129c  DirSample                      
20001250  DiskretEn                      
000017bd  Driver_ESCInit                 
0000365d  Driver_Init                    
00000be7  Driver_LCD_Clear               
00000cb3  Driver_LCD_Clearpage           
00000d1d  Driver_LCD_Clearspace          
00000b9f  Driver_LCD_Init                
00000d9f  Driver_LCD_SetPosition         
00000b19  Driver_LCD_WriteCommand        
00000df9  Driver_LCD_WriteString         
00000ef1  Driver_LCD_WriteUInt           
000018eb  Driver_PWMInit                 
0000189f  Driver_SetBack                 
00001853  Driver_SetBrake                
00001719  Driver_SetSteering             
00001809  Driver_SetThrottle             
20001220  ESpeed                         
200011f8  Excel                          
000034cb  GPIODirModeSet                 
000024a7  GPIOPadConfigSet               
000032b9  GPIOPinConfigure               
000035fd  GPIOPinTypeGPIOOutput          
000036b1  GPIOPinTypeI2C                 
000036c3  GPIOPinTypeI2CSCL              
000036d5  GPIOPinTypePWM                 
000036e7  GPIOPinTypeSSI                 
000036f9  GPIOPinTypeUART                
00003825  GPIOPinWrite                   
20000f6c  GYRX                           
20000f94  GYRY                           
20000fbc  GYRZ                           
00000669  GetMagData                     
20000fe4  GetMode                        
00001151  GetSlaveData                   
00001b3d  HAL_GPIO_Init                  
0000110d  HAL_I2C_Init                   
000034f5  HAL_Init                       
000026e9  HAL_TimerA1_Init               
00003089  HAL_TimerB0_Init               
000035e1  HAL_UCS_Init                   
00002ae1  HAL_USCIB1_Init                
00002b1d  HAL_USCIB1_Transmit            
20001254  HardBraking                    
200011a0  Hx                             
200011a8  Hx_f                           
200012c0  Hx_last                        
200011b0  Hy                             
200011b8  Hy_f                           
200012c8  Hy_last                        
200011c0  Hz                             
200011c8  Hz_f                           
200012d0  Hz_last                        
000037ed  I2CMasterBusy                  
00003843  I2CMasterControl               
00003847  I2CMasterDataGet               
0000384b  I2CMasterDataPut               
0000379d  I2CMasterEnable                
000031d5  I2CMasterInitExpClk            
0000384f  I2CMasterIntClearEx            
00001355  I2CMasterIntHandler            
000037a7  I2CMasterIntStatusEx           
000037f5  I2CMasterSlaveAddrSet          
0000134d  I2CMasterTXHandler             
20001165  Init                           
200012f8  Init2Arr                       
00002fc1  IntEnable                      
0000372f  IntMasterEnable                
0000351d  IntPrioritySet                 
00003435  IntRegister                    
200011fc  KPID                           
2000120c  KdSpeed                        
20001208  KiSpeed                        
20001204  KpSpeed                        
2000126c  LastDeltaDist                  
20001228  LastESpeed                     
20001224  LastSpeed                      
20001234  LastSpeedDes                   
2000121c  LastValueFront                 
20001214  LastValueLeft                  
20001218  LastValueRight                 
20001240  LastiSpeed                     
2000100c  MagX                           
20001034  MagY                           
2000105c  MagZ                           
20000a70  Motion                         
00003279  PWM1IntHandler                 
00003541  PWMGenConfigure                
00003785  PWMGenDisable                  
00003791  PWMGenEnable                   
0000382b  PWMGenIntClear                 
00003615  PWMGenIntRegister              
000037b1  PWMGenIntTrigEnable            
0000373f  PWMGenPeriodSet                
000037fd  PWMIntEnable                   
0000370b  PWMOutputState                 
000035a5  PWMPulseWidthSet               
0000289f  PWM_INT_HANDLER                
200011d0  Period                         
200012a0  PeriodCount                    
20001298  PeriodSample                   
20001290  PeriodTime                     
00001945  RF_Init                        
2000113b  Reset                          
0000326d  ResetISR                       
20001084  ResetMag                       
2000117c  RxData                         
00001a43  RxStuff                        
UNDEFED   SHT$$INIT_ARRAY$$Base          
UNDEFED   SHT$$INIT_ARRAY$$Limit         
00003805  SSIBusy                        
00003389  SSIConfigSetExpClk             
000037bb  SSIDataPut                     
000037c5  SSIEnable                      
200012b0  SampleCounter                  
000012db  SendCommand                    
00001aa3  SendSensorData                 
2000118b  SensData                       
20001150  SetMode                        
2000123c  Speed                          
20001230  SpeedDes                       
20001284  SpeedDir                       
20001280  SpeedReady                     
200012ac  SpeedSamp                      
20001238  Speedf                         
20000c78  SpiCom                         
2000124c  StartupC                       
20001258  Steer                          
000025d9  SysCtlClockGet                 
000029ed  SysCtlClockSet                 
00003831  SysCtlDelay                    
00003675  SysCtlPWMClockSet              
00003469  SysCtlPeripheralEnable         
000033c5  SysCtlPeripheralReady          
00003185  SysCtlPeripheralReset          
2000119a  Tester                         
20001288  Timeout                        
000035c5  Timer0BIntHandler              
00003837  TimerClockSourceSet            
00003029  TimerConfigure                 
0000374f  TimerEnable                    
00003853  TimerIntClear                  
0000380d  TimerIntEnable                 
0000371d  TimerLoadSet                   
20001210  Tryoutcount                    
00002281  TxData                         
00003815  UARTBusy                       
000037cf  UARTCharGet                    
000037d9  UARTCharPut                    
0000375d  UARTCharsAvail                 
00003301  UARTConfigSetExpClk            
00003565  UARTDisable                    
00003689  UARTEnable                     
00003857  UARTIntClear                   
0000381d  UARTIntEnable                  
000022dd  UARTIntHandler                 
0000362d  UARTIntRegister                
000037e3  UARTIntStatus                  
000027ed  UltrasonicDriverInit           
200010ac  WHOAMI                         
200010d4  WHOIAM                         
20000a6c  __STACK_END                    
00000800  __STACK_SIZE                   
2000046c  __STACK_TOP                    
00003e54  __TI_CINIT_Base                
00003e6c  __TI_CINIT_Limit               
00003e4c  __TI_Handler_Table_Base        
00003e54  __TI_Handler_Table_Limit       
00002e79  __TI_auto_init                 
200012ec  __TI_cleanup_ptr               
0000376b  __TI_decompress_none           
0000383d  __TI_decompress_rle24          
200012f0  __TI_dtors_ptr                 
200012f4  __TI_enable_exit_profile_output
ffffffff  __TI_pprof_out_hndl            
ffffffff  __TI_prof_data_size            
ffffffff  __TI_prof_data_start           
00000000  __TI_static_base__             
00002cf1  __aeabi_cdcmpeq                
00002cf1  __aeabi_cdcmple                
00002d77  __aeabi_cdrcmple               
00002ee9  __aeabi_d2f                    
00001f27  __aeabi_dadd                   
00002371  __aeabi_ddiv                   
000028f1  __aeabi_dmul                   
00001f1d  __aeabi_dsub                   
000033fd  __aeabi_f2d                    
0000349d  __aeabi_i2d                    
00002dfd  __aeabi_memclr                 
00002dfd  __aeabi_memclr4                
00002dfd  __aeabi_memclr8                
00002c55  __aeabi_memcpy                 
00002c55  __aeabi_memcpy4                
00002c55  __aeabi_memcpy8                
00002dff  __aeabi_memset                 
00002dff  __aeabi_memset4                
00002dff  __aeabi_memset8                
00003585  __aeabi_ui2d                   
ffffffff  __binit__                      
ffffffff  __c_args__                     
000020d3  __mpu_init                     
2000026c  __stack                        
00003645  _args_main                     
000030dd  _c_int00                       
20001304  _lock                          
000036ab  _nop                           
000036a3  _register_lock                 
0000369d  _register_unlock               
00002e77  _system_post_cinit             
0000385b  _system_pre_init               
20001308  _unlock                        
00003135  abort                          
200011d4  act_data                       
0000142d  atan                           
00001d31  atan2                          
00001d31  atan2l                         
0000142d  atanl                          
ffffffff  binit                          
00003221  copy_in                        
2000127c  counterz                       
200011d8  currentstate                   
200011dc  dCSteering                     
200011e0  dCThrottle                     
20001264  dDelta                         
20001248  didit                          
200011f0  dir                            
2000125c  drive                          
0000313d  exit                           
00003860  font                           
20000000  g_pfnRAMVectors                
00000000  g_pfnVectors                   
00002231  hal_uart_init                  
20001244  iSpeed                         
200011f4  icounter                       
200012b8  init1                          
20001278  initcounter                    
20001274  initfin                        
00001009  itoa                           
200012a4  lastCount                      
20001200  lastKPID                       
20001271  laststate                      
20001268  line_des                       
000020d5  main                           
20001314  main_func_sp                   
00002c55  memcpy                         
00002e05  memset                         
200011e4  nextstate                      
200011e8  phi                            
2000122c  pwmOut                         
2000130c  pwmcounter                     
200012b4  state                          
200012d8  state_akt                      
20001270  statecase                      


GLOBAL SYMBOLS: SORTED BY Symbol Address 

address   name                           
-------   ----                           
00000000  __TI_static_base__             
00000000  g_pfnVectors                   
0000026d  DL_Motion_Init                 
00000669  GetMagData                     
00000800  __STACK_SIZE                   
00000b19  Driver_LCD_WriteCommand        
00000b9f  Driver_LCD_Init                
00000be7  Driver_LCD_Clear               
00000cb3  Driver_LCD_Clearpage           
00000d1d  Driver_LCD_Clearspace          
00000d9f  Driver_LCD_SetPosition         
00000df9  Driver_LCD_WriteString         
00000ef1  Driver_LCD_WriteUInt           
00001009  itoa                           
0000110d  HAL_I2C_Init                   
00001151  GetSlaveData                   
000012db  SendCommand                    
0000134d  I2CMasterTXHandler             
00001355  I2CMasterIntHandler            
0000142d  atan                           
0000142d  atanl                          
00001719  Driver_SetSteering             
000017bd  Driver_ESCInit                 
00001809  Driver_SetThrottle             
00001853  Driver_SetBrake                
0000189f  Driver_SetBack                 
000018eb  Driver_PWMInit                 
00001945  RF_Init                        
00001a43  RxStuff                        
00001aa3  SendSensorData                 
00001b3d  HAL_GPIO_Init                  
00001d31  atan2                          
00001d31  atan2l                         
00001f1d  __aeabi_dsub                   
00001f27  __aeabi_dadd                   
000020d3  __mpu_init                     
000020d5  main                           
00002231  hal_uart_init                  
00002281  TxData                         
000022dd  UARTIntHandler                 
00002371  __aeabi_ddiv                   
000024a7  GPIOPadConfigSet               
000025d9  SysCtlClockGet                 
000026e9  HAL_TimerA1_Init               
000027ed  UltrasonicDriverInit           
0000289f  PWM_INT_HANDLER                
000028f1  __aeabi_dmul                   
000029ed  SysCtlClockSet                 
00002ae1  HAL_USCIB1_Init                
00002b1d  HAL_USCIB1_Transmit            
00002c55  __aeabi_memcpy                 
00002c55  __aeabi_memcpy4                
00002c55  __aeabi_memcpy8                
00002c55  memcpy                         
00002cf1  __aeabi_cdcmpeq                
00002cf1  __aeabi_cdcmple                
00002d77  __aeabi_cdrcmple               
00002dfd  __aeabi_memclr                 
00002dfd  __aeabi_memclr4                
00002dfd  __aeabi_memclr8                
00002dff  __aeabi_memset                 
00002dff  __aeabi_memset4                
00002dff  __aeabi_memset8                
00002e05  memset                         
00002e77  _system_post_cinit             
00002e79  __TI_auto_init                 
00002ee9  __aeabi_d2f                    
00002fc1  IntEnable                      
00003029  TimerConfigure                 
00003089  HAL_TimerB0_Init               
000030dd  _c_int00                       
00003131  C$$EXIT                        
00003135  abort                          
0000313d  exit                           
00003185  SysCtlPeripheralReset          
000031d5  I2CMasterInitExpClk            
00003221  copy_in                        
0000326d  ResetISR                       
00003279  PWM1IntHandler                 
000032b9  GPIOPinConfigure               
00003301  UARTConfigSetExpClk            
00003389  SSIConfigSetExpClk             
000033c5  SysCtlPeripheralReady          
000033fd  __aeabi_f2d                    
00003435  IntRegister                    
00003469  SysCtlPeripheralEnable         
0000349d  __aeabi_i2d                    
000034cb  GPIODirModeSet                 
000034f5  HAL_Init                       
0000351d  IntPrioritySet                 
00003541  PWMGenConfigure                
00003565  UARTDisable                    
00003585  __aeabi_ui2d                   
000035a5  PWMPulseWidthSet               
000035c5  Timer0BIntHandler              
000035e1  HAL_UCS_Init                   
000035fd  GPIOPinTypeGPIOOutput          
00003615  PWMGenIntRegister              
0000362d  UARTIntRegister                
00003645  _args_main                     
0000365d  Driver_Init                    
00003675  SysCtlPWMClockSet              
00003689  UARTEnable                     
0000369d  _register_unlock               
000036a3  _register_lock                 
000036ab  _nop                           
000036b1  GPIOPinTypeI2C                 
000036c3  GPIOPinTypeI2CSCL              
000036d5  GPIOPinTypePWM                 
000036e7  GPIOPinTypeSSI                 
000036f9  GPIOPinTypeUART                
0000370b  PWMOutputState                 
0000371d  TimerLoadSet                   
0000372f  IntMasterEnable                
0000373f  PWMGenPeriodSet                
0000374f  TimerEnable                    
0000375d  UARTCharsAvail                 
0000376b  __TI_decompress_none           
00003779  CPUcpsie                       
00003785  PWMGenDisable                  
00003791  PWMGenEnable                   
0000379d  I2CMasterEnable                
000037a7  I2CMasterIntStatusEx           
000037b1  PWMGenIntTrigEnable            
000037bb  SSIDataPut                     
000037c5  SSIEnable                      
000037cf  UARTCharGet                    
000037d9  UARTCharPut                    
000037e3  UARTIntStatus                  
000037ed  I2CMasterBusy                  
000037f5  I2CMasterSlaveAddrSet          
000037fd  PWMIntEnable                   
00003805  SSIBusy                        
0000380d  TimerIntEnable                 
00003815  UARTBusy                       
0000381d  UARTIntEnable                  
00003825  GPIOPinWrite                   
0000382b  PWMGenIntClear                 
00003831  SysCtlDelay                    
00003837  TimerClockSourceSet            
0000383d  __TI_decompress_rle24          
00003843  I2CMasterControl               
00003847  I2CMasterDataGet               
0000384b  I2CMasterDataPut               
0000384f  I2CMasterIntClearEx            
00003853  TimerIntClear                  
00003857  UARTIntClear                   
0000385b  _system_pre_init               
00003860  font                           
00003e4c  __TI_Handler_Table_Base        
00003e54  __TI_CINIT_Base                
00003e54  __TI_Handler_Table_Limit       
00003e6c  __TI_CINIT_Limit               
20000000  g_pfnRAMVectors                
2000026c  __stack                        
2000046c  __STACK_TOP                    
20000a6c  __STACK_END                    
20000a70  Motion                         
20000c78  SpiCom                         
20000e7c  ACCX                           
20000ea4  ACCY                           
20000ecc  ACCZ                           
20000ef4  ASAX                           
20000f1c  ASAY                           
20000f44  ASAZ                           
20000f6c  GYRX                           
20000f94  GYRY                           
20000fbc  GYRZ                           
20000fe4  GetMode                        
2000100c  MagX                           
20001034  MagY                           
2000105c  MagZ                           
20001084  ResetMag                       
200010ac  WHOAMI                         
200010d4  WHOIAM                         
200010fc  Bypass                         
20001111  BypassOff                      
20001126  Conf                           
2000113b  Reset                          
20001150  SetMode                        
20001165  Init                           
20001168  ADC1                           
2000117c  RxData                         
2000118b  SensData                       
2000119a  Tester                         
200011a0  Hx                             
200011a8  Hx_f                           
200011b0  Hy                             
200011b8  Hy_f                           
200011c0  Hz                             
200011c8  Hz_f                           
200011d0  Period                         
200011d4  act_data                       
200011d8  currentstate                   
200011dc  dCSteering                     
200011e0  dCThrottle                     
200011e4  nextstate                      
200011e8  phi                            
200011ec  Buttons                        
200011f0  dir                            
200011f4  icounter                       
200011f8  Excel                          
200011fc  KPID                           
20001200  lastKPID                       
20001204  KpSpeed                        
20001208  KiSpeed                        
2000120c  KdSpeed                        
20001210  Tryoutcount                    
20001214  LastValueLeft                  
20001218  LastValueRight                 
2000121c  LastValueFront                 
20001220  ESpeed                         
20001224  LastSpeed                      
20001228  LastESpeed                     
2000122c  pwmOut                         
20001230  SpeedDes                       
20001234  LastSpeedDes                   
20001238  Speedf                         
2000123c  Speed                          
20001240  LastiSpeed                     
20001244  iSpeed                         
20001248  didit                          
2000124c  StartupC                       
20001250  DiskretEn                      
20001254  HardBraking                    
20001258  Steer                          
2000125c  drive                          
20001260  DeltaDist                      
20001264  dDelta                         
20001268  line_des                       
2000126c  LastDeltaDist                  
20001270  statecase                      
20001271  laststate                      
20001272  Corner                         
20001274  initfin                        
20001278  initcounter                    
2000127c  counterz                       
20001280  SpeedReady                     
20001284  SpeedDir                       
20001288  Timeout                        
20001290  PeriodTime                     
20001298  PeriodSample                   
2000129c  DirSample                      
200012a0  PeriodCount                    
200012a4  lastCount                      
200012a8  Count                          
200012ac  SpeedSamp                      
200012b0  SampleCounter                  
200012b4  state                          
200012b8  init1                          
200012c0  Hx_last                        
200012c8  Hy_last                        
200012d0  Hz_last                        
200012d8  state_akt                      
200012ec  __TI_cleanup_ptr               
200012f0  __TI_dtors_ptr                 
200012f4  __TI_enable_exit_profile_output
200012f8  Init2Arr                       
20001304  _lock                          
20001308  _unlock                        
2000130c  pwmcounter                     
20001310  Clockrate                      
20001314  main_func_sp                   
ffffffff  __TI_pprof_out_hndl            
ffffffff  __TI_prof_data_size            
ffffffff  __TI_prof_data_start           
ffffffff  __binit__                      
ffffffff  __c_args__                     
ffffffff  binit                          
UNDEFED   SHT$$INIT_ARRAY$$Base          
UNDEFED   SHT$$INIT_ARRAY$$Limit         

[271 symbols]
