******************************************************************************
                  TI ARM Linker PC v16.9.1                     
******************************************************************************
>> Linked Thu Apr 06 11:31:27 2017

OUTPUT FILE NAME:   <CrazyCar2.out>
ENTRY POINT SYMBOL: "_c_int00"  address: 0000179d


MEMORY CONFIGURATION

         name            origin    length      used     unused   attr    fill
----------------------  --------  ---------  --------  --------  ----  --------
  FLASH                 00000000   00040000  00002240  0003ddc0  R  X
  SRAM                  20000000   00008000  000009aa  00007656  RW X


SEGMENT ALLOCATION MAP

run origin  load origin   length   init length attrs members
----------  ----------- ---------- ----------- ----- -------
00000000    00000000    00002248   00002248    r-x
  00000000    00000000    0000026c   0000026c    r-- .intvecs
  0000026c    0000026c    00001af6   00001af6    r-x .text
  00001d64    00001d64    0000044e   0000044e    r-- .const
  000021b8    000021b8    00000090   00000090    r-- .cinit
20000000    20000000    000009b0   00000000    rw-
  20000000    20000000    0000026c   00000000    rw- .vtable
  2000026c    2000026c    0000043e   00000000    rw- .bss
  200006ac    200006ac    00000200   00000000    rw- .stack
  200008b0    200008b0    00000100   00000000    rw- .data


SECTION ALLOCATION MAP

 output                                  attributes/
section   page    origin      length       input sections
--------  ----  ----------  ----------   ----------------
.intvecs   0    00000000    0000026c     
                  00000000    0000026c     tm4c123gh6pm_startup_ccs.obj (.intvecs)

.text      0    0000026c    00001af6     
                  0000026c    000005e4     driver_lcd.obj (.text)
                  00000850    00000208     driver_aktorik.obj (.text)
                  00000a58    000001f4     hal_gpio.obj (.text)
                  00000c4c    0000013c     hal_i2c.obj (.text)
                  00000d88    00000132     driverlib.lib : gpio.obj (.text:GPIOPadConfigSet)
                  00000eba    00000002     rtsv7M4_T_le_v4SPD16_eabi.lib : mpu_init.obj (.text)
                  00000ebc    00000110     driverlib.lib : sysctl.obj (.text:SysCtlClockGet)
                  00000fcc    00000104     hal_timerA1.obj (.text)
                  000010d0    00000100     main.obj (.text)
                  000011d0    000000f4     driverlib.lib : sysctl.obj (.text:SysCtlClockSet)
                  000012c4    000000c4     hal_usciB1.obj (.text)
                  00001388    000000b0     driverlib.lib : pwm.obj (.text:_PWMGenIntNumberGet)
                  00001438    0000009c     rtsv7M4_T_le_v4SPD16_eabi.lib : memcpy_t2.obj (.text)
                  000014d4    0000007a                                   : memset_t2.obj (.text)
                  0000154e    00000002                                   : startup.obj (.text)
                  00001550    00000070                                   : autoinit.obj (.text)
                  000015c0    00000068     driverlib.lib : interrupt.obj (.text:IntEnable)
                  00001628    00000068     rtsv7M4_T_le_v4SPD16_eabi.lib : copy_decompress_lzss.obj (.text:decompress:lzss)
                  00001690    00000060     driverlib.lib : timer.obj (.text:TimerConfigure)
                  000016f0    00000058     tm4c123gh6pm_startup_ccs.obj (.text)
                  00001748    00000054     hal_timerB0.obj (.text)
                  0000179c    00000054     rtsv7M4_T_le_v4SPD16_eabi.lib : boot.obj (.text)
                  000017f0    00000054                                   : exit.obj (.text)
                  00001844    00000050     driverlib.lib : sysctl.obj (.text:SysCtlPeripheralReset)
                  00001894    0000004c                   : i2c.obj (.text:I2CMasterInitExpClk)
                  000018e0    0000004c     rtsv7M4_T_le_v4SPD16_eabi.lib : cpy_tbl.obj (.text)
                  0000192c    00000048     driverlib.lib : gpio.obj (.text:GPIOPinConfigure)
                  00001974    0000003c                   : ssi.obj (.text:SSIConfigSetExpClk)
                  000019b0    00000038                   : sysctl.obj (.text:SysCtlPeripheralReady)
                  000019e8    00000034                   : interrupt.obj (.text:IntRegister)
                  00001a1c    00000034                   : sysctl.obj (.text:SysCtlPeripheralDisable)
                  00001a50    00000034                   : sysctl.obj (.text:SysCtlPeripheralEnable)
                  00001a84    0000002a                   : gpio.obj (.text:GPIODirModeSet)
                  00001aae    00000002     --HOLE-- [fill = 0]
                  00001ab0    00000024                   : interrupt.obj (.text:IntPrioritySet)
                  00001ad4    00000022                   : pwm.obj (.text:PWMGenConfigure)
                  00001af6    00000020     hal_general.obj (.text)
                  00001b16    0000001e     driverlib.lib : pwm.obj (.text:PWMPulseWidthSet)
                  00001b34    0000001c     Interrupts.obj (.text)
                  00001b50    0000001c     hal_usc.obj (.text)
                  00001b6c    00000018     driverlib.lib : gpio.obj (.text:GPIOPinTypeGPIOOutput)
                  00001b84    00000018                   : pwm.obj (.text:PWMGenIntRegister)
                  00001b9c    00000018     driver_gyro.obj (.text)
                  00001bb4    00000018     rtsv7M4_T_le_v4SPD16_eabi.lib : args_main.obj (.text)
                  00001bcc    00000016     driver_general.obj (.text)
                  00001be2    00000002     --HOLE-- [fill = 0]
                  00001be4    00000014     driverlib.lib : sysctl.obj (.text:SysCtlPWMClockSet)
                  00001bf8    00000014     rtsv7M4_T_le_v4SPD16_eabi.lib : _lock.obj (.text)
                  00001c0c    00000012     driverlib.lib : gpio.obj (.text:GPIOPinTypeI2C)
                  00001c1e    00000012                   : gpio.obj (.text:GPIOPinTypeI2CSCL)
                  00001c30    00000012                   : gpio.obj (.text:GPIOPinTypePWM)
                  00001c42    00000012                   : gpio.obj (.text:GPIOPinTypeSSI)
                  00001c54    00000012                   : pwm.obj (.text:PWMOutputState)
                  00001c66    00000012                   : timer.obj (.text:TimerLoadSet)
                  00001c78    00000010                   : interrupt.obj (.text:IntMasterEnable)
                  00001c88    00000010                   : pwm.obj (.text:PWMGenPeriodSet)
                  00001c98    0000000e                   : timer.obj (.text:TimerEnable)
                  00001ca6    0000000e     rtsv7M4_T_le_v4SPD16_eabi.lib : copy_decompress_none.obj (.text:decompress:none)
                  00001cb4    0000000c     driverlib.lib : cpu.obj (.text:CPUcpsie)
                  00001cc0    0000000c                   : pwm.obj (.text:PWMGenEnable)
                  00001ccc    0000000c     rtsv7M4_T_le_v4SPD16_eabi.lib : copy_zero_init.obj (.text:decompress:ZI)
                  00001cd8    0000000a     driverlib.lib : i2c.obj (.text:I2CMasterEnable)
                  00001ce2    0000000a                   : i2c.obj (.text:I2CMasterIntStatusEx)
                  00001cec    0000000a                   : pwm.obj (.text:PWMGenIntTrigEnable)
                  00001cf6    0000000a                   : ssi.obj (.text:SSIDataPut)
                  00001d00    0000000a                   : ssi.obj (.text:SSIEnable)
                  00001d0a    00000008                   : i2c.obj (.text:I2CMasterIntEnableEx)
                  00001d12    00000008                   : i2c.obj (.text:I2CMasterSlaveAddrSet)
                  00001d1a    00000008                   : pwm.obj (.text:PWMIntEnable)
                  00001d22    00000008                   : ssi.obj (.text:SSIBusy)
                  00001d2a    00000008                   : timer.obj (.text:TimerIntEnable)
                  00001d32    00000006                   : gpio.obj (.text:GPIOPinWrite)
                  00001d38    00000006                   : pwm.obj (.text:PWMGenIntClear)
                  00001d3e    00000006                   : sysctl.obj (.text:SysCtlDelay)
                  00001d44    00000006                   : timer.obj (.text:TimerClockSourceSet)
                  00001d4a    00000004                   : i2c.obj (.text:I2CMasterControl)
                  00001d4e    00000004                   : i2c.obj (.text:I2CMasterDataGet)
                  00001d52    00000004                   : i2c.obj (.text:I2CMasterDataPut)
                  00001d56    00000004                   : i2c.obj (.text:I2CMasterIntClearEx)
                  00001d5a    00000004                   : timer.obj (.text:TimerIntClear)
                  00001d5e    00000004     rtsv7M4_T_le_v4SPD16_eabi.lib : pre_init.obj (.text)

.const     0    00001d64    0000044e     
                  00001d64    0000023a     driver_lcd.obj (.const:font)
                  00001f9e    00000002     --HOLE-- [fill = 0]
                  00001fa0    0000009c     driverlib.lib : interrupt.obj (.const:g_pui32Regs)
                  0000203c    00000090                   : gpio.obj (.const:g_pui32GPIOBaseAddrs)
                  000020cc    00000070                   : interrupt.obj (.const)
                  0000213c    0000006c                   : sysctl.obj (.const:g_pui32Xtals)
                  000021a8    00000005     driver_lcd.obj (.const:.string:$P$T0$1)
                  000021ad    00000005     driver_lcd.obj (.const:.string:$P$T1$2)

.cinit     0    000021b8    00000090     
                  000021b8    00000058     (.cinit..data.load) [load image, compression = lzss]
                  00002210    0000000c     (__TI_handler_table)
                  0000221c    00000004     --HOLE-- [fill = 0]
                  00002220    00000008     (.cinit..bss.load) [load image, compression = zero_init]
                  00002228    00000008     (.cinit..vtable.load) [load image, compression = zero_init]
                  00002230    00000018     (__TI_cinit_table)

.init_array 
*          0    00000000    00000000     UNINITIALIZED

.vtable    0    20000000    0000026c     UNINITIALIZED
                  20000000    0000026c     driverlib.lib : interrupt.obj (.vtable)

.bss       0    2000026c    0000043e     UNINITIALIZED
                  2000026c    00000208     (.common:Motion)
                  20000474    00000204     (.common:SpiCom)
                  20000678    00000014     (.common:ADC1)
                  2000068c    00000004     (.common:ACCX)
                  20000690    00000004     (.common:Period)
                  20000694    00000004     (.common:act_data)
                  20000698    00000004     (.common:currentstate)
                  2000069c    00000004     (.common:dCSteering)
                  200006a0    00000004     (.common:dCThrottle)
                  200006a4    00000004     (.common:nextstate)
                  200006a8    00000002     (.common:Buttons)

.stack     0    200006ac    00000200     UNINITIALIZED
                  200006ac    00000200     --HOLE--

.data      0    200008b0    00000100     UNINITIALIZED
                  200008b0    00000083     main.obj (.data)
                  20000933    00000001     --HOLE--
                  20000934    00000004     hal_usc.obj (.data)
                  20000938    00000040     Interrupts.obj (.data)
                  20000978    00000014     driver_aktorik.obj (.data)
                  2000098c    0000000c     rtsv7M4_T_le_v4SPD16_eabi.lib : exit.obj (.data:$O1$$)
                  20000998    00000009     driver_lcd.obj (.data:Init2Arr)
                  200009a1    00000003     --HOLE--
                  200009a4    00000008     rtsv7M4_T_le_v4SPD16_eabi.lib : _lock.obj (.data:$O1$$)
                  200009ac    00000004                                   : stkdepth_vars.obj (.data)

MODULE SUMMARY

       Module                         code   ro data   rw data
       ------                         ----   -------   -------
    .\
       tm4c123gh6pm_startup_ccs.obj   88     620       0      
       main.obj                       256    0         131    
    +--+------------------------------+------+---------+---------+
       Total:                         344    620       131    
                                                              
    .\DL\
       driver_lcd.obj                 1508   580       9      
       driver_aktorik.obj             520    0         20     
       driver_gyro.obj                24     0         4      
       driver_general.obj             22     0         0      
    +--+------------------------------+------+---------+---------+
       Total:                         2074   580       33     
                                                              
    .\HAL\
       hal_general.obj                32     0         1036   
       hal_gpio.obj                   500    0         0      
       hal_i2c.obj                    316    0         12     
       hal_timerA1.obj                260    0         12     
       hal_usciB1.obj                 196    0         0      
       Interrupts.obj                 28     0         66     
       hal_timerB0.obj                84     0         0      
       hal_usc.obj                    28     0         4      
       hal_adc12.obj                  0      0         20     
    +--+------------------------------+------+---------+---------+
       Total:                         1444   0         1150   
                                                              
    C:/ti/TivaWare_C_Series-2.1.4.178/driverlib/ccs/Debug/driverlib.lib
       interrupt.obj                  208    268       620    
       sysctl.obj                     782    108       0      
       gpio.obj                       522    144       0      
       pwm.obj                        334    0         0      
       timer.obj                      146    0         0      
       i2c.obj                        128    0         0      
       ssi.obj                        88     0         0      
       cpu.obj                        12     0         0      
    +--+------------------------------+------+---------+---------+
       Total:                         2220   520       620    
                                                              
    C:\ti\ccsv7\tools\compiler\ti-cgt-arm_16.9.1.LTS\lib\rtsv7M4_T_le_v4SPD16_eabi.lib
       memcpy_t2.obj                  156    0         0      
       memset_t2.obj                  122    0         0      
       autoinit.obj                   112    0         0      
       copy_decompress_lzss.obj       104    0         0      
       exit.obj                       84     0         12     
       boot.obj                       84     0         0      
       cpy_tbl.obj                    76     0         0      
       _lock.obj                      20     0         8      
       args_main.obj                  24     0         0      
       copy_decompress_none.obj       14     0         0      
       copy_zero_init.obj             12     0         0      
       pre_init.obj                   4      0         0      
       stkdepth_vars.obj              0      0         4      
       mpu_init.obj                   2      0         0      
       startup.obj                    2      0         0      
    +--+------------------------------+------+---------+---------+
       Total:                         816    0         24     
                                                              
       Stack:                         0      0         512    
       Linker Generated:              0      140       0      
    +--+------------------------------+------+---------+---------+
       Grand Total:                   6898   1860      2470   


LINKER GENERATED COPY TABLES

__TI_cinit_table @ 00002230 records: 3, size/record: 8, table size: 24
	.data: load addr=000021b8, load size=00000058 bytes, run addr=200008b0, run size=00000100 bytes, compression=lzss
	.bss: load addr=00002220, load size=00000008 bytes, run addr=2000026c, run size=0000043e bytes, compression=zero_init
	.vtable: load addr=00002228, load size=00000008 bytes, run addr=20000000, run size=0000026c bytes, compression=zero_init


LINKER GENERATED HANDLER TABLE

__TI_handler_table @ 00002210 records: 3, size/record: 4, table size: 12
	index: 0, handler: __TI_zero_init
	index: 1, handler: __TI_decompress_lzss
	index: 2, handler: __TI_decompress_none


GLOBAL SYMBOLS: SORTED ALPHABETICALLY BY Name 

address   name                           
-------   ----                           
2000068c  ACCX                           
20000678  ADC1                           
200006a8  Buttons                        
000017f1  C$$EXIT                        
00001cb5  CPUcpsie                       
20000934  Clockrate                      
20000932  Corner                         
20000968  Count                          
00001b9d  DL_Motion_Init                 
20000920  DeltaDist                      
2000095c  DirSample                      
20000910  DiskretEn                      
000008ef  Driver_ESCInit                 
00001bcd  Driver_Init                    
0000033b  Driver_LCD_Clear               
00000401  Driver_LCD_Clearpage           
00000467  Driver_LCD_Clearspace          
000002f3  Driver_LCD_Init                
000004e9  Driver_LCD_SetPosition         
0000026d  Driver_LCD_WriteCommand        
00000541  Driver_LCD_WriteString         
00000639  Driver_LCD_WriteUInt           
00000a11  Driver_PWMInit                 
000009c5  Driver_SetBack                 
00000979  Driver_SetBrake                
00000851  Driver_SetSteering             
0000092f  Driver_SetThrottle             
200008e0  ESpeed                         
200008b8  Excel                          
00001a85  GPIODirModeSet                 
00000d89  GPIOPadConfigSet               
0000192d  GPIOPinConfigure               
00001b6d  GPIOPinTypeGPIOOutput          
00001c0d  GPIOPinTypeI2C                 
00001c1f  GPIOPinTypeI2CSCL              
00001c31  GPIOPinTypePWM                 
00001c43  GPIOPinTypeSSI                 
00001d33  GPIOPinWrite                   
00000cab  GetSlaveData                   
00000a59  HAL_GPIO_Init                  
00000c4d  HAL_I2C_Init                   
00001af7  HAL_Init                       
00000fcd  HAL_TimerA1_Init               
00001749  HAL_TimerB0_Init               
00001b51  HAL_UCS_Init                   
000012c5  HAL_USCIB1_Init                
00001301  HAL_USCIB1_Transmit            
20000914  HardBraking                    
00001d4b  I2CMasterControl               
00001d4f  I2CMasterDataGet               
00001d53  I2CMasterDataPut               
00001cd9  I2CMasterEnable                
00001895  I2CMasterInitExpClk            
00001d57  I2CMasterIntClearEx            
00001d0b  I2CMasterIntEnableEx           
00000ce3  I2CMasterIntHandler            
00001ce3  I2CMasterIntStatusEx           
00001d13  I2CMasterSlaveAddrSet          
00000cdb  I2CMasterTXHandler             
20000998  Init2Arr                       
000015c1  IntEnable                      
00001c79  IntMasterEnable                
00001ab1  IntPrioritySet                 
000019e9  IntRegister                    
200008bc  KPID                           
200008cc  KdSpeed                        
200008c8  KiSpeed                        
200008c4  KpSpeed                        
2000092c  LastDeltaDist                  
200008e8  LastESpeed                     
200008e4  LastSpeed                      
200008f4  LastSpeedDes                   
200008dc  LastValueFront                 
200008d4  LastValueLeft                  
200008d8  LastValueRight                 
20000900  LastiSpeed                     
2000026c  Motion                         
000016fd  PWM1IntHandler                 
00001ad5  PWMGenConfigure                
00001cc1  PWMGenEnable                   
00001d39  PWMGenIntClear                 
00001b85  PWMGenIntRegister              
00001ced  PWMGenIntTrigEnable            
00001c89  PWMGenPeriodSet                
00001d1b  PWMIntEnable                   
00001c55  PWMOutputState                 
00001b17  PWMPulseWidthSet               
20000690  Period                         
20000960  PeriodCount                    
20000958  PeriodSample                   
20000950  PeriodTime                     
000016f1  ResetISR                       
UNDEFED   SHT$$INIT_ARRAY$$Base          
UNDEFED   SHT$$INIT_ARRAY$$Limit         
00001d23  SSIBusy                        
00001975  SSIConfigSetExpClk             
00001cf7  SSIDataPut                     
00001d01  SSIEnable                      
20000970  SampleCounter                  
200008fc  Speed                          
200008f0  SpeedDes                       
20000944  SpeedDir                       
20000940  SpeedReady                     
2000096c  SpeedSamp                      
200008f8  Speedf                         
20000474  SpiCom                         
2000090c  StartupC                       
20000918  Steer                          
00000ebd  SysCtlClockGet                 
000011d1  SysCtlClockSet                 
00001d3f  SysCtlDelay                    
00001be5  SysCtlPWMClockSet              
00001a1d  SysCtlPeripheralDisable        
00001a51  SysCtlPeripheralEnable         
000019b1  SysCtlPeripheralReady          
00001845  SysCtlPeripheralReset          
20000948  Timeout                        
00001b35  Timer0BIntHandler              
00001d45  TimerClockSourceSet            
00001691  TimerConfigure                 
00001c99  TimerEnable                    
00001d5b  TimerIntClear                  
00001d2b  TimerIntEnable                 
00001c67  TimerLoadSet                   
200008d0  Tryoutcount                    
200008ac  __STACK_END                    
00000200  __STACK_SIZE                   
200008ac  __STACK_TOP                    
00002230  __TI_CINIT_Base                
00002248  __TI_CINIT_Limit               
00002210  __TI_Handler_Table_Base        
0000221c  __TI_Handler_Table_Limit       
00001551  __TI_auto_init                 
2000098c  __TI_cleanup_ptr               
00001629  __TI_decompress_lzss           
00001ca7  __TI_decompress_none           
20000990  __TI_dtors_ptr                 
20000994  __TI_enable_exit_profile_output
ffffffff  __TI_pprof_out_hndl            
ffffffff  __TI_prof_data_size            
ffffffff  __TI_prof_data_start           
00000000  __TI_static_base__             
00001ccd  __TI_zero_init                 
000014d5  __aeabi_memclr                 
000014d5  __aeabi_memclr4                
000014d5  __aeabi_memclr8                
00001439  __aeabi_memcpy                 
00001439  __aeabi_memcpy4                
00001439  __aeabi_memcpy8                
000014d7  __aeabi_memset                 
000014d7  __aeabi_memset4                
000014d7  __aeabi_memset8                
ffffffff  __binit__                      
ffffffff  __c_args__                     
00000ebb  __mpu_init                     
200006ac  __stack                        
00001bb5  _args_main                     
0000179d  _c_int00                       
200009a4  _lock                          
00001c07  _nop                           
00001bff  _register_lock                 
00001bf9  _register_unlock               
0000154f  _system_post_cinit             
00001d5f  _system_pre_init               
200009a8  _unlock                        
000017f5  abort                          
20000694  act_data                       
ffffffff  binit                          
000018e1  copy_in                        
2000093c  counterz                       
20000698  currentstate                   
2000069c  dCSteering                     
200006a0  dCThrottle                     
20000924  dDelta                         
20000908  didit                          
200008b0  dir                            
2000091c  drive                          
000017fd  exit                           
00001d64  font                           
20000000  g_pfnRAMVectors                
00000000  g_pfnVectors                   
20000904  iSpeed                         
200008b4  icounter                       
20000938  initcounter                    
0000074d  itoa                           
20000964  lastCount                      
200008c0  lastKPID                       
20000931  laststate                      
20000928  line_des                       
000010d1  main                           
200009ac  main_func_sp                   
00001439  memcpy                         
000014dd  memset                         
200006a4  nextstate                      
200008ec  pwmOut                         
20000974  state                          
20000978  state_akt                      
20000930  statecase                      


GLOBAL SYMBOLS: SORTED BY Symbol Address 

address   name                           
-------   ----                           
00000000  __TI_static_base__             
00000000  g_pfnVectors                   
00000200  __STACK_SIZE                   
0000026d  Driver_LCD_WriteCommand        
000002f3  Driver_LCD_Init                
0000033b  Driver_LCD_Clear               
00000401  Driver_LCD_Clearpage           
00000467  Driver_LCD_Clearspace          
000004e9  Driver_LCD_SetPosition         
00000541  Driver_LCD_WriteString         
00000639  Driver_LCD_WriteUInt           
0000074d  itoa                           
00000851  Driver_SetSteering             
000008ef  Driver_ESCInit                 
0000092f  Driver_SetThrottle             
00000979  Driver_SetBrake                
000009c5  Driver_SetBack                 
00000a11  Driver_PWMInit                 
00000a59  HAL_GPIO_Init                  
00000c4d  HAL_I2C_Init                   
00000cab  GetSlaveData                   
00000cdb  I2CMasterTXHandler             
00000ce3  I2CMasterIntHandler            
00000d89  GPIOPadConfigSet               
00000ebb  __mpu_init                     
00000ebd  SysCtlClockGet                 
00000fcd  HAL_TimerA1_Init               
000010d1  main                           
000011d1  SysCtlClockSet                 
000012c5  HAL_USCIB1_Init                
00001301  HAL_USCIB1_Transmit            
00001439  __aeabi_memcpy                 
00001439  __aeabi_memcpy4                
00001439  __aeabi_memcpy8                
00001439  memcpy                         
000014d5  __aeabi_memclr                 
000014d5  __aeabi_memclr4                
000014d5  __aeabi_memclr8                
000014d7  __aeabi_memset                 
000014d7  __aeabi_memset4                
000014d7  __aeabi_memset8                
000014dd  memset                         
0000154f  _system_post_cinit             
00001551  __TI_auto_init                 
000015c1  IntEnable                      
00001629  __TI_decompress_lzss           
00001691  TimerConfigure                 
000016f1  ResetISR                       
000016fd  PWM1IntHandler                 
00001749  HAL_TimerB0_Init               
0000179d  _c_int00                       
000017f1  C$$EXIT                        
000017f5  abort                          
000017fd  exit                           
00001845  SysCtlPeripheralReset          
00001895  I2CMasterInitExpClk            
000018e1  copy_in                        
0000192d  GPIOPinConfigure               
00001975  SSIConfigSetExpClk             
000019b1  SysCtlPeripheralReady          
000019e9  IntRegister                    
00001a1d  SysCtlPeripheralDisable        
00001a51  SysCtlPeripheralEnable         
00001a85  GPIODirModeSet                 
00001ab1  IntPrioritySet                 
00001ad5  PWMGenConfigure                
00001af7  HAL_Init                       
00001b17  PWMPulseWidthSet               
00001b35  Timer0BIntHandler              
00001b51  HAL_UCS_Init                   
00001b6d  GPIOPinTypeGPIOOutput          
00001b85  PWMGenIntRegister              
00001b9d  DL_Motion_Init                 
00001bb5  _args_main                     
00001bcd  Driver_Init                    
00001be5  SysCtlPWMClockSet              
00001bf9  _register_unlock               
00001bff  _register_lock                 
00001c07  _nop                           
00001c0d  GPIOPinTypeI2C                 
00001c1f  GPIOPinTypeI2CSCL              
00001c31  GPIOPinTypePWM                 
00001c43  GPIOPinTypeSSI                 
00001c55  PWMOutputState                 
00001c67  TimerLoadSet                   
00001c79  IntMasterEnable                
00001c89  PWMGenPeriodSet                
00001c99  TimerEnable                    
00001ca7  __TI_decompress_none           
00001cb5  CPUcpsie                       
00001cc1  PWMGenEnable                   
00001ccd  __TI_zero_init                 
00001cd9  I2CMasterEnable                
00001ce3  I2CMasterIntStatusEx           
00001ced  PWMGenIntTrigEnable            
00001cf7  SSIDataPut                     
00001d01  SSIEnable                      
00001d0b  I2CMasterIntEnableEx           
00001d13  I2CMasterSlaveAddrSet          
00001d1b  PWMIntEnable                   
00001d23  SSIBusy                        
00001d2b  TimerIntEnable                 
00001d33  GPIOPinWrite                   
00001d39  PWMGenIntClear                 
00001d3f  SysCtlDelay                    
00001d45  TimerClockSourceSet            
00001d4b  I2CMasterControl               
00001d4f  I2CMasterDataGet               
00001d53  I2CMasterDataPut               
00001d57  I2CMasterIntClearEx            
00001d5b  TimerIntClear                  
00001d5f  _system_pre_init               
00001d64  font                           
00002210  __TI_Handler_Table_Base        
0000221c  __TI_Handler_Table_Limit       
00002230  __TI_CINIT_Base                
00002248  __TI_CINIT_Limit               
20000000  g_pfnRAMVectors                
2000026c  Motion                         
20000474  SpiCom                         
20000678  ADC1                           
2000068c  ACCX                           
20000690  Period                         
20000694  act_data                       
20000698  currentstate                   
2000069c  dCSteering                     
200006a0  dCThrottle                     
200006a4  nextstate                      
200006a8  Buttons                        
200006ac  __stack                        
200008ac  __STACK_END                    
200008ac  __STACK_TOP                    
200008b0  dir                            
200008b4  icounter                       
200008b8  Excel                          
200008bc  KPID                           
200008c0  lastKPID                       
200008c4  KpSpeed                        
200008c8  KiSpeed                        
200008cc  KdSpeed                        
200008d0  Tryoutcount                    
200008d4  LastValueLeft                  
200008d8  LastValueRight                 
200008dc  LastValueFront                 
200008e0  ESpeed                         
200008e4  LastSpeed                      
200008e8  LastESpeed                     
200008ec  pwmOut                         
200008f0  SpeedDes                       
200008f4  LastSpeedDes                   
200008f8  Speedf                         
200008fc  Speed                          
20000900  LastiSpeed                     
20000904  iSpeed                         
20000908  didit                          
2000090c  StartupC                       
20000910  DiskretEn                      
20000914  HardBraking                    
20000918  Steer                          
2000091c  drive                          
20000920  DeltaDist                      
20000924  dDelta                         
20000928  line_des                       
2000092c  LastDeltaDist                  
20000930  statecase                      
20000931  laststate                      
20000932  Corner                         
20000934  Clockrate                      
20000938  initcounter                    
2000093c  counterz                       
20000940  SpeedReady                     
20000944  SpeedDir                       
20000948  Timeout                        
20000950  PeriodTime                     
20000958  PeriodSample                   
2000095c  DirSample                      
20000960  PeriodCount                    
20000964  lastCount                      
20000968  Count                          
2000096c  SpeedSamp                      
20000970  SampleCounter                  
20000974  state                          
20000978  state_akt                      
2000098c  __TI_cleanup_ptr               
20000990  __TI_dtors_ptr                 
20000994  __TI_enable_exit_profile_output
20000998  Init2Arr                       
200009a4  _lock                          
200009a8  _unlock                        
200009ac  main_func_sp                   
ffffffff  __TI_pprof_out_hndl            
ffffffff  __TI_prof_data_size            
ffffffff  __TI_prof_data_start           
ffffffff  __binit__                      
ffffffff  __c_args__                     
ffffffff  binit                          
UNDEFED   SHT$$INIT_ARRAY$$Base          
UNDEFED   SHT$$INIT_ARRAY$$Limit         

[198 symbols]
