******************************************************************************
                  TI ARM Linker PC v15.12.4                    
******************************************************************************
>> Linked Tue Mar 28 12:51:18 2017

OUTPUT FILE NAME:   <CrazyCar2.out>
ENTRY POINT SYMBOL: "_c_int00"  address: 00001759


MEMORY CONFIGURATION

         name            origin    length      used     unused   attr    fill
----------------------  --------  ---------  --------  --------  ----  --------
  FLASH                 00000000   00040000  0000215e  0003dea2  R  X
  SRAM                  20000000   00008000  0000099a  00007666  RW X


SEGMENT ALLOCATION MAP

run origin  load origin   length   init length attrs members
----------  ----------- ---------- ----------- ----- -------
00000000    00000000    00002164   00002164    r-x
  00000000    00000000    0000026c   0000026c    r-- .intvecs
  0000026c    0000026c    00001a08   00001a08    r-x .text
  00001c74    00001c74    0000044e   0000044e    r-- .const
  000020c8    000020c8    0000009c   0000009c    r-- .cinit
20000000    20000000    000009a0   00000000    rw-
  20000000    20000000    0000026c   00000000    rw- .vtable
  2000026c    2000026c    0000042e   00000000    rw- .bss
  2000069c    2000069c    00000200   00000000    rw- .stack
  200008a0    200008a0    00000100   00000000    rw- .data


SECTION ALLOCATION MAP

 output                                  attributes/
section   page    origin      length       input sections
--------  ----  ----------  ----------   ----------------
.intvecs   0    00000000    0000026c     
                  00000000    0000026c     tm4c123gh6pm_startup_ccs.obj (.intvecs)

.text      0    0000026c    00001a08     
                  0000026c    000005f4     driver_lcd.obj (.text)
                  00000860    00000208     driver_aktorik.obj (.text)
                  00000a68    000001f4     hal_gpio.obj (.text)
                  00000c5c    00000132     driverlib.lib : gpio.obj (.text:GPIOPadConfigSet)
                  00000d8e    00000002     rtsv7M4_T_le_v4SPD16_eabi.lib : mpu_init.obj (.text)
                  00000d90    00000110     driverlib.lib : sysctl.obj (.text:SysCtlClockGet)
                  00000ea0    00000104     hal_timerA1.obj (.text)
                  00000fa4    00000100     main.obj (.text)
                  000010a4    000000f4     driverlib.lib : sysctl.obj (.text:SysCtlClockSet)
                  00001198    000000e4     hal_i2c.obj (.text)
                  0000127c    000000c4     hal_usciB1.obj (.text)
                  00001340    000000b0     driverlib.lib : pwm.obj (.text:_PWMGenIntNumberGet)
                  000013f0    0000009c     rtsv7M4_T_le_v4SPD16_eabi.lib : memcpy_t2.obj (.text)
                  0000148c    0000007a                                   : memset_t2.obj (.text)
                  00001506    00000002                                   : startup.obj (.text)
                  00001508    00000070                                   : autoinit.obj (.text)
                  00001578    0000006a                                   : copy_decompress_rle.obj (.text)
                  000015e2    00000002     --HOLE-- [fill = 0]
                  000015e4    00000068     driverlib.lib : interrupt.obj (.text:IntEnable)
                  0000164c    00000060                   : timer.obj (.text:TimerConfigure)
                  000016ac    00000058     tm4c123gh6pm_startup_ccs.obj (.text)
                  00001704    00000054     hal_timerB0.obj (.text)
                  00001758    00000054     rtsv7M4_T_le_v4SPD16_eabi.lib : boot.obj (.text)
                  000017ac    00000054                                   : exit.obj (.text)
                  00001800    0000004c     driverlib.lib : i2c.obj (.text:I2CMasterInitExpClk)
                  0000184c    0000004c     rtsv7M4_T_le_v4SPD16_eabi.lib : cpy_tbl.obj (.text)
                  00001898    00000048     driverlib.lib : gpio.obj (.text:GPIOPinConfigure)
                  000018e0    0000003c                   : ssi.obj (.text:SSIConfigSetExpClk)
                  0000191c    00000038                   : sysctl.obj (.text:SysCtlPeripheralReady)
                  00001954    00000034                   : interrupt.obj (.text:IntRegister)
                  00001988    00000034                   : sysctl.obj (.text:SysCtlPeripheralEnable)
                  000019bc    0000002a                   : gpio.obj (.text:GPIODirModeSet)
                  000019e6    00000002     --HOLE-- [fill = 0]
                  000019e8    00000024                   : interrupt.obj (.text:IntPrioritySet)
                  00001a0c    00000024     hal_general.obj (.text)
                  00001a30    00000022     driverlib.lib : pwm.obj (.text:PWMGenConfigure)
                  00001a52    0000001e                   : pwm.obj (.text:PWMPulseWidthSet)
                  00001a70    0000001c     Interrupts.obj (.text)
                  00001a8c    0000001c     hal_usc.obj (.text)
                  00001aa8    00000018     driverlib.lib : gpio.obj (.text:GPIOPinTypeGPIOOutput)
                  00001ac0    00000018                   : pwm.obj (.text:PWMGenIntRegister)
                  00001ad8    00000018     rtsv7M4_T_le_v4SPD16_eabi.lib : args_main.obj (.text)
                  00001af0    00000014     driverlib.lib : sysctl.obj (.text:SysCtlPWMClockSet)
                  00001b04    00000014     rtsv7M4_T_le_v4SPD16_eabi.lib : _lock.obj (.text)
                  00001b18    00000012     driverlib.lib : gpio.obj (.text:GPIOPinTypeI2C)
                  00001b2a    00000012                   : gpio.obj (.text:GPIOPinTypeI2CSCL)
                  00001b3c    00000012                   : gpio.obj (.text:GPIOPinTypePWM)
                  00001b4e    00000012                   : gpio.obj (.text:GPIOPinTypeSSI)
                  00001b60    00000012                   : pwm.obj (.text:PWMOutputState)
                  00001b72    00000012                   : timer.obj (.text:TimerLoadSet)
                  00001b84    00000012     driver_general.obj (.text)
                  00001b96    00000010     driverlib.lib : interrupt.obj (.text:IntMasterEnable)
                  00001ba6    00000010                   : pwm.obj (.text:PWMGenPeriodSet)
                  00001bb6    0000000e                   : timer.obj (.text:TimerEnable)
                  00001bc4    0000000e     rtsv7M4_T_le_v4SPD16_eabi.lib : copy_decompress_none.obj (.text:decompress:none)
                  00001bd2    0000000c     driverlib.lib : cpu.obj (.text:CPUcpsie)
                  00001bde    0000000c                   : pwm.obj (.text:PWMGenEnable)
                  00001bea    0000000a                   : i2c.obj (.text:I2CMasterEnable)
                  00001bf4    0000000a                   : pwm.obj (.text:PWMGenIntTrigEnable)
                  00001bfe    0000000a                   : ssi.obj (.text:SSIDataPut)
                  00001c08    0000000a                   : ssi.obj (.text:SSIEnable)
                  00001c12    00000008                   : i2c.obj (.text:I2CMasterBusy)
                  00001c1a    00000008                   : i2c.obj (.text:I2CMasterIntClear)
                  00001c22    00000008                   : i2c.obj (.text:I2CMasterSlaveAddrSet)
                  00001c2a    00000008                   : pwm.obj (.text:PWMIntEnable)
                  00001c32    00000008                   : ssi.obj (.text:SSIBusy)
                  00001c3a    00000008                   : timer.obj (.text:TimerIntEnable)
                  00001c42    00000006                   : gpio.obj (.text:GPIOPinWrite)
                  00001c48    00000006                   : pwm.obj (.text:PWMGenIntClear)
                  00001c4e    00000006                   : sysctl.obj (.text:SysCtlDelay)
                  00001c54    00000006                   : timer.obj (.text:TimerClockSourceSet)
                  00001c5a    00000006     rtsv7M4_T_le_v4SPD16_eabi.lib : copy_decompress_rle.obj (.text:decompress:rle24)
                  00001c60    00000004     driverlib.lib : i2c.obj (.text:I2CMasterControl)
                  00001c64    00000004                   : i2c.obj (.text:I2CMasterDataGet)
                  00001c68    00000004                   : i2c.obj (.text:I2CMasterDataPut)
                  00001c6c    00000004                   : timer.obj (.text:TimerIntClear)
                  00001c70    00000004     rtsv7M4_T_le_v4SPD16_eabi.lib : pre_init.obj (.text)

.const     0    00001c74    0000044e     
                  00001c74    0000023a     driver_lcd.obj (.const:font)
                  00001eae    00000002     --HOLE-- [fill = 0]
                  00001eb0    0000009c     driverlib.lib : interrupt.obj (.const:g_pui32Regs)
                  00001f4c    00000090                   : gpio.obj (.const:g_pui32GPIOBaseAddrs)
                  00001fdc    00000070                   : interrupt.obj (.const)
                  0000204c    0000006c                   : sysctl.obj (.const:g_pui32Xtals)
                  000020b8    00000005     driver_lcd.obj (.const:.string:$P$T0$1)
                  000020bd    00000005     driver_lcd.obj (.const:.string:$P$T1$2)

.cinit     0    000020c8    0000009c     
                  000020c8    0000005e     (.cinit..data.load) [load image, compression = rle]
                  00002126    00000002     --HOLE-- [fill = 0]
                  00002128    0000000b     (.cinit..bss.load) [load image, compression = rle]
                  00002133    00000005     --HOLE-- [fill = 0]
                  00002138    0000000b     (.cinit..vtable.load) [load image, compression = rle]
                  00002143    00000001     --HOLE-- [fill = 0]
                  00002144    00000008     (__TI_handler_table)
                  0000214c    00000018     (__TI_cinit_table)

.init_array 
*          0    00000000    00000000     UNINITIALIZED

.vtable    0    20000000    0000026c     UNINITIALIZED
                  20000000    0000026c     driverlib.lib : interrupt.obj (.vtable)

.bss       0    2000026c    0000042e     UNINITIALIZED
                  2000026c    00000208     (.common:Motion)
                  20000474    00000204     (.common:SpiCom)
                  20000678    00000014     (.common:ADC1)
                  2000068c    00000004     (.common:Period)
                  20000690    00000004     (.common:dCSteering)
                  20000694    00000004     (.common:dCThrottle)
                  20000698    00000002     (.common:Buttons)

.stack     0    2000069c    00000200     UNINITIALIZED
                  2000069c    00000200     --HOLE--

.data      0    200008a0    00000100     UNINITIALIZED
                  200008a0    00000083     main.obj (.data)
                  20000923    00000001     --HOLE--
                  20000924    00000004     hal_usc.obj (.data)
                  20000928    00000040     Interrupts.obj (.data)
                  20000968    00000014     driver_aktorik.obj (.data)
                  2000097c    0000000c     rtsv7M4_T_le_v4SPD16_eabi.lib : exit.obj (.data:$O1$$)
                  20000988    00000009     driver_lcd.obj (.data:Init2Arr)
                  20000991    00000003     --HOLE--
                  20000994    00000008     rtsv7M4_T_le_v4SPD16_eabi.lib : _lock.obj (.data:$O1$$)
                  2000099c    00000004                                   : stkdepth_vars.obj (.data)

MODULE SUMMARY

       Module                         code   ro data   rw data
       ------                         ----   -------   -------
    .\
       tm4c123gh6pm_startup_ccs.obj   88     620       0      
       main.obj                       256    0         131    
    +--+------------------------------+------+---------+---------+
       Total:                         344    620       131    
                                                              
    .\DL\
       driver_lcd.obj                 1524   580       9      
       driver_aktorik.obj             520    0         20     
       driver_general.obj             18     0         0      
    +--+------------------------------+------+---------+---------+
       Total:                         2062   580       29     
                                                              
    .\HAL\
       hal_general.obj                36     0         1036   
       hal_gpio.obj                   500    0         0      
       hal_timerA1.obj                260    0         12     
       hal_i2c.obj                    228    0         0      
       hal_usciB1.obj                 196    0         0      
       Interrupts.obj                 28     0         66     
       hal_timerB0.obj                84     0         0      
       hal_usc.obj                    28     0         4      
       hal_adc12.obj                  0      0         20     
    +--+------------------------------+------+---------+---------+
       Total:                         1360   0         1138   
                                                              
    C:/ti/TivaWare_C_Series-2.1.3.156/driverlib/ccs/Debug/driverlib.lib
       interrupt.obj                  208    268       620    
       sysctl.obj                     650    108       0      
       gpio.obj                       522    144       0      
       pwm.obj                        334    0         0      
       timer.obj                      146    0         0      
       i2c.obj                        122    0         0      
       ssi.obj                        88     0         0      
       cpu.obj                        12     0         0      
    +--+------------------------------+------+---------+---------+
       Total:                         2082   520       620    
                                                              
    C:\ti\ccsv6\tools\compiler\ti-cgt-arm_15.12.4.LTS\lib\rtsv7M4_T_le_v4SPD16_eabi.lib
       memcpy_t2.obj                  156    0         0      
       memset_t2.obj                  122    0         0      
       autoinit.obj                   112    0         0      
       copy_decompress_rle.obj        112    0         0      
       exit.obj                       84     0         12     
       boot.obj                       84     0         0      
       cpy_tbl.obj                    76     0         0      
       _lock.obj                      20     0         8      
       args_main.obj                  24     0         0      
       copy_decompress_none.obj       14     0         0      
       pre_init.obj                   4      0         0      
       stkdepth_vars.obj              0      0         4      
       mpu_init.obj                   2      0         0      
       startup.obj                    2      0         0      
    +--+------------------------------+------+---------+---------+
       Total:                         812    0         24     
                                                              
       Stack:                         0      0         512    
       Linker Generated:              0      148       0      
    +--+------------------------------+------+---------+---------+
       Grand Total:                   6660   1868      2454   


LINKER GENERATED COPY TABLES

__TI_cinit_table @ 0000214c records: 3, size/record: 8, table size: 24
	.data: load addr=000020c8, load size=0000005e bytes, run addr=200008a0, run size=00000100 bytes, compression=rle
	.bss: load addr=00002128, load size=0000000b bytes, run addr=2000026c, run size=0000042e bytes, compression=rle
	.vtable: load addr=00002138, load size=0000000b bytes, run addr=20000000, run size=0000026c bytes, compression=rle


LINKER GENERATED HANDLER TABLE

__TI_handler_table @ 00002144 records: 2, size/record: 4, table size: 8
	index: 0, handler: __TI_decompress_rle24
	index: 1, handler: __TI_decompress_none


GLOBAL SYMBOLS: SORTED ALPHABETICALLY BY Name 

address   name                           
-------   ----                           
20000678  ADC1                           
20000698  Buttons                        
000017ad  C$$EXIT                        
00001bd3  CPUcpsie                       
20000924  Clockrate                      
20000922  Corner                         
20000958  Count                          
20000910  DeltaDist                      
2000094c  DirSample                      
20000900  DiskretEn                      
000008ff  Driver_ESCInit                 
00001b85  Driver_Init                    
0000033b  Driver_LCD_Clear               
00000407  Driver_LCD_Clearpage           
00000471  Driver_LCD_Clearspace          
000002f3  Driver_LCD_Init                
000004f3  Driver_LCD_SetPosition         
0000026d  Driver_LCD_WriteCommand        
0000054d  Driver_LCD_WriteString         
00000645  Driver_LCD_WriteUInt           
00000a21  Driver_PWMInit                 
000009d5  Driver_SetBack                 
00000989  Driver_SetBrake                
00000861  Driver_SetSteering             
0000093f  Driver_SetThrottle             
200008d0  ESpeed                         
200008a8  Excel                          
000019bd  GPIODirModeSet                 
00000c5d  GPIOPadConfigSet               
00001899  GPIOPinConfigure               
00001aa9  GPIOPinTypeGPIOOutput          
00001b19  GPIOPinTypeI2C                 
00001b2b  GPIOPinTypeI2CSCL              
00001b3d  GPIOPinTypePWM                 
00001b4f  GPIOPinTypeSSI                 
00001c43  GPIOPinWrite                   
000011e7  GetSlaveData                   
00000a69  HAL_GPIO_Init                  
00001199  HAL_I2C_Init                   
00001a0d  HAL_Init                       
000011d3  HAL_Motion_Init                
00000ea1  HAL_TimerA1_Init               
00001705  HAL_TimerB0_Init               
00001a8d  HAL_UCS_Init                   
0000127d  HAL_USCIB1_Init                
000012b9  HAL_USCIB1_Transmit            
20000904  HardBraking                    
00001c13  I2CMasterBusy                  
00001c61  I2CMasterControl               
00001c65  I2CMasterDataGet               
00001c69  I2CMasterDataPut               
00001beb  I2CMasterEnable                
00001801  I2CMasterInitExpClk            
00001c1b  I2CMasterIntClear              
00001239  I2CMasterIntHandler            
00001c23  I2CMasterSlaveAddrSet          
00001229  I2CMasterTXHandler             
20000988  Init2Arr                       
000015e5  IntEnable                      
00001b97  IntMasterEnable                
000019e9  IntPrioritySet                 
00001955  IntRegister                    
200008ac  KPID                           
200008bc  KdSpeed                        
200008b8  KiSpeed                        
200008b4  KpSpeed                        
2000091c  LastDeltaDist                  
200008d8  LastESpeed                     
200008d4  LastSpeed                      
200008e4  LastSpeedDes                   
200008cc  LastValueFront                 
200008c4  LastValueLeft                  
200008c8  LastValueRight                 
200008f0  LastiSpeed                     
2000026c  Motion                         
000016b9  PWM1IntHandler                 
00001a31  PWMGenConfigure                
00001bdf  PWMGenEnable                   
00001c49  PWMGenIntClear                 
00001ac1  PWMGenIntRegister              
00001bf5  PWMGenIntTrigEnable            
00001ba7  PWMGenPeriodSet                
00001c2b  PWMIntEnable                   
00001b61  PWMOutputState                 
00001a53  PWMPulseWidthSet               
2000068c  Period                         
20000950  PeriodCount                    
20000948  PeriodSample                   
20000940  PeriodTime                     
000016ad  ResetISR                       
UNDEFED   SHT$$INIT_ARRAY$$Base          
UNDEFED   SHT$$INIT_ARRAY$$Limit         
00001c33  SSIBusy                        
000018e1  SSIConfigSetExpClk             
00001bff  SSIDataPut                     
00001c09  SSIEnable                      
20000960  SampleCounter                  
200008ec  Speed                          
200008e0  SpeedDes                       
20000934  SpeedDir                       
20000930  SpeedReady                     
2000095c  SpeedSamp                      
200008e8  Speedf                         
20000474  SpiCom                         
200008fc  StartupC                       
20000908  Steer                          
00000d91  SysCtlClockGet                 
000010a5  SysCtlClockSet                 
00001c4f  SysCtlDelay                    
00001af1  SysCtlPWMClockSet              
00001989  SysCtlPeripheralEnable         
0000191d  SysCtlPeripheralReady          
20000938  Timeout                        
00001a71  Timer0BIntHandler              
00001c55  TimerClockSourceSet            
0000164d  TimerConfigure                 
00001bb7  TimerEnable                    
00001c6d  TimerIntClear                  
00001c3b  TimerIntEnable                 
00001b73  TimerLoadSet                   
200008c0  Tryoutcount                    
2000089c  __STACK_END                    
00000200  __STACK_SIZE                   
2000089c  __STACK_TOP                    
0000214c  __TI_CINIT_Base                
00002164  __TI_CINIT_Limit               
00002144  __TI_Handler_Table_Base        
0000214c  __TI_Handler_Table_Limit       
00001509  __TI_auto_init                 
2000097c  __TI_cleanup_ptr               
00001bc5  __TI_decompress_none           
00001c5b  __TI_decompress_rle24          
20000980  __TI_dtors_ptr                 
20000984  __TI_enable_exit_profile_output
ffffffff  __TI_pprof_out_hndl            
ffffffff  __TI_prof_data_size            
ffffffff  __TI_prof_data_start           
00000000  __TI_static_base__             
0000148d  __aeabi_memclr                 
0000148d  __aeabi_memclr4                
0000148d  __aeabi_memclr8                
000013f1  __aeabi_memcpy                 
000013f1  __aeabi_memcpy4                
000013f1  __aeabi_memcpy8                
0000148f  __aeabi_memset                 
0000148f  __aeabi_memset4                
0000148f  __aeabi_memset8                
ffffffff  __binit__                      
ffffffff  __c_args__                     
00000d8f  __mpu_init                     
2000069c  __stack                        
00001ad9  _args_main                     
00001759  _c_int00                       
20000994  _lock                          
00001b13  _nop                           
00001b0b  _register_lock                 
00001b05  _register_unlock               
00001507  _system_post_cinit             
00001c71  _system_pre_init               
20000998  _unlock                        
000017b1  abort                          
ffffffff  binit                          
0000184d  copy_in                        
2000092c  counterz                       
20000690  dCSteering                     
20000694  dCThrottle                     
20000914  dDelta                         
200008f8  didit                          
200008a0  dir                            
2000090c  drive                          
000017b9  exit                           
00001c74  font                           
20000000  g_pfnRAMVectors                
00000000  g_pfnVectors                   
200008f4  iSpeed                         
200008a4  icounter                       
20000928  initcounter                    
0000075d  itoa                           
20000954  lastCount                      
200008b0  lastKPID                       
20000921  laststate                      
20000918  line_des                       
00000fa5  main                           
2000099c  main_func_sp                   
000013f1  memcpy                         
00001495  memset                         
200008dc  pwmOut                         
20000964  state                          
20000968  state_akt                      
20000920  statecase                      


GLOBAL SYMBOLS: SORTED BY Symbol Address 

address   name                           
-------   ----                           
00000000  __TI_static_base__             
00000000  g_pfnVectors                   
00000200  __STACK_SIZE                   
0000026d  Driver_LCD_WriteCommand        
000002f3  Driver_LCD_Init                
0000033b  Driver_LCD_Clear               
00000407  Driver_LCD_Clearpage           
00000471  Driver_LCD_Clearspace          
000004f3  Driver_LCD_SetPosition         
0000054d  Driver_LCD_WriteString         
00000645  Driver_LCD_WriteUInt           
0000075d  itoa                           
00000861  Driver_SetSteering             
000008ff  Driver_ESCInit                 
0000093f  Driver_SetThrottle             
00000989  Driver_SetBrake                
000009d5  Driver_SetBack                 
00000a21  Driver_PWMInit                 
00000a69  HAL_GPIO_Init                  
00000c5d  GPIOPadConfigSet               
00000d8f  __mpu_init                     
00000d91  SysCtlClockGet                 
00000ea1  HAL_TimerA1_Init               
00000fa5  main                           
000010a5  SysCtlClockSet                 
00001199  HAL_I2C_Init                   
000011d3  HAL_Motion_Init                
000011e7  GetSlaveData                   
00001229  I2CMasterTXHandler             
00001239  I2CMasterIntHandler            
0000127d  HAL_USCIB1_Init                
000012b9  HAL_USCIB1_Transmit            
000013f1  __aeabi_memcpy                 
000013f1  __aeabi_memcpy4                
000013f1  __aeabi_memcpy8                
000013f1  memcpy                         
0000148d  __aeabi_memclr                 
0000148d  __aeabi_memclr4                
0000148d  __aeabi_memclr8                
0000148f  __aeabi_memset                 
0000148f  __aeabi_memset4                
0000148f  __aeabi_memset8                
00001495  memset                         
00001507  _system_post_cinit             
00001509  __TI_auto_init                 
000015e5  IntEnable                      
0000164d  TimerConfigure                 
000016ad  ResetISR                       
000016b9  PWM1IntHandler                 
00001705  HAL_TimerB0_Init               
00001759  _c_int00                       
000017ad  C$$EXIT                        
000017b1  abort                          
000017b9  exit                           
00001801  I2CMasterInitExpClk            
0000184d  copy_in                        
00001899  GPIOPinConfigure               
000018e1  SSIConfigSetExpClk             
0000191d  SysCtlPeripheralReady          
00001955  IntRegister                    
00001989  SysCtlPeripheralEnable         
000019bd  GPIODirModeSet                 
000019e9  IntPrioritySet                 
00001a0d  HAL_Init                       
00001a31  PWMGenConfigure                
00001a53  PWMPulseWidthSet               
00001a71  Timer0BIntHandler              
00001a8d  HAL_UCS_Init                   
00001aa9  GPIOPinTypeGPIOOutput          
00001ac1  PWMGenIntRegister              
00001ad9  _args_main                     
00001af1  SysCtlPWMClockSet              
00001b05  _register_unlock               
00001b0b  _register_lock                 
00001b13  _nop                           
00001b19  GPIOPinTypeI2C                 
00001b2b  GPIOPinTypeI2CSCL              
00001b3d  GPIOPinTypePWM                 
00001b4f  GPIOPinTypeSSI                 
00001b61  PWMOutputState                 
00001b73  TimerLoadSet                   
00001b85  Driver_Init                    
00001b97  IntMasterEnable                
00001ba7  PWMGenPeriodSet                
00001bb7  TimerEnable                    
00001bc5  __TI_decompress_none           
00001bd3  CPUcpsie                       
00001bdf  PWMGenEnable                   
00001beb  I2CMasterEnable                
00001bf5  PWMGenIntTrigEnable            
00001bff  SSIDataPut                     
00001c09  SSIEnable                      
00001c13  I2CMasterBusy                  
00001c1b  I2CMasterIntClear              
00001c23  I2CMasterSlaveAddrSet          
00001c2b  PWMIntEnable                   
00001c33  SSIBusy                        
00001c3b  TimerIntEnable                 
00001c43  GPIOPinWrite                   
00001c49  PWMGenIntClear                 
00001c4f  SysCtlDelay                    
00001c55  TimerClockSourceSet            
00001c5b  __TI_decompress_rle24          
00001c61  I2CMasterControl               
00001c65  I2CMasterDataGet               
00001c69  I2CMasterDataPut               
00001c6d  TimerIntClear                  
00001c71  _system_pre_init               
00001c74  font                           
00002144  __TI_Handler_Table_Base        
0000214c  __TI_CINIT_Base                
0000214c  __TI_Handler_Table_Limit       
00002164  __TI_CINIT_Limit               
20000000  g_pfnRAMVectors                
2000026c  Motion                         
20000474  SpiCom                         
20000678  ADC1                           
2000068c  Period                         
20000690  dCSteering                     
20000694  dCThrottle                     
20000698  Buttons                        
2000069c  __stack                        
2000089c  __STACK_END                    
2000089c  __STACK_TOP                    
200008a0  dir                            
200008a4  icounter                       
200008a8  Excel                          
200008ac  KPID                           
200008b0  lastKPID                       
200008b4  KpSpeed                        
200008b8  KiSpeed                        
200008bc  KdSpeed                        
200008c0  Tryoutcount                    
200008c4  LastValueLeft                  
200008c8  LastValueRight                 
200008cc  LastValueFront                 
200008d0  ESpeed                         
200008d4  LastSpeed                      
200008d8  LastESpeed                     
200008dc  pwmOut                         
200008e0  SpeedDes                       
200008e4  LastSpeedDes                   
200008e8  Speedf                         
200008ec  Speed                          
200008f0  LastiSpeed                     
200008f4  iSpeed                         
200008f8  didit                          
200008fc  StartupC                       
20000900  DiskretEn                      
20000904  HardBraking                    
20000908  Steer                          
2000090c  drive                          
20000910  DeltaDist                      
20000914  dDelta                         
20000918  line_des                       
2000091c  LastDeltaDist                  
20000920  statecase                      
20000921  laststate                      
20000922  Corner                         
20000924  Clockrate                      
20000928  initcounter                    
2000092c  counterz                       
20000930  SpeedReady                     
20000934  SpeedDir                       
20000938  Timeout                        
20000940  PeriodTime                     
20000948  PeriodSample                   
2000094c  DirSample                      
20000950  PeriodCount                    
20000954  lastCount                      
20000958  Count                          
2000095c  SpeedSamp                      
20000960  SampleCounter                  
20000964  state                          
20000968  state_akt                      
2000097c  __TI_cleanup_ptr               
20000980  __TI_dtors_ptr                 
20000984  __TI_enable_exit_profile_output
20000988  Init2Arr                       
20000994  _lock                          
20000998  _unlock                        
2000099c  main_func_sp                   
ffffffff  __TI_pprof_out_hndl            
ffffffff  __TI_prof_data_size            
ffffffff  __TI_prof_data_start           
ffffffff  __binit__                      
ffffffff  __c_args__                     
ffffffff  binit                          
UNDEFED   SHT$$INIT_ARRAY$$Base          
UNDEFED   SHT$$INIT_ARRAY$$Limit         

[190 symbols]
