<?xml version="1.0"?>
<link_info>
   <banner>TI ARM Linker PC v15.12.3.LTS</banner>
   <copyright>Copyright (c) 1996-2015 Texas Instruments Incorporated</copyright>
   <link_time>0x5937c172</link_time>
   <link_errors>0x0</link_errors>
   <output_file>CrazyCar2.out</output_file>
   <entry_point>
      <name>_c_int00</name>
      <address>0x30dd</address>
   </entry_point>
   <input_file_list>
      <input_file id="fl-2">
         <path>.\</path>
         <kind>object</kind>
         <file>main.obj</file>
         <name>main.obj</name>
      </input_file>
      <input_file id="fl-3">
         <path>.\</path>
         <kind>object</kind>
         <file>tm4c123gh6pm_startup_ccs.obj</file>
         <name>tm4c123gh6pm_startup_ccs.obj</name>
      </input_file>
      <input_file id="fl-4">
         <path>.\AL\</path>
         <kind>object</kind>
         <file>sense_read.obj</file>
         <name>sense_read.obj</name>
      </input_file>
      <input_file id="fl-5">
         <path>.\DL\</path>
         <kind>object</kind>
         <file>driver_RF.obj</file>
         <name>driver_RF.obj</name>
      </input_file>
      <input_file id="fl-6">
         <path>.\DL\</path>
         <kind>object</kind>
         <file>driver_aktorik.obj</file>
         <name>driver_aktorik.obj</name>
      </input_file>
      <input_file id="fl-7">
         <path>.\DL\</path>
         <kind>object</kind>
         <file>driver_general.obj</file>
         <name>driver_general.obj</name>
      </input_file>
      <input_file id="fl-8">
         <path>.\DL\</path>
         <kind>object</kind>
         <file>driver_gyro.obj</file>
         <name>driver_gyro.obj</name>
      </input_file>
      <input_file id="fl-9">
         <path>.\DL\</path>
         <kind>object</kind>
         <file>driver_lcd.obj</file>
         <name>driver_lcd.obj</name>
      </input_file>
      <input_file id="fl-a">
         <path>.\HAL\</path>
         <kind>object</kind>
         <file>Interrupts.obj</file>
         <name>Interrupts.obj</name>
      </input_file>
      <input_file id="fl-b">
         <path>.\HAL\</path>
         <kind>object</kind>
         <file>hal_UltraMeas.obj</file>
         <name>hal_UltraMeas.obj</name>
      </input_file>
      <input_file id="fl-c">
         <path>.\HAL\</path>
         <kind>object</kind>
         <file>hal_adc12.obj</file>
         <name>hal_adc12.obj</name>
      </input_file>
      <input_file id="fl-d">
         <path>.\HAL\</path>
         <kind>object</kind>
         <file>hal_general.obj</file>
         <name>hal_general.obj</name>
      </input_file>
      <input_file id="fl-e">
         <path>.\HAL\</path>
         <kind>object</kind>
         <file>hal_gpio.obj</file>
         <name>hal_gpio.obj</name>
      </input_file>
      <input_file id="fl-f">
         <path>.\HAL\</path>
         <kind>object</kind>
         <file>hal_i2c.obj</file>
         <name>hal_i2c.obj</name>
      </input_file>
      <input_file id="fl-10">
         <path>.\HAL\</path>
         <kind>object</kind>
         <file>hal_timerA1.obj</file>
         <name>hal_timerA1.obj</name>
      </input_file>
      <input_file id="fl-11">
         <path>.\HAL\</path>
         <kind>object</kind>
         <file>hal_timerB0.obj</file>
         <name>hal_timerB0.obj</name>
      </input_file>
      <input_file id="fl-12">
         <path>.\HAL\</path>
         <kind>object</kind>
         <file>hal_uart.obj</file>
         <name>hal_uart.obj</name>
      </input_file>
      <input_file id="fl-13">
         <path>.\HAL\</path>
         <kind>object</kind>
         <file>hal_ultrasdrive.obj</file>
         <name>hal_ultrasdrive.obj</name>
      </input_file>
      <input_file id="fl-14">
         <path>.\HAL\</path>
         <kind>object</kind>
         <file>hal_usc.obj</file>
         <name>hal_usc.obj</name>
      </input_file>
      <input_file id="fl-15">
         <path>.\HAL\</path>
         <kind>object</kind>
         <file>hal_usciB1.obj</file>
         <name>hal_usciB1.obj</name>
      </input_file>
      <input_file id="fl-d0">
         <path>C:\ti\ccsv6\tools\compiler\arm_15.12.3.LTS\lib\</path>
         <kind>archive</kind>
         <file>rtsv7M4_T_le_v4SPD16_eabi.lib</file>
         <name>boot.obj</name>
      </input_file>
      <input_file id="fl-d1">
         <path>C:\ti\ccsv6\tools\compiler\arm_15.12.3.LTS\lib\</path>
         <kind>archive</kind>
         <file>rtsv7M4_T_le_v4SPD16_eabi.lib</file>
         <name>copy_decompress_none.obj</name>
      </input_file>
      <input_file id="fl-d2">
         <path>C:\ti\ccsv6\tools\compiler\arm_15.12.3.LTS\lib\</path>
         <kind>archive</kind>
         <file>rtsv7M4_T_le_v4SPD16_eabi.lib</file>
         <name>copy_decompress_rle.obj</name>
      </input_file>
      <input_file id="fl-d3">
         <path>C:\ti\ccsv6\tools\compiler\arm_15.12.3.LTS\lib\</path>
         <kind>archive</kind>
         <file>rtsv7M4_T_le_v4SPD16_eabi.lib</file>
         <name>copy_zero_init.obj</name>
      </input_file>
      <input_file id="fl-d4">
         <path>C:\ti\ccsv6\tools\compiler\arm_15.12.3.LTS\lib\</path>
         <kind>archive</kind>
         <file>rtsv7M4_T_le_v4SPD16_eabi.lib</file>
         <name>e_atan2.obj</name>
      </input_file>
      <input_file id="fl-d5">
         <path>C:\ti\ccsv6\tools\compiler\arm_15.12.3.LTS\lib\</path>
         <kind>archive</kind>
         <file>rtsv7M4_T_le_v4SPD16_eabi.lib</file>
         <name>exit.obj</name>
      </input_file>
      <input_file id="fl-d6">
         <path>C:\ti\ccsv6\tools\compiler\arm_15.12.3.LTS\lib\</path>
         <kind>archive</kind>
         <file>rtsv7M4_T_le_v4SPD16_eabi.lib</file>
         <name>fd_add_t2.obj</name>
      </input_file>
      <input_file id="fl-d7">
         <path>C:\ti\ccsv6\tools\compiler\arm_15.12.3.LTS\lib\</path>
         <kind>archive</kind>
         <file>rtsv7M4_T_le_v4SPD16_eabi.lib</file>
         <name>fd_cmp_t2.obj</name>
      </input_file>
      <input_file id="fl-d8">
         <path>C:\ti\ccsv6\tools\compiler\arm_15.12.3.LTS\lib\</path>
         <kind>archive</kind>
         <file>rtsv7M4_T_le_v4SPD16_eabi.lib</file>
         <name>fd_div_t2.obj</name>
      </input_file>
      <input_file id="fl-d9">
         <path>C:\ti\ccsv6\tools\compiler\arm_15.12.3.LTS\lib\</path>
         <kind>archive</kind>
         <file>rtsv7M4_T_le_v4SPD16_eabi.lib</file>
         <name>fd_mul_t2.obj</name>
      </input_file>
      <input_file id="fl-da">
         <path>C:\ti\ccsv6\tools\compiler\arm_15.12.3.LTS\lib\</path>
         <kind>archive</kind>
         <file>rtsv7M4_T_le_v4SPD16_eabi.lib</file>
         <name>fd_tos_t2.obj</name>
      </input_file>
      <input_file id="fl-db">
         <path>C:\ti\ccsv6\tools\compiler\arm_15.12.3.LTS\lib\</path>
         <kind>archive</kind>
         <file>rtsv7M4_T_le_v4SPD16_eabi.lib</file>
         <name>fs_tod_t2.obj</name>
      </input_file>
      <input_file id="fl-dc">
         <path>C:\ti\ccsv6\tools\compiler\arm_15.12.3.LTS\lib\</path>
         <kind>archive</kind>
         <file>rtsv7M4_T_le_v4SPD16_eabi.lib</file>
         <name>i_tofd_t2.obj</name>
      </input_file>
      <input_file id="fl-dd">
         <path>C:\ti\ccsv6\tools\compiler\arm_15.12.3.LTS\lib\</path>
         <kind>archive</kind>
         <file>rtsv7M4_T_le_v4SPD16_eabi.lib</file>
         <name>memcpy_t2.obj</name>
      </input_file>
      <input_file id="fl-de">
         <path>C:\ti\ccsv6\tools\compiler\arm_15.12.3.LTS\lib\</path>
         <kind>archive</kind>
         <file>rtsv7M4_T_le_v4SPD16_eabi.lib</file>
         <name>memset_t2.obj</name>
      </input_file>
      <input_file id="fl-df">
         <path>C:\ti\ccsv6\tools\compiler\arm_15.12.3.LTS\lib\</path>
         <kind>archive</kind>
         <file>rtsv7M4_T_le_v4SPD16_eabi.lib</file>
         <name>mpu_init.obj</name>
      </input_file>
      <input_file id="fl-e0">
         <path>C:\ti\ccsv6\tools\compiler\arm_15.12.3.LTS\lib\</path>
         <kind>archive</kind>
         <file>rtsv7M4_T_le_v4SPD16_eabi.lib</file>
         <name>pre_init.obj</name>
      </input_file>
      <input_file id="fl-e1">
         <path>C:\ti\ccsv6\tools\compiler\arm_15.12.3.LTS\lib\</path>
         <kind>archive</kind>
         <file>rtsv7M4_T_le_v4SPD16_eabi.lib</file>
         <name>s_atan.obj</name>
      </input_file>
      <input_file id="fl-e2">
         <path>C:\ti\ccsv6\tools\compiler\arm_15.12.3.LTS\lib\</path>
         <kind>archive</kind>
         <file>rtsv7M4_T_le_v4SPD16_eabi.lib</file>
         <name>stkdepth_vars.obj</name>
      </input_file>
      <input_file id="fl-e3">
         <path>C:\ti\ccsv6\tools\compiler\arm_15.12.3.LTS\lib\</path>
         <kind>archive</kind>
         <file>rtsv7M4_T_le_v4SPD16_eabi.lib</file>
         <name>u_tofd_t2.obj</name>
      </input_file>
      <input_file id="fl-e4">
         <path>C:\ti\ccsv6\tools\compiler\arm_15.12.3.LTS\lib\</path>
         <kind>archive</kind>
         <file>rtsv7M4_T_le_v4SPD16_eabi.lib</file>
         <name>_lock.obj</name>
      </input_file>
      <input_file id="fl-e5">
         <path>C:\ti\ccsv6\tools\compiler\arm_15.12.3.LTS\lib\</path>
         <kind>archive</kind>
         <file>rtsv7M4_T_le_v4SPD16_eabi.lib</file>
         <name>args_main.obj</name>
      </input_file>
      <input_file id="fl-e6">
         <path>C:\ti\ccsv6\tools\compiler\arm_15.12.3.LTS\lib\</path>
         <kind>archive</kind>
         <file>rtsv7M4_T_le_v4SPD16_eabi.lib</file>
         <name>autoinit.obj</name>
      </input_file>
      <input_file id="fl-e7">
         <path>C:\ti\ccsv6\tools\compiler\arm_15.12.3.LTS\lib\</path>
         <kind>archive</kind>
         <file>rtsv7M4_T_le_v4SPD16_eabi.lib</file>
         <name>cpy_tbl.obj</name>
      </input_file>
      <input_file id="fl-e8">
         <path>C:\ti\ccsv6\tools\compiler\arm_15.12.3.LTS\lib\</path>
         <kind>archive</kind>
         <file>rtsv7M4_T_le_v4SPD16_eabi.lib</file>
         <name>startup.obj</name>
      </input_file>
      <input_file id="fl-e9">
         <path>C:\ti\TivaWare_C_Series-2.1.4.178\driverlib\ccs\Debug\</path>
         <kind>archive</kind>
         <file>driverlib.lib</file>
         <name>gpio.obj</name>
      </input_file>
      <input_file id="fl-ea">
         <path>C:\ti\TivaWare_C_Series-2.1.4.178\driverlib\ccs\Debug\</path>
         <kind>archive</kind>
         <file>driverlib.lib</file>
         <name>i2c.obj</name>
      </input_file>
      <input_file id="fl-eb">
         <path>C:\ti\TivaWare_C_Series-2.1.4.178\driverlib\ccs\Debug\</path>
         <kind>archive</kind>
         <file>driverlib.lib</file>
         <name>interrupt.obj</name>
      </input_file>
      <input_file id="fl-ec">
         <path>C:\ti\TivaWare_C_Series-2.1.4.178\driverlib\ccs\Debug\</path>
         <kind>archive</kind>
         <file>driverlib.lib</file>
         <name>pwm.obj</name>
      </input_file>
      <input_file id="fl-ed">
         <path>C:\ti\TivaWare_C_Series-2.1.4.178\driverlib\ccs\Debug\</path>
         <kind>archive</kind>
         <file>driverlib.lib</file>
         <name>ssi.obj</name>
      </input_file>
      <input_file id="fl-ee">
         <path>C:\ti\TivaWare_C_Series-2.1.4.178\driverlib\ccs\Debug\</path>
         <kind>archive</kind>
         <file>driverlib.lib</file>
         <name>sysctl.obj</name>
      </input_file>
      <input_file id="fl-ef">
         <path>C:\ti\TivaWare_C_Series-2.1.4.178\driverlib\ccs\Debug\</path>
         <kind>archive</kind>
         <file>driverlib.lib</file>
         <name>timer.obj</name>
      </input_file>
      <input_file id="fl-f0">
         <path>C:\ti\TivaWare_C_Series-2.1.4.178\driverlib\ccs\Debug\</path>
         <kind>archive</kind>
         <file>driverlib.lib</file>
         <name>uart.obj</name>
      </input_file>
      <input_file id="fl-f1">
         <path>C:\ti\TivaWare_C_Series-2.1.4.178\driverlib\ccs\Debug\</path>
         <kind>archive</kind>
         <file>driverlib.lib</file>
         <name>cpu.obj</name>
      </input_file>
   </input_file_list>
   <object_component_list>
      <object_component id="oc-f">
         <name>.intvecs</name>
         <load_address>0x0</load_address>
         <run_address>0x0</run_address>
         <size>0x26c</size>
         <input_file_ref idref="fl-3"/>
      </object_component>
      <object_component id="oc-352">
         <name>.text</name>
         <load_address>0x26c</load_address>
         <run_address>0x26c</run_address>
         <size>0x8ac</size>
         <input_file_ref idref="fl-8"/>
      </object_component>
      <object_component id="oc-f5">
         <name>.text</name>
         <load_address>0xb18</load_address>
         <run_address>0xb18</run_address>
         <size>0x5f4</size>
         <input_file_ref idref="fl-9"/>
      </object_component>
      <object_component id="oc-37">
         <name>.text</name>
         <load_address>0x110c</load_address>
         <run_address>0x110c</run_address>
         <size>0x320</size>
         <input_file_ref idref="fl-f"/>
      </object_component>
      <object_component id="oc-43a">
         <name>.text</name>
         <load_address>0x142c</load_address>
         <run_address>0x142c</run_address>
         <size>0x2ec</size>
         <input_file_ref idref="fl-e1"/>
      </object_component>
      <object_component id="oc-2b4">
         <name>.text</name>
         <load_address>0x1718</load_address>
         <run_address>0x1718</run_address>
         <size>0x22c</size>
         <input_file_ref idref="fl-6"/>
      </object_component>
      <object_component id="oc-2ba">
         <name>.text</name>
         <load_address>0x1944</load_address>
         <run_address>0x1944</run_address>
         <size>0x1f8</size>
         <input_file_ref idref="fl-5"/>
      </object_component>
      <object_component id="oc-339">
         <name>.text</name>
         <load_address>0x1b3c</load_address>
         <run_address>0x1b3c</run_address>
         <size>0x1f4</size>
         <input_file_ref idref="fl-e"/>
      </object_component>
      <object_component id="oc-409">
         <name>.text</name>
         <load_address>0x1d30</load_address>
         <run_address>0x1d30</run_address>
         <size>0x1ec</size>
         <input_file_ref idref="fl-d4"/>
      </object_component>
      <object_component id="oc-3df">
         <name>.text</name>
         <load_address>0x1f1c</load_address>
         <run_address>0x1f1c</run_address>
         <size>0x1b6</size>
         <input_file_ref idref="fl-d6"/>
      </object_component>
      <object_component id="oc-71">
         <name>.text</name>
         <load_address>0x20d2</load_address>
         <run_address>0x20d2</run_address>
         <size>0x2</size>
         <input_file_ref idref="fl-df"/>
      </object_component>
      <object_component id="oc-1e5">
         <name>.text</name>
         <load_address>0x20d4</load_address>
         <run_address>0x20d4</run_address>
         <size>0x15c</size>
         <input_file_ref idref="fl-2"/>
      </object_component>
      <object_component id="oc-31">
         <name>.text</name>
         <load_address>0x2230</load_address>
         <run_address>0x2230</run_address>
         <size>0x140</size>
         <input_file_ref idref="fl-12"/>
      </object_component>
      <object_component id="oc-3e9">
         <name>.text</name>
         <load_address>0x2370</load_address>
         <run_address>0x2370</run_address>
         <size>0x136</size>
         <input_file_ref idref="fl-d8"/>
      </object_component>
      <object_component id="oc-20c">
         <name>.text:GPIOPadConfigSet</name>
         <load_address>0x24a6</load_address>
         <run_address>0x24a6</run_address>
         <size>0x132</size>
         <input_file_ref idref="fl-e9"/>
      </object_component>
      <object_component id="oc-b8">
         <name>.text:SysCtlClockGet</name>
         <load_address>0x25d8</load_address>
         <run_address>0x25d8</run_address>
         <size>0x110</size>
         <input_file_ref idref="fl-ee"/>
      </object_component>
      <object_component id="oc-34b">
         <name>.text</name>
         <load_address>0x26e8</load_address>
         <run_address>0x26e8</run_address>
         <size>0x104</size>
         <input_file_ref idref="fl-10"/>
      </object_component>
      <object_component id="oc-3d">
         <name>.text</name>
         <load_address>0x27ec</load_address>
         <run_address>0x27ec</run_address>
         <size>0x104</size>
         <input_file_ref idref="fl-13"/>
      </object_component>
      <object_component id="oc-3e4">
         <name>.text</name>
         <load_address>0x28f0</load_address>
         <run_address>0x28f0</run_address>
         <size>0xfc</size>
         <input_file_ref idref="fl-d9"/>
      </object_component>
      <object_component id="oc-389">
         <name>.text:SysCtlClockSet</name>
         <load_address>0x29ec</load_address>
         <run_address>0x29ec</run_address>
         <size>0xf4</size>
         <input_file_ref idref="fl-ee"/>
      </object_component>
      <object_component id="oc-239">
         <name>.text</name>
         <load_address>0x2ae0</load_address>
         <run_address>0x2ae0</run_address>
         <size>0xc4</size>
         <input_file_ref idref="fl-15"/>
      </object_component>
      <object_component id="oc-288">
         <name>.text:_PWMGenIntNumberGet</name>
         <load_address>0x2ba4</load_address>
         <run_address>0x2ba4</run_address>
         <size>0xb0</size>
         <input_file_ref idref="fl-ec"/>
      </object_component>
      <object_component id="oc-4c">
         <name>.text</name>
         <load_address>0x2c54</load_address>
         <run_address>0x2c54</run_address>
         <size>0x9c</size>
         <input_file_ref idref="fl-dd"/>
      </object_component>
      <object_component id="oc-3f3">
         <name>.text:__aeabi_cdcmple</name>
         <load_address>0x2cf0</load_address>
         <run_address>0x2cf0</run_address>
         <size>0x86</size>
         <input_file_ref idref="fl-d7"/>
      </object_component>
      <object_component id="oc-3ee">
         <name>.text:__aeabi_cdrcmple</name>
         <load_address>0x2d76</load_address>
         <run_address>0x2d76</run_address>
         <size>0x86</size>
         <input_file_ref idref="fl-d7"/>
      </object_component>
      <object_component id="oc-65">
         <name>.text</name>
         <load_address>0x2dfc</load_address>
         <run_address>0x2dfc</run_address>
         <size>0x7a</size>
         <input_file_ref idref="fl-de"/>
      </object_component>
      <object_component id="oc-1dd">
         <name>.text</name>
         <load_address>0x2e76</load_address>
         <run_address>0x2e76</run_address>
         <size>0x2</size>
         <input_file_ref idref="fl-e8"/>
      </object_component>
      <object_component id="oc-7d">
         <name>.text</name>
         <load_address>0x2e78</load_address>
         <run_address>0x2e78</run_address>
         <size>0x70</size>
         <input_file_ref idref="fl-e6"/>
      </object_component>
      <object_component id="oc-3ff">
         <name>.text</name>
         <load_address>0x2ee8</load_address>
         <run_address>0x2ee8</run_address>
         <size>0x6e</size>
         <input_file_ref idref="fl-da"/>
      </object_component>
      <object_component id="oc-58">
         <name>.text</name>
         <load_address>0x2f56</load_address>
         <run_address>0x2f56</run_address>
         <size>0x6a</size>
         <input_file_ref idref="fl-d2"/>
      </object_component>
      <object_component id="oc-19a">
         <name>.text:IntEnable</name>
         <load_address>0x2fc0</load_address>
         <run_address>0x2fc0</run_address>
         <size>0x68</size>
         <input_file_ref idref="fl-eb"/>
      </object_component>
      <object_component id="oc-399">
         <name>.text:TimerConfigure</name>
         <load_address>0x3028</load_address>
         <run_address>0x3028</run_address>
         <size>0x60</size>
         <input_file_ref idref="fl-ef"/>
      </object_component>
      <object_component id="oc-345">
         <name>.text</name>
         <load_address>0x3088</load_address>
         <run_address>0x3088</run_address>
         <size>0x54</size>
         <input_file_ref idref="fl-11"/>
      </object_component>
      <object_component id="oc-24">
         <name>.text</name>
         <load_address>0x30dc</load_address>
         <run_address>0x30dc</run_address>
         <size>0x54</size>
         <input_file_ref idref="fl-d0"/>
      </object_component>
      <object_component id="oc-89">
         <name>.text</name>
         <load_address>0x3130</load_address>
         <run_address>0x3130</run_address>
         <size>0x54</size>
         <input_file_ref idref="fl-d5"/>
      </object_component>
      <object_component id="oc-10d">
         <name>.text:SysCtlPeripheralReset</name>
         <load_address>0x3184</load_address>
         <run_address>0x3184</run_address>
         <size>0x50</size>
         <input_file_ref idref="fl-ee"/>
      </object_component>
      <object_component id="oc-11f">
         <name>.text:I2CMasterInitExpClk</name>
         <load_address>0x31d4</load_address>
         <run_address>0x31d4</run_address>
         <size>0x4c</size>
         <input_file_ref idref="fl-ea"/>
      </object_component>
      <object_component id="oc-1d7">
         <name>.text</name>
         <load_address>0x3220</load_address>
         <run_address>0x3220</run_address>
         <size>0x4c</size>
         <input_file_ref idref="fl-e7"/>
      </object_component>
      <object_component id="oc-2b">
         <name>.text</name>
         <load_address>0x326c</load_address>
         <run_address>0x326c</run_address>
         <size>0x4c</size>
         <input_file_ref idref="fl-3"/>
      </object_component>
      <object_component id="oc-ac">
         <name>.text:GPIOPinConfigure</name>
         <load_address>0x32b8</load_address>
         <run_address>0x32b8</run_address>
         <size>0x48</size>
         <input_file_ref idref="fl-e9"/>
      </object_component>
      <object_component id="oc-be">
         <name>.text:UARTConfigSetExpClk</name>
         <load_address>0x3300</load_address>
         <run_address>0x3300</run_address>
         <size>0x46</size>
         <input_file_ref idref="fl-f0"/>
      </object_component>
      <object_component id="oc-21f">
         <name>.text:_UARTIntNumberGet</name>
         <load_address>0x3348</load_address>
         <run_address>0x3348</run_address>
         <size>0x40</size>
         <input_file_ref idref="fl-f0"/>
      </object_component>
      <object_component id="oc-302">
         <name>.text:SSIConfigSetExpClk</name>
         <load_address>0x3388</load_address>
         <run_address>0x3388</run_address>
         <size>0x3c</size>
         <input_file_ref idref="fl-ed"/>
      </object_component>
      <object_component id="oc-a6">
         <name>.text:SysCtlPeripheralReady</name>
         <load_address>0x33c4</load_address>
         <run_address>0x33c4</run_address>
         <size>0x38</size>
         <input_file_ref idref="fl-ee"/>
      </object_component>
      <object_component id="oc-404">
         <name>.text</name>
         <load_address>0x33fc</load_address>
         <run_address>0x33fc</run_address>
         <size>0x38</size>
         <input_file_ref idref="fl-db"/>
      </object_component>
      <object_component id="oc-225">
         <name>.text:IntRegister</name>
         <load_address>0x3434</load_address>
         <run_address>0x3434</run_address>
         <size>0x34</size>
         <input_file_ref idref="fl-eb"/>
      </object_component>
      <object_component id="oc-a0">
         <name>.text:SysCtlPeripheralEnable</name>
         <load_address>0x3468</load_address>
         <run_address>0x3468</run_address>
         <size>0x34</size>
         <input_file_ref idref="fl-ee"/>
      </object_component>
      <object_component id="oc-3d5">
         <name>.text</name>
         <load_address>0x349c</load_address>
         <run_address>0x349c</run_address>
         <size>0x2e</size>
         <input_file_ref idref="fl-dc"/>
      </object_component>
      <object_component id="oc-206">
         <name>.text:GPIODirModeSet</name>
         <load_address>0x34ca</load_address>
         <run_address>0x34ca</run_address>
         <size>0x2a</size>
         <input_file_ref idref="fl-e9"/>
      </object_component>
      <object_component id="oc-2a8">
         <name>.text</name>
         <load_address>0x34f4</load_address>
         <run_address>0x34f4</run_address>
         <size>0x28</size>
         <input_file_ref idref="fl-d"/>
      </object_component>
      <object_component id="oc-3b2">
         <name>.text:IntPrioritySet</name>
         <load_address>0x351c</load_address>
         <run_address>0x351c</run_address>
         <size>0x24</size>
         <input_file_ref idref="fl-eb"/>
      </object_component>
      <object_component id="oc-16a">
         <name>.text:PWMGenConfigure</name>
         <load_address>0x3540</load_address>
         <run_address>0x3540</run_address>
         <size>0x22</size>
         <input_file_ref idref="fl-ec"/>
      </object_component>
      <object_component id="oc-217">
         <name>.text:UARTDisable</name>
         <load_address>0x3564</load_address>
         <run_address>0x3564</run_address>
         <size>0x20</size>
         <input_file_ref idref="fl-f0"/>
      </object_component>
      <object_component id="oc-3da">
         <name>.text</name>
         <load_address>0x3584</load_address>
         <run_address>0x3584</run_address>
         <size>0x20</size>
         <input_file_ref idref="fl-e3"/>
      </object_component>
      <object_component id="oc-176">
         <name>.text:PWMPulseWidthSet</name>
         <load_address>0x35a4</load_address>
         <run_address>0x35a4</run_address>
         <size>0x1e</size>
         <input_file_ref idref="fl-ec"/>
      </object_component>
      <object_component id="oc-43">
         <name>.text</name>
         <load_address>0x35c4</load_address>
         <run_address>0x35c4</run_address>
         <size>0x1c</size>
         <input_file_ref idref="fl-a"/>
      </object_component>
      <object_component id="oc-33f">
         <name>.text</name>
         <load_address>0x35e0</load_address>
         <run_address>0x35e0</run_address>
         <size>0x1c</size>
         <input_file_ref idref="fl-14"/>
      </object_component>
      <object_component id="oc-382">
         <name>.text:GPIOPinTypeGPIOOutput</name>
         <load_address>0x35fc</load_address>
         <run_address>0x35fc</run_address>
         <size>0x18</size>
         <input_file_ref idref="fl-e9"/>
      </object_component>
      <object_component id="oc-194">
         <name>.text:PWMGenIntRegister</name>
         <load_address>0x3614</load_address>
         <run_address>0x3614</run_address>
         <size>0x18</size>
         <input_file_ref idref="fl-ec"/>
      </object_component>
      <object_component id="oc-c4">
         <name>.text:UARTIntRegister</name>
         <load_address>0x362c</load_address>
         <run_address>0x362c</run_address>
         <size>0x18</size>
         <input_file_ref idref="fl-f0"/>
      </object_component>
      <object_component id="oc-83">
         <name>.text</name>
         <load_address>0x3644</load_address>
         <run_address>0x3644</run_address>
         <size>0x18</size>
         <input_file_ref idref="fl-e5"/>
      </object_component>
      <object_component id="oc-2ae">
         <name>.text</name>
         <load_address>0x365c</load_address>
         <run_address>0x365c</run_address>
         <size>0x16</size>
         <input_file_ref idref="fl-7"/>
      </object_component>
      <object_component id="oc-15e">
         <name>.text:SysCtlPWMClockSet</name>
         <load_address>0x3674</load_address>
         <run_address>0x3674</run_address>
         <size>0x14</size>
         <input_file_ref idref="fl-ee"/>
      </object_component>
      <object_component id="oc-ca">
         <name>.text:UARTEnable</name>
         <load_address>0x3688</load_address>
         <run_address>0x3688</run_address>
         <size>0x14</size>
         <input_file_ref idref="fl-f0"/>
      </object_component>
      <object_component id="oc-2d0">
         <name>.text</name>
         <load_address>0x369c</load_address>
         <run_address>0x369c</run_address>
         <size>0x14</size>
         <input_file_ref idref="fl-e4"/>
      </object_component>
      <object_component id="oc-119">
         <name>.text:GPIOPinTypeI2C</name>
         <load_address>0x36b0</load_address>
         <run_address>0x36b0</run_address>
         <size>0x12</size>
         <input_file_ref idref="fl-e9"/>
      </object_component>
      <object_component id="oc-113">
         <name>.text:GPIOPinTypeI2CSCL</name>
         <load_address>0x36c2</load_address>
         <run_address>0x36c2</run_address>
         <size>0x12</size>
         <input_file_ref idref="fl-e9"/>
      </object_component>
      <object_component id="oc-164">
         <name>.text:GPIOPinTypePWM</name>
         <load_address>0x36d4</load_address>
         <run_address>0x36d4</run_address>
         <size>0x12</size>
         <input_file_ref idref="fl-e9"/>
      </object_component>
      <object_component id="oc-2fc">
         <name>.text:GPIOPinTypeSSI</name>
         <load_address>0x36e6</load_address>
         <run_address>0x36e6</run_address>
         <size>0x12</size>
         <input_file_ref idref="fl-e9"/>
      </object_component>
      <object_component id="oc-b2">
         <name>.text:GPIOPinTypeUART</name>
         <load_address>0x36f8</load_address>
         <run_address>0x36f8</run_address>
         <size>0x12</size>
         <input_file_ref idref="fl-e9"/>
      </object_component>
      <object_component id="oc-17c">
         <name>.text:PWMOutputState</name>
         <load_address>0x370a</load_address>
         <run_address>0x370a</run_address>
         <size>0x12</size>
         <input_file_ref idref="fl-ec"/>
      </object_component>
      <object_component id="oc-39f">
         <name>.text:TimerLoadSet</name>
         <load_address>0x371c</load_address>
         <run_address>0x371c</run_address>
         <size>0x12</size>
         <input_file_ref idref="fl-ef"/>
      </object_component>
      <object_component id="oc-158">
         <name>.text:IntMasterEnable</name>
         <load_address>0x372e</load_address>
         <run_address>0x372e</run_address>
         <size>0x10</size>
         <input_file_ref idref="fl-eb"/>
      </object_component>
      <object_component id="oc-170">
         <name>.text:PWMGenPeriodSet</name>
         <load_address>0x373e</load_address>
         <run_address>0x373e</run_address>
         <size>0x10</size>
         <input_file_ref idref="fl-ec"/>
      </object_component>
      <object_component id="oc-3ab">
         <name>.text:TimerEnable</name>
         <load_address>0x374e</load_address>
         <run_address>0x374e</run_address>
         <size>0xe</size>
         <input_file_ref idref="fl-ef"/>
      </object_component>
      <object_component id="oc-fb">
         <name>.text:UARTCharsAvail</name>
         <load_address>0x375c</load_address>
         <run_address>0x375c</run_address>
         <size>0xe</size>
         <input_file_ref idref="fl-f0"/>
      </object_component>
      <object_component id="oc-12">
         <name>.text:decompress:none</name>
         <load_address>0x376a</load_address>
         <run_address>0x376a</run_address>
         <size>0xe</size>
         <input_file_ref idref="fl-d1"/>
      </object_component>
      <object_component id="oc-278">
         <name>.text:CPUcpsie</name>
         <load_address>0x3778</load_address>
         <run_address>0x3778</run_address>
         <size>0xc</size>
         <input_file_ref idref="fl-f1"/>
      </object_component>
      <object_component id="oc-1a0">
         <name>.text:PWMGenDisable</name>
         <load_address>0x3784</load_address>
         <run_address>0x3784</run_address>
         <size>0xc</size>
         <input_file_ref idref="fl-ec"/>
      </object_component>
      <object_component id="oc-182">
         <name>.text:PWMGenEnable</name>
         <load_address>0x3790</load_address>
         <run_address>0x3790</run_address>
         <size>0xc</size>
         <input_file_ref idref="fl-ec"/>
      </object_component>
      <object_component id="oc-25b">
         <name>.text:I2CMasterEnable</name>
         <load_address>0x379c</load_address>
         <run_address>0x379c</run_address>
         <size>0xa</size>
         <input_file_ref idref="fl-ea"/>
      </object_component>
      <object_component id="oc-143">
         <name>.text:I2CMasterIntStatusEx</name>
         <load_address>0x37a6</load_address>
         <run_address>0x37a6</run_address>
         <size>0xa</size>
         <input_file_ref idref="fl-ea"/>
      </object_component>
      <object_component id="oc-18e">
         <name>.text:PWMGenIntTrigEnable</name>
         <load_address>0x37b0</load_address>
         <run_address>0x37b0</run_address>
         <size>0xa</size>
         <input_file_ref idref="fl-ec"/>
      </object_component>
      <object_component id="oc-30e">
         <name>.text:SSIDataPut</name>
         <load_address>0x37ba</load_address>
         <run_address>0x37ba</run_address>
         <size>0xa</size>
         <input_file_ref idref="fl-ed"/>
      </object_component>
      <object_component id="oc-308">
         <name>.text:SSIEnable</name>
         <load_address>0x37c4</load_address>
         <run_address>0x37c4</run_address>
         <size>0xa</size>
         <input_file_ref idref="fl-ed"/>
      </object_component>
      <object_component id="oc-ef">
         <name>.text:UARTCharGet</name>
         <load_address>0x37ce</load_address>
         <run_address>0x37ce</run_address>
         <size>0xa</size>
         <input_file_ref idref="fl-f0"/>
      </object_component>
      <object_component id="oc-dc">
         <name>.text:UARTCharPut</name>
         <load_address>0x37d8</load_address>
         <run_address>0x37d8</run_address>
         <size>0xa</size>
         <input_file_ref idref="fl-f0"/>
      </object_component>
      <object_component id="oc-e3">
         <name>.text:UARTIntStatus</name>
         <load_address>0x37e2</load_address>
         <run_address>0x37e2</run_address>
         <size>0xa</size>
         <input_file_ref idref="fl-f0"/>
      </object_component>
      <object_component id="oc-137">
         <name>.text:I2CMasterBusy</name>
         <load_address>0x37ec</load_address>
         <run_address>0x37ec</run_address>
         <size>0x8</size>
         <input_file_ref idref="fl-ea"/>
      </object_component>
      <object_component id="oc-125">
         <name>.text:I2CMasterSlaveAddrSet</name>
         <load_address>0x37f4</load_address>
         <run_address>0x37f4</run_address>
         <size>0x8</size>
         <input_file_ref idref="fl-ea"/>
      </object_component>
      <object_component id="oc-188">
         <name>.text:PWMIntEnable</name>
         <load_address>0x37fc</load_address>
         <run_address>0x37fc</run_address>
         <size>0x8</size>
         <input_file_ref idref="fl-ec"/>
      </object_component>
      <object_component id="oc-314">
         <name>.text:SSIBusy</name>
         <load_address>0x3804</load_address>
         <run_address>0x3804</run_address>
         <size>0x8</size>
         <input_file_ref idref="fl-ed"/>
      </object_component>
      <object_component id="oc-3a5">
         <name>.text:TimerIntEnable</name>
         <load_address>0x380c</load_address>
         <run_address>0x380c</run_address>
         <size>0x8</size>
         <input_file_ref idref="fl-ef"/>
      </object_component>
      <object_component id="oc-d6">
         <name>.text:UARTBusy</name>
         <load_address>0x3814</load_address>
         <run_address>0x3814</run_address>
         <size>0x8</size>
         <input_file_ref idref="fl-f0"/>
      </object_component>
      <object_component id="oc-d0">
         <name>.text:UARTIntEnable</name>
         <load_address>0x381c</load_address>
         <run_address>0x381c</run_address>
         <size>0x8</size>
         <input_file_ref idref="fl-f0"/>
      </object_component>
      <object_component id="oc-233">
         <name>.text:GPIOPinWrite</name>
         <load_address>0x3824</load_address>
         <run_address>0x3824</run_address>
         <size>0x6</size>
         <input_file_ref idref="fl-e9"/>
      </object_component>
      <object_component id="oc-93">
         <name>.text:PWMGenIntClear</name>
         <load_address>0x382a</load_address>
         <run_address>0x382a</run_address>
         <size>0x6</size>
         <input_file_ref idref="fl-ec"/>
      </object_component>
      <object_component id="oc-e2">
         <name>.text:SysCtlDelay</name>
         <load_address>0x3830</load_address>
         <run_address>0x3830</run_address>
         <size>0x6</size>
         <input_file_ref idref="fl-ee"/>
      </object_component>
      <object_component id="oc-393">
         <name>.text:TimerClockSourceSet</name>
         <load_address>0x3836</load_address>
         <run_address>0x3836</run_address>
         <size>0x6</size>
         <input_file_ref idref="fl-ef"/>
      </object_component>
      <object_component id="oc-18">
         <name>.text:decompress:rle24</name>
         <load_address>0x383c</load_address>
         <run_address>0x383c</run_address>
         <size>0x6</size>
         <input_file_ref idref="fl-d2"/>
      </object_component>
      <object_component id="oc-131">
         <name>.text:I2CMasterControl</name>
         <load_address>0x3842</load_address>
         <run_address>0x3842</run_address>
         <size>0x4</size>
         <input_file_ref idref="fl-ea"/>
      </object_component>
      <object_component id="oc-13d">
         <name>.text:I2CMasterDataGet</name>
         <load_address>0x3846</load_address>
         <run_address>0x3846</run_address>
         <size>0x4</size>
         <input_file_ref idref="fl-ea"/>
      </object_component>
      <object_component id="oc-12b">
         <name>.text:I2CMasterDataPut</name>
         <load_address>0x384a</load_address>
         <run_address>0x384a</run_address>
         <size>0x4</size>
         <input_file_ref idref="fl-ea"/>
      </object_component>
      <object_component id="oc-149">
         <name>.text:I2CMasterIntClearEx</name>
         <load_address>0x384e</load_address>
         <run_address>0x384e</run_address>
         <size>0x4</size>
         <input_file_ref idref="fl-ea"/>
      </object_component>
      <object_component id="oc-1aa">
         <name>.text:TimerIntClear</name>
         <load_address>0x3852</load_address>
         <run_address>0x3852</run_address>
         <size>0x4</size>
         <input_file_ref idref="fl-ef"/>
      </object_component>
      <object_component id="oc-e9">
         <name>.text:UARTIntClear</name>
         <load_address>0x3856</load_address>
         <run_address>0x3856</run_address>
         <size>0x4</size>
         <input_file_ref idref="fl-f0"/>
      </object_component>
      <object_component id="oc-77">
         <name>.text</name>
         <load_address>0x385a</load_address>
         <run_address>0x385a</run_address>
         <size>0x4</size>
         <input_file_ref idref="fl-e0"/>
      </object_component>
      <object_component id="oc-249">
         <name>.const:font</name>
         <load_address>0x3860</load_address>
         <run_address>0x3860</run_address>
         <size>0x23a</size>
         <input_file_ref idref="fl-9"/>
      </object_component>
      <object_component id="oc-427">
         <name>.const:g_pui32Regs</name>
         <load_address>0x3a9c</load_address>
         <run_address>0x3a9c</run_address>
         <size>0x9c</size>
         <input_file_ref idref="fl-eb"/>
      </object_component>
      <object_component id="oc-449">
         <name>.const:$O1$$</name>
         <load_address>0x3b38</load_address>
         <run_address>0x3b38</run_address>
         <size>0x98</size>
         <input_file_ref idref="fl-e1"/>
      </object_component>
      <object_component id="oc-201">
         <name>.const:g_pui32GPIOBaseAddrs</name>
         <load_address>0x3bd0</load_address>
         <run_address>0x3bd0</run_address>
         <size>0x90</size>
         <input_file_ref idref="fl-e9"/>
      </object_component>
      <object_component id="oc-28f">
         <name>.const</name>
         <load_address>0x3c60</load_address>
         <run_address>0x3c60</run_address>
         <size>0x70</size>
         <input_file_ref idref="fl-eb"/>
      </object_component>
      <object_component id="oc-213">
         <name>.const:g_pui32Xtals</name>
         <load_address>0x3cd0</load_address>
         <run_address>0x3cd0</run_address>
         <size>0x6c</size>
         <input_file_ref idref="fl-ee"/>
      </object_component>
      <object_component id="oc-2f0">
         <name>.const:g_ppui32UARTIntMap</name>
         <load_address>0x3d3c</load_address>
         <run_address>0x3d3c</run_address>
         <size>0x40</size>
         <input_file_ref idref="fl-f0"/>
      </object_component>
      <object_component id="oc-2f3">
         <name>.const:g_ppui32UARTIntMapSnowflake</name>
         <load_address>0x3d7c</load_address>
         <run_address>0x3d7c</run_address>
         <size>0x40</size>
         <input_file_ref idref="fl-f0"/>
      </object_component>
      <object_component id="oc-243">
         <name>.const:.string:$P$T0$1</name>
         <load_address>0x3dbc</load_address>
         <run_address>0x3dbc</run_address>
         <size>0x5</size>
         <input_file_ref idref="fl-9"/>
      </object_component>
      <object_component id="oc-246">
         <name>.const:.string:$P$T1$2</name>
         <load_address>0x3dc1</load_address>
         <run_address>0x3dc1</run_address>
         <size>0x5</size>
         <input_file_ref idref="fl-9"/>
      </object_component>
      <object_component id="oc-477">
         <name>.cinit..data.load</name>
         <load_address>0x3dc8</load_address>
         <run_address>0x3dc8</run_address>
         <size>0x65</size>
      </object_component>
      <object_component id="oc-478">
         <name>.cinit..bss.load</name>
         <load_address>0x3e30</load_address>
         <run_address>0x3e30</run_address>
         <size>0xb</size>
      </object_component>
      <object_component id="oc-476">
         <name>.cinit..vtable.load</name>
         <load_address>0x3e40</load_address>
         <run_address>0x3e40</run_address>
         <size>0xb</size>
      </object_component>
      <object_component id="oc-474">
         <name>__TI_handler_table</name>
         <load_address>0x3e4c</load_address>
         <run_address>0x3e4c</run_address>
         <size>0x8</size>
      </object_component>
      <object_component id="oc-475">
         <name>__TI_cinit_table</name>
         <load_address>0x3e54</load_address>
         <run_address>0x3e54</run_address>
         <size>0x18</size>
      </object_component>
      <object_component id="oc-2f7">
         <name>.vtable</name>
         <uninitialized>true</uninitialized>
         <run_address>0x20000000</run_address>
         <size>0x26c</size>
         <input_file_ref idref="fl-eb"/>
      </object_component>
      <object_component id="oc-2c0">
         <name>.data</name>
         <load_address>0x200011f0</load_address>
         <run_address>0x200011f0</run_address>
         <size>0x83</size>
         <input_file_ref idref="fl-2"/>
      </object_component>
      <object_component id="oc-359">
         <name>.data</name>
         <load_address>0x200012d8</load_address>
         <run_address>0x200012d8</run_address>
         <size>0x14</size>
         <input_file_ref idref="fl-6"/>
      </object_component>
      <object_component id="oc-3fb">
         <name>.data</name>
         <load_address>0x200012b8</load_address>
         <run_address>0x200012b8</run_address>
         <size>0x20</size>
         <input_file_ref idref="fl-8"/>
      </object_component>
      <object_component id="oc-240">
         <name>.data:Init2Arr</name>
         <load_address>0x200012f8</load_address>
         <run_address>0x200012f8</run_address>
         <size>0x9</size>
         <input_file_ref idref="fl-9"/>
      </object_component>
      <object_component id="oc-99">
         <name>.data</name>
         <load_address>0x20001278</load_address>
         <run_address>0x20001278</run_address>
         <size>0x40</size>
         <input_file_ref idref="fl-a"/>
      </object_component>
      <object_component id="oc-104">
         <name>.data</name>
         <load_address>0x20001274</load_address>
         <run_address>0x20001274</run_address>
         <size>0x4</size>
         <input_file_ref idref="fl-12"/>
      </object_component>
      <object_component id="oc-1a6">
         <name>.data</name>
         <load_address>0x2000130c</load_address>
         <run_address>0x2000130c</run_address>
         <size>0x4</size>
         <input_file_ref idref="fl-13"/>
      </object_component>
      <object_component id="oc-38f">
         <name>.data</name>
         <load_address>0x20001310</load_address>
         <run_address>0x20001310</run_address>
         <size>0x4</size>
         <input_file_ref idref="fl-14"/>
      </object_component>
      <object_component id="oc-1ed">
         <name>.data:$O1$$</name>
         <load_address>0x200012ec</load_address>
         <run_address>0x200012ec</run_address>
         <size>0xc</size>
         <input_file_ref idref="fl-d5"/>
      </object_component>
      <object_component id="oc-8f">
         <name>.data</name>
         <load_address>0x20001314</load_address>
         <run_address>0x20001314</run_address>
         <size>0x4</size>
         <input_file_ref idref="fl-e2"/>
      </object_component>
      <object_component id="oc-1f0">
         <name>.data:$O1$$</name>
         <load_address>0x20001304</load_address>
         <run_address>0x20001304</run_address>
         <size>0x8</size>
         <input_file_ref idref="fl-e4"/>
      </object_component>
      <object_component id="oc-35d">
         <name>.common:Init</name>
         <uninitialized>true</uninitialized>
         <run_address>0x20001165</run_address>
         <size>0x3</size>
      </object_component>
      <object_component id="oc-360">
         <name>.common:Tester</name>
         <uninitialized>true</uninitialized>
         <run_address>0x2000119a</run_address>
         <size>0x6</size>
      </object_component>
      <object_component id="oc-361">
         <name>.common:SensData</name>
         <uninitialized>true</uninitialized>
         <run_address>0x2000118b</run_address>
         <size>0xf</size>
      </object_component>
      <object_component id="oc-3be">
         <name>.common:ACCX</name>
         <uninitialized>true</uninitialized>
         <run_address>0x20000e7c</run_address>
         <size>0x28</size>
      </object_component>
      <object_component id="oc-3c1">
         <name>.common:ACCY</name>
         <uninitialized>true</uninitialized>
         <run_address>0x20000ea4</run_address>
         <size>0x28</size>
      </object_component>
      <object_component id="oc-3c2">
         <name>.common:ACCZ</name>
         <uninitialized>true</uninitialized>
         <run_address>0x20000ecc</run_address>
         <size>0x28</size>
      </object_component>
      <object_component id="oc-3c3">
         <name>.common:GYRX</name>
         <uninitialized>true</uninitialized>
         <run_address>0x20000f6c</run_address>
         <size>0x28</size>
      </object_component>
      <object_component id="oc-3c4">
         <name>.common:GYRY</name>
         <uninitialized>true</uninitialized>
         <run_address>0x20000f94</run_address>
         <size>0x28</size>
      </object_component>
      <object_component id="oc-3c5">
         <name>.common:GYRZ</name>
         <uninitialized>true</uninitialized>
         <run_address>0x20000fbc</run_address>
         <size>0x28</size>
      </object_component>
      <object_component id="oc-3c6">
         <name>.common:WHOAMI</name>
         <uninitialized>true</uninitialized>
         <run_address>0x200010ac</run_address>
         <size>0x28</size>
      </object_component>
      <object_component id="oc-3c7">
         <name>.common:WHOIAM</name>
         <uninitialized>true</uninitialized>
         <run_address>0x200010d4</run_address>
         <size>0x28</size>
      </object_component>
      <object_component id="oc-3d4">
         <name>.common:ResetMag</name>
         <uninitialized>true</uninitialized>
         <run_address>0x20001084</run_address>
         <size>0x28</size>
      </object_component>
      <object_component id="oc-3c8">
         <name>.common:GetMode</name>
         <uninitialized>true</uninitialized>
         <run_address>0x20000fe4</run_address>
         <size>0x28</size>
      </object_component>
      <object_component id="oc-3ce">
         <name>.common:MagX</name>
         <uninitialized>true</uninitialized>
         <run_address>0x2000100c</run_address>
         <size>0x28</size>
      </object_component>
      <object_component id="oc-3d1">
         <name>.common:ASAX</name>
         <uninitialized>true</uninitialized>
         <run_address>0x20000ef4</run_address>
         <size>0x28</size>
      </object_component>
      <object_component id="oc-3cf">
         <name>.common:MagY</name>
         <uninitialized>true</uninitialized>
         <run_address>0x20001034</run_address>
         <size>0x28</size>
      </object_component>
      <object_component id="oc-3d2">
         <name>.common:ASAY</name>
         <uninitialized>true</uninitialized>
         <run_address>0x20000f1c</run_address>
         <size>0x28</size>
      </object_component>
      <object_component id="oc-3d0">
         <name>.common:MagZ</name>
         <uninitialized>true</uninitialized>
         <run_address>0x2000105c</run_address>
         <size>0x28</size>
      </object_component>
      <object_component id="oc-3d3">
         <name>.common:ASAZ</name>
         <uninitialized>true</uninitialized>
         <run_address>0x20000f44</run_address>
         <size>0x28</size>
      </object_component>
      <object_component id="oc-3cb">
         <name>.common:Conf</name>
         <uninitialized>true</uninitialized>
         <run_address>0x20001126</run_address>
         <size>0x15</size>
      </object_component>
      <object_component id="oc-3ca">
         <name>.common:Reset</name>
         <uninitialized>true</uninitialized>
         <run_address>0x2000113b</run_address>
         <size>0x15</size>
      </object_component>
      <object_component id="oc-3cc">
         <name>.common:Bypass</name>
         <uninitialized>true</uninitialized>
         <run_address>0x200010fc</run_address>
         <size>0x15</size>
      </object_component>
      <object_component id="oc-3cd">
         <name>.common:BypassOff</name>
         <uninitialized>true</uninitialized>
         <run_address>0x20001111</run_address>
         <size>0x15</size>
      </object_component>
      <object_component id="oc-3c9">
         <name>.common:SetMode</name>
         <uninitialized>true</uninitialized>
         <run_address>0x20001150</run_address>
         <size>0x15</size>
      </object_component>
      <object_component id="oc-3f8">
         <name>.common:Hx</name>
         <uninitialized>true</uninitialized>
         <run_address>0x200011a0</run_address>
         <size>0x8</size>
      </object_component>
      <object_component id="oc-40f">
         <name>.common:Hx_f</name>
         <uninitialized>true</uninitialized>
         <run_address>0x200011a8</run_address>
         <size>0x8</size>
      </object_component>
      <object_component id="oc-3f9">
         <name>.common:Hy</name>
         <uninitialized>true</uninitialized>
         <run_address>0x200011b0</run_address>
         <size>0x8</size>
      </object_component>
      <object_component id="oc-3fe">
         <name>.common:Hy_f</name>
         <uninitialized>true</uninitialized>
         <run_address>0x200011b8</run_address>
         <size>0x8</size>
      </object_component>
      <object_component id="oc-3fa">
         <name>.common:Hz</name>
         <uninitialized>true</uninitialized>
         <run_address>0x200011c0</run_address>
         <size>0x8</size>
      </object_component>
      <object_component id="oc-410">
         <name>.common:Hz_f</name>
         <uninitialized>true</uninitialized>
         <run_address>0x200011c8</run_address>
         <size>0x8</size>
      </object_component>
      <object_component id="oc-411">
         <name>.common:phi</name>
         <uninitialized>true</uninitialized>
         <run_address>0x200011e8</run_address>
         <size>0x4</size>
      </object_component>
      <object_component id="oc-2c3">
         <name>.common:Buttons</name>
         <uninitialized>true</uninitialized>
         <run_address>0x200011ec</run_address>
         <size>0x2</size>
      </object_component>
      <object_component id="oc-9c">
         <name>.common:ADC1</name>
         <uninitialized>true</uninitialized>
         <run_address>0x20001168</run_address>
         <size>0x14</size>
      </object_component>
      <object_component id="oc-23f">
         <name>.common:SpiCom</name>
         <uninitialized>true</uninitialized>
         <run_address>0x20000c78</run_address>
         <size>0x204</size>
      </object_component>
      <object_component id="oc-152">
         <name>.common:Motion</name>
         <uninitialized>true</uninitialized>
         <run_address>0x20000a70</run_address>
         <size>0x208</size>
      </object_component>
      <object_component id="oc-14f">
         <name>.common:act_data</name>
         <uninitialized>true</uninitialized>
         <run_address>0x200011d4</run_address>
         <size>0x4</size>
      </object_component>
      <object_component id="oc-155">
         <name>.common:currentstate</name>
         <uninitialized>true</uninitialized>
         <run_address>0x200011d8</run_address>
         <size>0x4</size>
      </object_component>
      <object_component id="oc-156">
         <name>.common:nextstate</name>
         <uninitialized>true</uninitialized>
         <run_address>0x200011e4</run_address>
         <size>0x4</size>
      </object_component>
      <object_component id="oc-3bc">
         <name>.common:Period</name>
         <uninitialized>true</uninitialized>
         <run_address>0x200011d0</run_address>
         <size>0x4</size>
      </object_component>
      <object_component id="oc-3b8">
         <name>.common:dCThrottle</name>
         <uninitialized>true</uninitialized>
         <run_address>0x200011e0</run_address>
         <size>0x4</size>
      </object_component>
      <object_component id="oc-3bb">
         <name>.common:dCSteering</name>
         <uninitialized>true</uninitialized>
         <run_address>0x200011dc</run_address>
         <size>0x4</size>
      </object_component>
      <object_component id="oc-101">
         <name>.common:RxData</name>
         <uninitialized>true</uninitialized>
         <run_address>0x2000117c</run_address>
         <size>0xf</size>
      </object_component>
      <object_component id="oc-2a">
         <name>.stack</name>
         <uninitialized>true</uninitialized>
         <run_address>0x2000026c</run_address>
         <size>0x0</size>
         <input_file_ref idref="fl-d0"/>
      </object_component>
      <object_component id="oc-479">
         <name>.stack</name>
         <uninitialized>true</uninitialized>
         <run_address>0x2000026c</run_address>
         <size>0x0</size>
      </object_component>
      <object_component id="oc-325">
         <name>.debug_info</name>
         <load_address>0x0</load_address>
         <run_address>0x0</run_address>
         <size>0x393</size>
         <input_file_ref idref="fl-2"/>
      </object_component>
      <object_component id="oc-2c1">
         <name>.debug_info</name>
         <load_address>0x393</load_address>
         <run_address>0x393</run_address>
         <size>0x52f</size>
         <input_file_ref idref="fl-2"/>
      </object_component>
      <object_component id="oc-1e7">
         <name>.debug_info</name>
         <load_address>0x8c2</load_address>
         <run_address>0x8c2</run_address>
         <size>0x203</size>
         <input_file_ref idref="fl-2"/>
      </object_component>
      <object_component id="oc-365">
         <name>.debug_info</name>
         <load_address>0xac5</load_address>
         <run_address>0xac5</run_address>
         <size>0x95</size>
         <input_file_ref idref="fl-2"/>
      </object_component>
      <object_component id="oc-26c">
         <name>.debug_info</name>
         <load_address>0xb5a</load_address>
         <run_address>0xb5a</run_address>
         <size>0x34c</size>
         <input_file_ref idref="fl-2"/>
      </object_component>
      <object_component id="oc-36c">
         <name>.debug_info</name>
         <load_address>0xea6</load_address>
         <run_address>0xea6</run_address>
         <size>0x5e</size>
         <input_file_ref idref="fl-2"/>
      </object_component>
      <object_component id="oc-273">
         <name>.debug_info</name>
         <load_address>0xf04</load_address>
         <run_address>0xf04</run_address>
         <size>0x156</size>
         <input_file_ref idref="fl-2"/>
      </object_component>
      <object_component id="oc-251">
         <name>.debug_info</name>
         <load_address>0x105a</load_address>
         <run_address>0x105a</run_address>
         <size>0x109</size>
         <input_file_ref idref="fl-2"/>
      </object_component>
      <object_component id="oc-417">
         <name>.debug_info</name>
         <load_address>0x1163</load_address>
         <run_address>0x1163</run_address>
         <size>0x9e</size>
         <input_file_ref idref="fl-2"/>
      </object_component>
      <object_component id="oc-1b3">
         <name>.debug_info</name>
         <load_address>0x1201</load_address>
         <run_address>0x1201</run_address>
         <size>0x84</size>
         <input_file_ref idref="fl-2"/>
      </object_component>
      <object_component id="oc-1bd">
         <name>.debug_info</name>
         <load_address>0x1285</load_address>
         <run_address>0x1285</run_address>
         <size>0x18b</size>
         <input_file_ref idref="fl-2"/>
      </object_component>
      <object_component id="oc-4b">
         <name>.debug_info</name>
         <load_address>0x1410</load_address>
         <run_address>0x1410</run_address>
         <size>0x248</size>
         <input_file_ref idref="fl-3"/>
      </object_component>
      <object_component id="oc-10">
         <name>.debug_info</name>
         <load_address>0x1658</load_address>
         <run_address>0x1658</run_address>
         <size>0xe5</size>
         <input_file_ref idref="fl-3"/>
      </object_component>
      <object_component id="oc-2c">
         <name>.debug_info</name>
         <load_address>0x173d</load_address>
         <run_address>0x173d</run_address>
         <size>0x308</size>
         <input_file_ref idref="fl-3"/>
      </object_component>
      <object_component id="oc-1b8">
         <name>.debug_info</name>
         <load_address>0x1a45</load_address>
         <run_address>0x1a45</run_address>
         <size>0x102</size>
         <input_file_ref idref="fl-3"/>
      </object_component>
      <object_component id="oc-35e">
         <name>.debug_info</name>
         <load_address>0x1b47</load_address>
         <run_address>0x1b47</run_address>
         <size>0x24b</size>
         <input_file_ref idref="fl-5"/>
      </object_component>
      <object_component id="oc-2bb">
         <name>.debug_info</name>
         <load_address>0x1d92</load_address>
         <run_address>0x1d92</run_address>
         <size>0x2d3</size>
         <input_file_ref idref="fl-5"/>
      </object_component>
      <object_component id="oc-35a">
         <name>.debug_info</name>
         <load_address>0x2065</load_address>
         <run_address>0x2065</run_address>
         <size>0xd8</size>
         <input_file_ref idref="fl-6"/>
      </object_component>
      <object_component id="oc-2b6">
         <name>.debug_info</name>
         <load_address>0x213d</load_address>
         <run_address>0x213d</run_address>
         <size>0x5eb</size>
         <input_file_ref idref="fl-6"/>
      </object_component>
      <object_component id="oc-2af">
         <name>.debug_info</name>
         <load_address>0x2728</load_address>
         <run_address>0x2728</run_address>
         <size>0x172</size>
         <input_file_ref idref="fl-7"/>
      </object_component>
      <object_component id="oc-3bf">
         <name>.debug_info</name>
         <load_address>0x289a</load_address>
         <run_address>0x289a</run_address>
         <size>0x4a3</size>
         <input_file_ref idref="fl-8"/>
      </object_component>
      <object_component id="oc-3fc">
         <name>.debug_info</name>
         <load_address>0x2d3d</load_address>
         <run_address>0x2d3d</run_address>
         <size>0x12a</size>
         <input_file_ref idref="fl-8"/>
      </object_component>
      <object_component id="oc-354">
         <name>.debug_info</name>
         <load_address>0x2e67</load_address>
         <run_address>0x2e67</run_address>
         <size>0x71b</size>
         <input_file_ref idref="fl-8"/>
      </object_component>
      <object_component id="oc-24d">
         <name>.debug_info</name>
         <load_address>0x3582</load_address>
         <run_address>0x3582</run_address>
         <size>0x204</size>
         <input_file_ref idref="fl-9"/>
      </object_component>
      <object_component id="oc-24a">
         <name>.debug_info</name>
         <load_address>0x3786</load_address>
         <run_address>0x3786</run_address>
         <size>0xca</size>
         <input_file_ref idref="fl-9"/>
      </object_component>
      <object_component id="oc-241">
         <name>.debug_info</name>
         <load_address>0x3850</load_address>
         <run_address>0x3850</run_address>
         <size>0xd2</size>
         <input_file_ref idref="fl-9"/>
      </object_component>
      <object_component id="oc-244">
         <name>.debug_info</name>
         <load_address>0x3922</load_address>
         <run_address>0x3922</run_address>
         <size>0xcf</size>
         <input_file_ref idref="fl-9"/>
      </object_component>
      <object_component id="oc-247">
         <name>.debug_info</name>
         <load_address>0x39f1</load_address>
         <run_address>0x39f1</run_address>
         <size>0xcf</size>
         <input_file_ref idref="fl-9"/>
      </object_component>
      <object_component id="oc-f6">
         <name>.debug_info</name>
         <load_address>0x3ac0</load_address>
         <run_address>0x3ac0</run_address>
         <size>0xc59</size>
         <input_file_ref idref="fl-9"/>
      </object_component>
      <object_component id="oc-2c4">
         <name>.debug_info</name>
         <load_address>0x4719</load_address>
         <run_address>0x4719</run_address>
         <size>0x103</size>
         <input_file_ref idref="fl-a"/>
      </object_component>
      <object_component id="oc-9a">
         <name>.debug_info</name>
         <load_address>0x481c</load_address>
         <run_address>0x481c</run_address>
         <size>0x29e</size>
         <input_file_ref idref="fl-a"/>
      </object_component>
      <object_component id="oc-47">
         <name>.debug_info</name>
         <load_address>0x4aba</load_address>
         <run_address>0x4aba</run_address>
         <size>0x137</size>
         <input_file_ref idref="fl-a"/>
      </object_component>
      <object_component id="oc-108">
         <name>.debug_info</name>
         <load_address>0x4bf1</load_address>
         <run_address>0x4bf1</run_address>
         <size>0x8b</size>
         <input_file_ref idref="fl-b"/>
      </object_component>
      <object_component id="oc-9d">
         <name>.debug_info</name>
         <load_address>0x4c7c</load_address>
         <run_address>0x4c7c</run_address>
         <size>0xca</size>
         <input_file_ref idref="fl-c"/>
      </object_component>
      <object_component id="oc-153">
         <name>.debug_info</name>
         <load_address>0x4d46</load_address>
         <run_address>0x4d46</run_address>
         <size>0x262</size>
         <input_file_ref idref="fl-d"/>
      </object_component>
      <object_component id="oc-2ab">
         <name>.debug_info</name>
         <load_address>0x4fa8</load_address>
         <run_address>0x4fa8</run_address>
         <size>0x1db</size>
         <input_file_ref idref="fl-d"/>
      </object_component>
      <object_component id="oc-33b">
         <name>.debug_info</name>
         <load_address>0x5183</load_address>
         <run_address>0x5183</run_address>
         <size>0x558</size>
         <input_file_ref idref="fl-e"/>
      </object_component>
      <object_component id="oc-150">
         <name>.debug_info</name>
         <load_address>0x56db</load_address>
         <run_address>0x56db</run_address>
         <size>0x50f</size>
         <input_file_ref idref="fl-f"/>
      </object_component>
      <object_component id="oc-3b">
         <name>.debug_info</name>
         <load_address>0x5bea</load_address>
         <run_address>0x5bea</run_address>
         <size>0x77f</size>
         <input_file_ref idref="fl-f"/>
      </object_component>
      <object_component id="oc-3b9">
         <name>.debug_info</name>
         <load_address>0x6369</load_address>
         <run_address>0x6369</run_address>
         <size>0x46c</size>
         <input_file_ref idref="fl-10"/>
      </object_component>
      <object_component id="oc-34f">
         <name>.debug_info</name>
         <load_address>0x67d5</load_address>
         <run_address>0x67d5</run_address>
         <size>0x32c</size>
         <input_file_ref idref="fl-10"/>
      </object_component>
      <object_component id="oc-348">
         <name>.debug_info</name>
         <load_address>0x6b01</load_address>
         <run_address>0x6b01</run_address>
         <size>0x1e5</size>
         <input_file_ref idref="fl-11"/>
      </object_component>
      <object_component id="oc-102">
         <name>.debug_info</name>
         <load_address>0x6ce6</load_address>
         <run_address>0x6ce6</run_address>
         <size>0x444</size>
         <input_file_ref idref="fl-12"/>
      </object_component>
      <object_component id="oc-105">
         <name>.debug_info</name>
         <load_address>0x712a</load_address>
         <run_address>0x712a</run_address>
         <size>0xcf</size>
         <input_file_ref idref="fl-12"/>
      </object_component>
      <object_component id="oc-32">
         <name>.debug_info</name>
         <load_address>0x71f9</load_address>
         <run_address>0x71f9</run_address>
         <size>0x3f2</size>
         <input_file_ref idref="fl-12"/>
      </object_component>
      <object_component id="oc-1a7">
         <name>.debug_info</name>
         <load_address>0x75eb</load_address>
         <run_address>0x75eb</run_address>
         <size>0xdc</size>
         <input_file_ref idref="fl-13"/>
      </object_component>
      <object_component id="oc-40">
         <name>.debug_info</name>
         <load_address>0x76c7</load_address>
         <run_address>0x76c7</run_address>
         <size>0x3ae</size>
         <input_file_ref idref="fl-13"/>
      </object_component>
      <object_component id="oc-390">
         <name>.debug_info</name>
         <load_address>0x7a75</load_address>
         <run_address>0x7a75</run_address>
         <size>0xd2</size>
         <input_file_ref idref="fl-14"/>
      </object_component>
      <object_component id="oc-340">
         <name>.debug_info</name>
         <load_address>0x7b47</load_address>
         <run_address>0x7b47</run_address>
         <size>0x13a</size>
         <input_file_ref idref="fl-14"/>
      </object_component>
      <object_component id="oc-23a">
         <name>.debug_info</name>
         <load_address>0x7c81</load_address>
         <run_address>0x7c81</run_address>
         <size>0x249</size>
         <input_file_ref idref="fl-15"/>
      </object_component>
      <object_component id="oc-27">
         <name>.debug_info</name>
         <load_address>0x7eca</load_address>
         <run_address>0x7eca</run_address>
         <size>0x161</size>
         <input_file_ref idref="fl-d0"/>
      </object_component>
      <object_component id="oc-57">
         <name>.debug_info</name>
         <load_address>0x802b</load_address>
         <run_address>0x802b</run_address>
         <size>0x141</size>
         <input_file_ref idref="fl-d1"/>
      </object_component>
      <object_component id="oc-16">
         <name>.debug_info</name>
         <load_address>0x816c</load_address>
         <run_address>0x816c</run_address>
         <size>0x1e0</size>
         <input_file_ref idref="fl-d1"/>
      </object_component>
      <object_component id="oc-52">
         <name>.debug_info</name>
         <load_address>0x834c</load_address>
         <run_address>0x834c</run_address>
         <size>0x46</size>
         <input_file_ref idref="fl-d1"/>
      </object_component>
      <object_component id="oc-1c3">
         <name>.debug_info</name>
         <load_address>0x8392</load_address>
         <run_address>0x8392</run_address>
         <size>0x2c</size>
         <input_file_ref idref="fl-d1"/>
      </object_component>
      <object_component id="oc-5f">
         <name>.debug_info</name>
         <load_address>0x83be</load_address>
         <run_address>0x83be</run_address>
         <size>0x135</size>
         <input_file_ref idref="fl-d2"/>
      </object_component>
      <object_component id="oc-5a">
         <name>.debug_info</name>
         <load_address>0x84f3</load_address>
         <run_address>0x84f3</run_address>
         <size>0x248</size>
         <input_file_ref idref="fl-d2"/>
      </object_component>
      <object_component id="oc-1a">
         <name>.debug_info</name>
         <load_address>0x873b</load_address>
         <run_address>0x873b</run_address>
         <size>0x1b2</size>
         <input_file_ref idref="fl-d2"/>
      </object_component>
      <object_component id="oc-60">
         <name>.debug_info</name>
         <load_address>0x88ed</load_address>
         <run_address>0x88ed</run_address>
         <size>0x39</size>
         <input_file_ref idref="fl-d2"/>
      </object_component>
      <object_component id="oc-1cd">
         <name>.debug_info</name>
         <load_address>0x8926</load_address>
         <run_address>0x8926</run_address>
         <size>0x2c</size>
         <input_file_ref idref="fl-d2"/>
      </object_component>
      <object_component id="oc-446">
         <name>.debug_info</name>
         <load_address>0x8952</load_address>
         <run_address>0x8952</run_address>
         <size>0x151</size>
         <input_file_ref idref="fl-d4"/>
      </object_component>
      <object_component id="oc-40a">
         <name>.debug_info</name>
         <load_address>0x8aa3</load_address>
         <run_address>0x8aa3</run_address>
         <size>0x23d</size>
         <input_file_ref idref="fl-d4"/>
      </object_component>
      <object_component id="oc-441">
         <name>.debug_info</name>
         <load_address>0x8ce0</load_address>
         <run_address>0x8ce0</run_address>
         <size>0x39</size>
         <input_file_ref idref="fl-d4"/>
      </object_component>
      <object_component id="oc-1f4">
         <name>.debug_info</name>
         <load_address>0x8d19</load_address>
         <run_address>0x8d19</run_address>
         <size>0x235</size>
         <input_file_ref idref="fl-d5"/>
      </object_component>
      <object_component id="oc-1ee">
         <name>.debug_info</name>
         <load_address>0x8f4e</load_address>
         <run_address>0x8f4e</run_address>
         <size>0x186</size>
         <input_file_ref idref="fl-d5"/>
      </object_component>
      <object_component id="oc-8d">
         <name>.debug_info</name>
         <load_address>0x90d4</load_address>
         <run_address>0x90d4</run_address>
         <size>0x215</size>
         <input_file_ref idref="fl-d5"/>
      </object_component>
      <object_component id="oc-3e0">
         <name>.debug_info</name>
         <load_address>0x92e9</load_address>
         <run_address>0x92e9</run_address>
         <size>0x145</size>
         <input_file_ref idref="fl-d6"/>
      </object_component>
      <object_component id="oc-3f4">
         <name>.debug_info</name>
         <load_address>0x942e</load_address>
         <run_address>0x942e</run_address>
         <size>0x121</size>
         <input_file_ref idref="fl-d7"/>
      </object_component>
      <object_component id="oc-3ef">
         <name>.debug_info</name>
         <load_address>0x954f</load_address>
         <run_address>0x954f</run_address>
         <size>0x123</size>
         <input_file_ref idref="fl-d7"/>
      </object_component>
      <object_component id="oc-3ea">
         <name>.debug_info</name>
         <load_address>0x9672</load_address>
         <run_address>0x9672</run_address>
         <size>0x133</size>
         <input_file_ref idref="fl-d8"/>
      </object_component>
      <object_component id="oc-3e6">
         <name>.debug_info</name>
         <load_address>0x97a5</load_address>
         <run_address>0x97a5</run_address>
         <size>0x133</size>
         <input_file_ref idref="fl-d9"/>
      </object_component>
      <object_component id="oc-402">
         <name>.debug_info</name>
         <load_address>0x98d8</load_address>
         <run_address>0x98d8</run_address>
         <size>0x137</size>
         <input_file_ref idref="fl-da"/>
      </object_component>
      <object_component id="oc-406">
         <name>.debug_info</name>
         <load_address>0x9a0f</load_address>
         <run_address>0x9a0f</run_address>
         <size>0x125</size>
         <input_file_ref idref="fl-db"/>
      </object_component>
      <object_component id="oc-3d7">
         <name>.debug_info</name>
         <load_address>0x9b34</load_address>
         <run_address>0x9b34</run_address>
         <size>0x125</size>
         <input_file_ref idref="fl-dc"/>
      </object_component>
      <object_component id="oc-4e">
         <name>.debug_info</name>
         <load_address>0x9c59</load_address>
         <run_address>0x9c59</run_address>
         <size>0x112</size>
         <input_file_ref idref="fl-dd"/>
      </object_component>
      <object_component id="oc-67">
         <name>.debug_info</name>
         <load_address>0x9d6b</load_address>
         <run_address>0x9d6b</run_address>
         <size>0x140</size>
         <input_file_ref idref="fl-de"/>
      </object_component>
      <object_component id="oc-72">
         <name>.debug_info</name>
         <load_address>0x9eab</load_address>
         <run_address>0x9eab</run_address>
         <size>0x139</size>
         <input_file_ref idref="fl-df"/>
      </object_component>
      <object_component id="oc-7b">
         <name>.debug_info</name>
         <load_address>0x9fe4</load_address>
         <run_address>0x9fe4</run_address>
         <size>0x149</size>
         <input_file_ref idref="fl-e0"/>
      </object_component>
      <object_component id="oc-451">
         <name>.debug_info</name>
         <load_address>0xa12d</load_address>
         <run_address>0xa12d</run_address>
         <size>0x19a</size>
         <input_file_ref idref="fl-e1"/>
      </object_component>
      <object_component id="oc-44a">
         <name>.debug_info</name>
         <load_address>0xa2c7</load_address>
         <run_address>0xa2c7</run_address>
         <size>0x127</size>
         <input_file_ref idref="fl-e1"/>
      </object_component>
      <object_component id="oc-43c">
         <name>.debug_info</name>
         <load_address>0xa3ee</load_address>
         <run_address>0xa3ee</run_address>
         <size>0x4a2</size>
         <input_file_ref idref="fl-e1"/>
      </object_component>
      <object_component id="oc-90">
         <name>.debug_info</name>
         <load_address>0xa890</load_address>
         <run_address>0xa890</run_address>
         <size>0x10a</size>
         <input_file_ref idref="fl-e2"/>
      </object_component>
      <object_component id="oc-3dd">
         <name>.debug_info</name>
         <load_address>0xa99a</load_address>
         <run_address>0xa99a</run_address>
         <size>0x127</size>
         <input_file_ref idref="fl-e3"/>
      </object_component>
      <object_component id="oc-2d8">
         <name>.debug_info</name>
         <load_address>0xaac1</load_address>
         <run_address>0xaac1</run_address>
         <size>0x125</size>
         <input_file_ref idref="fl-e4"/>
      </object_component>
      <object_component id="oc-1f1">
         <name>.debug_info</name>
         <load_address>0xabe6</load_address>
         <run_address>0xabe6</run_address>
         <size>0x114</size>
         <input_file_ref idref="fl-e4"/>
      </object_component>
      <object_component id="oc-2d4">
         <name>.debug_info</name>
         <load_address>0xacfa</load_address>
         <run_address>0xacfa</run_address>
         <size>0x220</size>
         <input_file_ref idref="fl-e4"/>
      </object_component>
      <object_component id="oc-1ec">
         <name>.debug_info</name>
         <load_address>0xaf1a</load_address>
         <run_address>0xaf1a</run_address>
         <size>0x167</size>
         <input_file_ref idref="fl-e5"/>
      </object_component>
      <object_component id="oc-84">
         <name>.debug_info</name>
         <load_address>0xb081</load_address>
         <run_address>0xb081</run_address>
         <size>0x168</size>
         <input_file_ref idref="fl-e5"/>
      </object_component>
      <object_component id="oc-2c9">
         <name>.debug_info</name>
         <load_address>0xb1e9</load_address>
         <run_address>0xb1e9</run_address>
         <size>0x5e</size>
         <input_file_ref idref="fl-e5"/>
      </object_component>
      <object_component id="oc-1e4">
         <name>.debug_info</name>
         <load_address>0xb247</load_address>
         <run_address>0xb247</run_address>
         <size>0x2ea</size>
         <input_file_ref idref="fl-e6"/>
      </object_component>
      <object_component id="oc-80">
         <name>.debug_info</name>
         <load_address>0xb531</load_address>
         <run_address>0xb531</run_address>
         <size>0x191</size>
         <input_file_ref idref="fl-e6"/>
      </object_component>
      <object_component id="oc-29e">
         <name>.debug_info</name>
         <load_address>0xb6c2</load_address>
         <run_address>0xb6c2</run_address>
         <size>0x39</size>
         <input_file_ref idref="fl-e6"/>
      </object_component>
      <object_component id="oc-2a3">
         <name>.debug_info</name>
         <load_address>0xb6fb</load_address>
         <run_address>0xb6fb</run_address>
         <size>0xcd</size>
         <input_file_ref idref="fl-e6"/>
      </object_component>
      <object_component id="oc-29a">
         <name>.debug_info</name>
         <load_address>0xb7c8</load_address>
         <run_address>0xb7c8</run_address>
         <size>0x1e1</size>
         <input_file_ref idref="fl-e7"/>
      </object_component>
      <object_component id="oc-1d9">
         <name>.debug_info</name>
         <load_address>0xb9a9</load_address>
         <run_address>0xb9a9</run_address>
         <size>0x184</size>
         <input_file_ref idref="fl-e7"/>
      </object_component>
      <object_component id="oc-334">
         <name>.debug_info</name>
[...]
      <symbol id="sm-376">
         <name>HAL_TimerB0_Init</name>
         <value>0x3089</value>
         <object_component_ref idref="oc-345"/>
      </symbol>
      <symbol id="sm-3a0">
         <name>RxData</name>
         <value>0x2000117c</value>
      </symbol>
      <symbol id="sm-3a1">
         <name>initfin</name>
         <value>0x20001274</value>
         <object_component_ref idref="oc-104"/>
      </symbol>
      <symbol id="sm-3a2">
         <name>hal_uart_init</name>
         <value>0x2231</value>
         <object_component_ref idref="oc-31"/>
      </symbol>
      <symbol id="sm-3a3">
         <name>TxData</name>
         <value>0x2281</value>
         <object_component_ref idref="oc-31"/>
      </symbol>
      <symbol id="sm-3a4">
         <name>UARTIntHandler</name>
         <value>0x22dd</value>
         <object_component_ref idref="oc-31"/>
      </symbol>
      <symbol id="sm-3be">
         <name>UltrasonicDriverInit</name>
         <value>0x27ed</value>
         <object_component_ref idref="oc-3d"/>
      </symbol>
      <symbol id="sm-3bf">
         <name>PWM_INT_HANDLER</name>
         <value>0x289f</value>
         <object_component_ref idref="oc-3d"/>
      </symbol>
      <symbol id="sm-3c0">
         <name>pwmcounter</name>
         <value>0x2000130c</value>
         <object_component_ref idref="oc-1a6"/>
      </symbol>
      <symbol id="sm-3d3">
         <name>Clockrate</name>
         <value>0x20001310</value>
         <object_component_ref idref="oc-38f"/>
      </symbol>
      <symbol id="sm-3d4">
         <name>HAL_UCS_Init</name>
         <value>0x35e1</value>
         <object_component_ref idref="oc-33f"/>
      </symbol>
      <symbol id="sm-3ee">
         <name>HAL_USCIB1_Transmit</name>
         <value>0x2b1d</value>
         <object_component_ref idref="oc-239"/>
      </symbol>
      <symbol id="sm-3ef">
         <name>HAL_USCIB1_Init</name>
         <value>0x2ae1</value>
         <object_component_ref idref="oc-239"/>
      </symbol>
      <symbol id="sm-400">
         <name>_c_int00</name>
         <value>0x30dd</value>
         <object_component_ref idref="oc-24"/>
      </symbol>
      <symbol id="sm-401">
         <name>__stack</name>
         <value>0x2000026c</value>
         <object_component_ref idref="oc-2a"/>
      </symbol>
      <symbol id="sm-418">
         <name>__TI_decompress_none</name>
         <value>0x376b</value>
         <object_component_ref idref="oc-12"/>
      </symbol>
      <symbol id="sm-440">
         <name>__TI_decompress_rle24</name>
         <value>0x383d</value>
         <object_component_ref idref="oc-18"/>
      </symbol>
      <symbol id="sm-480">
         <name>atan2</name>
         <value>0x1d31</value>
         <object_component_ref idref="oc-409"/>
      </symbol>
      <symbol id="sm-481">
         <name>atan2l</name>
         <value>0x1d31</value>
         <object_component_ref idref="oc-409"/>
      </symbol>
      <symbol id="sm-4a2">
         <name>C$$EXIT</name>
         <value>0x3131</value>
         <object_component_ref idref="oc-89"/>
      </symbol>
      <symbol id="sm-4a3">
         <name>abort</name>
         <value>0x3135</value>
         <object_component_ref idref="oc-89"/>
      </symbol>
      <symbol id="sm-4a4">
         <name>exit</name>
         <value>0x313d</value>
         <object_component_ref idref="oc-89"/>
      </symbol>
      <symbol id="sm-4a5">
         <name>__TI_dtors_ptr</name>
         <value>0x200012f0</value>
         <object_component_ref idref="oc-1ed"/>
      </symbol>
      <symbol id="sm-4a6">
         <name>__TI_cleanup_ptr</name>
         <value>0x200012ec</value>
         <object_component_ref idref="oc-1ed"/>
      </symbol>
      <symbol id="sm-4a7">
         <name>__TI_enable_exit_profile_output</name>
         <value>0x200012f4</value>
         <object_component_ref idref="oc-1ed"/>
      </symbol>
      <symbol id="sm-4be">
         <name>__aeabi_dsub</name>
         <value>0x1f1d</value>
         <object_component_ref idref="oc-3df"/>
      </symbol>
      <symbol id="sm-4bf">
         <name>__aeabi_dadd</name>
         <value>0x1f27</value>
         <object_component_ref idref="oc-3df"/>
      </symbol>
      <symbol id="sm-4e1">
         <name>__aeabi_cdcmpeq</name>
         <value>0x2cf1</value>
         <object_component_ref idref="oc-3f3"/>
      </symbol>
      <symbol id="sm-4e2">
         <name>__aeabi_cdcmple</name>
         <value>0x2cf1</value>
         <object_component_ref idref="oc-3f3"/>
      </symbol>
      <symbol id="sm-4e3">
         <name>__aeabi_cdrcmple</name>
         <value>0x2d77</value>
         <object_component_ref idref="oc-3ee"/>
      </symbol>
      <symbol id="sm-4f7">
         <name>__aeabi_ddiv</name>
         <value>0x2371</value>
         <object_component_ref idref="oc-3e9"/>
      </symbol>
      <symbol id="sm-502">
         <name>__aeabi_dmul</name>
         <value>0x28f1</value>
         <object_component_ref idref="oc-3e4"/>
      </symbol>
      <symbol id="sm-50e">
         <name>__aeabi_d2f</name>
         <value>0x2ee9</value>
         <object_component_ref idref="oc-3ff"/>
      </symbol>
      <symbol id="sm-519">
         <name>__aeabi_f2d</name>
         <value>0x33fd</value>
         <object_component_ref idref="oc-404"/>
      </symbol>
      <symbol id="sm-523">
         <name>__aeabi_i2d</name>
         <value>0x349d</value>
         <object_component_ref idref="oc-3d5"/>
      </symbol>
      <symbol id="sm-53e">
         <name>memcpy</name>
         <value>0x2c55</value>
         <object_component_ref idref="oc-4c"/>
      </symbol>
      <symbol id="sm-53f">
         <name>__aeabi_memcpy</name>
         <value>0x2c55</value>
         <object_component_ref idref="oc-4c"/>
      </symbol>
      <symbol id="sm-540">
         <name>__aeabi_memcpy8</name>
         <value>0x2c55</value>
         <object_component_ref idref="oc-4c"/>
      </symbol>
      <symbol id="sm-541">
         <name>__aeabi_memcpy4</name>
         <value>0x2c55</value>
         <object_component_ref idref="oc-4c"/>
      </symbol>
      <symbol id="sm-550">
         <name>__aeabi_memset</name>
         <value>0x2dff</value>
         <object_component_ref idref="oc-65"/>
      </symbol>
      <symbol id="sm-551">
         <name>memset</name>
         <value>0x2e05</value>
         <object_component_ref idref="oc-65"/>
      </symbol>
      <symbol id="sm-552">
         <name>__aeabi_memset8</name>
         <value>0x2dff</value>
         <object_component_ref idref="oc-65"/>
      </symbol>
      <symbol id="sm-553">
         <name>__aeabi_memset4</name>
         <value>0x2dff</value>
         <object_component_ref idref="oc-65"/>
      </symbol>
      <symbol id="sm-554">
         <name>__aeabi_memclr8</name>
         <value>0x2dfd</value>
         <object_component_ref idref="oc-65"/>
      </symbol>
      <symbol id="sm-555">
         <name>__aeabi_memclr4</name>
         <value>0x2dfd</value>
         <object_component_ref idref="oc-65"/>
      </symbol>
      <symbol id="sm-556">
         <name>__aeabi_memclr</name>
         <value>0x2dfd</value>
         <object_component_ref idref="oc-65"/>
      </symbol>
      <symbol id="sm-560">
         <name>__mpu_init</name>
         <value>0x20d3</value>
         <object_component_ref idref="oc-71"/>
      </symbol>
      <symbol id="sm-56a">
         <name>_system_pre_init</name>
         <value>0x385b</value>
         <object_component_ref idref="oc-77"/>
      </symbol>
      <symbol id="sm-59d">
         <name>atanl</name>
         <value>0x142d</value>
         <object_component_ref idref="oc-43a"/>
      </symbol>
      <symbol id="sm-59e">
         <name>atan</name>
         <value>0x142d</value>
         <object_component_ref idref="oc-43a"/>
      </symbol>
      <symbol id="sm-5a6">
         <name>main_func_sp</name>
         <value>0x20001314</value>
         <object_component_ref idref="oc-8f"/>
      </symbol>
      <symbol id="sm-5b0">
         <name>__aeabi_ui2d</name>
         <value>0x3585</value>
         <object_component_ref idref="oc-3da"/>
      </symbol>
      <symbol id="sm-5c9">
         <name>_nop</name>
         <value>0x36ab</value>
         <object_component_ref idref="oc-2d0"/>
      </symbol>
      <symbol id="sm-5ca">
         <name>_lock</name>
         <value>0x20001304</value>
         <object_component_ref idref="oc-1f0"/>
      </symbol>
      <symbol id="sm-5cb">
         <name>_unlock</name>
         <value>0x20001308</value>
         <object_component_ref idref="oc-1f0"/>
      </symbol>
      <symbol id="sm-5cc">
         <name>_register_lock</name>
         <value>0x36a3</value>
         <object_component_ref idref="oc-2d0"/>
      </symbol>
      <symbol id="sm-5cd">
         <name>_register_unlock</name>
         <value>0x369d</value>
         <object_component_ref idref="oc-2d0"/>
      </symbol>
      <symbol id="sm-5e1">
         <name>_args_main</name>
         <value>0x3645</value>
         <object_component_ref idref="oc-83"/>
      </symbol>
      <symbol id="sm-606">
         <name>__TI_auto_init</name>
         <value>0x2e79</value>
         <object_component_ref idref="oc-7d"/>
      </symbol>
      <symbol id="sm-620">
         <name>copy_in</name>
         <value>0x3221</value>
         <object_component_ref idref="oc-1d7"/>
      </symbol>
      <symbol id="sm-62a">
         <name>_system_post_cinit</name>
         <value>0x2e77</value>
         <object_component_ref idref="oc-1dd"/>
      </symbol>
      <symbol id="sm-68c">
         <name>GPIOPinTypePWM</name>
         <value>0x36d5</value>
         <object_component_ref idref="oc-164"/>
      </symbol>
      <symbol id="sm-68d">
         <name>GPIOPinConfigure</name>
         <value>0x32b9</value>
         <object_component_ref idref="oc-ac"/>
      </symbol>
      <symbol id="sm-68e">
         <name>GPIOPinTypeI2CSCL</name>
         <value>0x36c3</value>
         <object_component_ref idref="oc-113"/>
      </symbol>
      <symbol id="sm-68f">
         <name>GPIOPinTypeI2C</name>
         <value>0x36b1</value>
         <object_component_ref idref="oc-119"/>
      </symbol>
      <symbol id="sm-690">
         <name>GPIOPinTypeUART</name>
         <value>0x36f9</value>
         <object_component_ref idref="oc-b2"/>
      </symbol>
      <symbol id="sm-691">
         <name>GPIOPinTypeGPIOOutput</name>
         <value>0x35fd</value>
         <object_component_ref idref="oc-382"/>
      </symbol>
      <symbol id="sm-692">
         <name>GPIODirModeSet</name>
         <value>0x34cb</value>
         <object_component_ref idref="oc-206"/>
      </symbol>
      <symbol id="sm-693">
         <name>GPIOPinWrite</name>
         <value>0x3825</value>
         <object_component_ref idref="oc-233"/>
      </symbol>
      <symbol id="sm-694">
         <name>GPIOPadConfigSet</name>
         <value>0x24a7</value>
         <object_component_ref idref="oc-20c"/>
      </symbol>
      <symbol id="sm-695">
         <name>GPIOPinTypeSSI</name>
         <value>0x36e7</value>
         <object_component_ref idref="oc-2fc"/>
      </symbol>
      <symbol id="sm-6e6">
         <name>I2CMasterDataPut</name>
         <value>0x384b</value>
         <object_component_ref idref="oc-12b"/>
      </symbol>
      <symbol id="sm-6e7">
         <name>I2CMasterInitExpClk</name>
         <value>0x31d5</value>
         <object_component_ref idref="oc-11f"/>
      </symbol>
      <symbol id="sm-6e8">
         <name>I2CMasterIntClearEx</name>
         <value>0x384f</value>
         <object_component_ref idref="oc-149"/>
      </symbol>
      <symbol id="sm-6e9">
         <name>I2CMasterSlaveAddrSet</name>
         <value>0x37f5</value>
         <object_component_ref idref="oc-125"/>
      </symbol>
      <symbol id="sm-6ea">
         <name>I2CMasterDataGet</name>
         <value>0x3847</value>
         <object_component_ref idref="oc-13d"/>
      </symbol>
      <symbol id="sm-6eb">
         <name>I2CMasterControl</name>
         <value>0x3843</value>
         <object_component_ref idref="oc-131"/>
      </symbol>
      <symbol id="sm-6ec">
         <name>I2CMasterBusy</name>
         <value>0x37ed</value>
         <object_component_ref idref="oc-137"/>
      </symbol>
      <symbol id="sm-6ed">
         <name>I2CMasterEnable</name>
         <value>0x379d</value>
         <object_component_ref idref="oc-25b"/>
      </symbol>
      <symbol id="sm-6ee">
         <name>I2CMasterIntStatusEx</name>
         <value>0x37a7</value>
         <object_component_ref idref="oc-143"/>
      </symbol>
      <symbol id="sm-741">
         <name>IntPrioritySet</name>
         <value>0x351d</value>
         <object_component_ref idref="oc-3b2"/>
      </symbol>
      <symbol id="sm-742">
         <name>IntEnable</name>
         <value>0x2fc1</value>
         <object_component_ref idref="oc-19a"/>
      </symbol>
      <symbol id="sm-743">
         <name>IntRegister</name>
         <value>0x3435</value>
         <object_component_ref idref="oc-225"/>
      </symbol>
      <symbol id="sm-744">
         <name>g_pfnRAMVectors</name>
         <value>0x20000000</value>
         <object_component_ref idref="oc-2f7"/>
      </symbol>
      <symbol id="sm-745">
         <name>IntMasterEnable</name>
         <value>0x372f</value>
         <object_component_ref idref="oc-158"/>
      </symbol>
      <symbol id="sm-7b2">
         <name>PWMGenPeriodSet</name>
         <value>0x373f</value>
         <object_component_ref idref="oc-170"/>
      </symbol>
      <symbol id="sm-7b3">
         <name>PWMGenIntTrigEnable</name>
         <value>0x37b1</value>
         <object_component_ref idref="oc-18e"/>
      </symbol>
      <symbol id="sm-7b4">
         <name>PWMGenDisable</name>
         <value>0x3785</value>
         <object_component_ref idref="oc-1a0"/>
      </symbol>
      <symbol id="sm-7b5">
         <name>PWMPulseWidthSet</name>
         <value>0x35a5</value>
         <object_component_ref idref="oc-176"/>
      </symbol>
      <symbol id="sm-7b6">
         <name>PWMGenIntClear</name>
         <value>0x382b</value>
         <object_component_ref idref="oc-93"/>
      </symbol>
      <symbol id="sm-7b7">
         <name>PWMGenIntRegister</name>
         <value>0x3615</value>
         <object_component_ref idref="oc-194"/>
      </symbol>
      <symbol id="sm-7b8">
         <name>PWMOutputState</name>
         <value>0x370b</value>
         <object_component_ref idref="oc-17c"/>
      </symbol>
      <symbol id="sm-7b9">
         <name>PWMGenEnable</name>
         <value>0x3791</value>
         <object_component_ref idref="oc-182"/>
      </symbol>
      <symbol id="sm-7ba">
         <name>PWMIntEnable</name>
         <value>0x37fd</value>
         <object_component_ref idref="oc-188"/>
      </symbol>
      <symbol id="sm-7bb">
         <name>PWMGenConfigure</name>
         <value>0x3541</value>
         <object_component_ref idref="oc-16a"/>
      </symbol>
      <symbol id="sm-7e2">
         <name>SSIDataPut</name>
         <value>0x37bb</value>
         <object_component_ref idref="oc-30e"/>
      </symbol>
      <symbol id="sm-7e3">
         <name>SSIConfigSetExpClk</name>
         <value>0x3389</value>
         <object_component_ref idref="oc-302"/>
      </symbol>
      <symbol id="sm-7e4">
         <name>SSIEnable</name>
         <value>0x37c5</value>
         <object_component_ref idref="oc-308"/>
      </symbol>
      <symbol id="sm-7e5">
         <name>SSIBusy</name>
         <value>0x3805</value>
         <object_component_ref idref="oc-314"/>
      </symbol>
      <symbol id="sm-858">
         <name>SysCtlClockSet</name>
         <value>0x29ed</value>
         <object_component_ref idref="oc-389"/>
      </symbol>
      <symbol id="sm-859">
         <name>SysCtlDelay</name>
         <value>0x3831</value>
         <object_component_ref idref="oc-e2"/>
      </symbol>
      <symbol id="sm-85a">
         <name>SysCtlPeripheralEnable</name>
         <value>0x3469</value>
         <object_component_ref idref="oc-a0"/>
      </symbol>
      <symbol id="sm-85b">
         <name>SysCtlClockGet</name>
         <value>0x25d9</value>
         <object_component_ref idref="oc-b8"/>
      </symbol>
      <symbol id="sm-85c">
         <name>SysCtlPWMClockSet</name>
         <value>0x3675</value>
         <object_component_ref idref="oc-15e"/>
      </symbol>
      <symbol id="sm-85d">
         <name>SysCtlPeripheralReady</name>
         <value>0x33c5</value>
         <object_component_ref idref="oc-a6"/>
      </symbol>
      <symbol id="sm-85e">
         <name>SysCtlPeripheralReset</name>
         <value>0x3185</value>
         <object_component_ref idref="oc-10d"/>
      </symbol>
      <symbol id="sm-89a">
         <name>TimerLoadSet</name>
         <value>0x371d</value>
         <object_component_ref idref="oc-39f"/>
      </symbol>
      <symbol id="sm-89b">
         <name>TimerEnable</name>
         <value>0x374f</value>
         <object_component_ref idref="oc-3ab"/>
      </symbol>
      <symbol id="sm-89c">
         <name>TimerIntEnable</name>
         <value>0x380d</value>
         <object_component_ref idref="oc-3a5"/>
      </symbol>
      <symbol id="sm-89d">
         <name>TimerClockSourceSet</name>
         <value>0x3837</value>
         <object_component_ref idref="oc-393"/>
      </symbol>
      <symbol id="sm-89e">
         <name>TimerConfigure</name>
         <value>0x3029</value>
         <object_component_ref idref="oc-399"/>
      </symbol>
      <symbol id="sm-89f">
         <name>TimerIntClear</name>
         <value>0x3853</value>
         <object_component_ref idref="oc-1aa"/>
      </symbol>
      <symbol id="sm-921">
         <name>UARTConfigSetExpClk</name>
         <value>0x3301</value>
         <object_component_ref idref="oc-be"/>
      </symbol>
      <symbol id="sm-922">
         <name>UARTDisable</name>
         <value>0x3565</value>
         <object_component_ref idref="oc-217"/>
      </symbol>
      <symbol id="sm-923">
         <name>UARTBusy</name>
         <value>0x3815</value>
         <object_component_ref idref="oc-d6"/>
      </symbol>
      <symbol id="sm-924">
         <name>UARTIntEnable</name>
         <value>0x381d</value>
         <object_component_ref idref="oc-d0"/>
      </symbol>
      <symbol id="sm-925">
         <name>UARTCharsAvail</name>
         <value>0x375d</value>
         <object_component_ref idref="oc-fb"/>
      </symbol>
      <symbol id="sm-926">
         <name>UARTCharPut</name>
         <value>0x37d9</value>
         <object_component_ref idref="oc-dc"/>
      </symbol>
      <symbol id="sm-927">
         <name>UARTEnable</name>
         <value>0x3689</value>
         <object_component_ref idref="oc-ca"/>
      </symbol>
      <symbol id="sm-928">
         <name>UARTIntClear</name>
         <value>0x3857</value>
         <object_component_ref idref="oc-e9"/>
      </symbol>
      <symbol id="sm-929">
         <name>UARTIntStatus</name>
         <value>0x37e3</value>
         <object_component_ref idref="oc-e3"/>
      </symbol>
      <symbol id="sm-92a">
         <name>UARTCharGet</name>
         <value>0x37cf</value>
         <object_component_ref idref="oc-ef"/>
      </symbol>
      <symbol id="sm-92b">
         <name>UARTIntRegister</name>
         <value>0x362d</value>
         <object_component_ref idref="oc-c4"/>
      </symbol>
      <symbol id="sm-935">
         <name>CPUcpsie</name>
         <value>0x3779</value>
         <object_component_ref idref="oc-278"/>
      </symbol>
      <symbol id="sm-936">
         <name>__TI_static_base__</name>
         <value>0x0</value>
      </symbol>
      <symbol id="sm-939">
         <name>SHT$$INIT_ARRAY$$Limit</name>
         <value>0x0</value>
      </symbol>
      <symbol id="sm-93a">
         <name>SHT$$INIT_ARRAY$$Base</name>
         <value>0x0</value>
      </symbol>
   </symbol_table>
   <title>Link successful</title>
</link_info>
