<?xml version="1.0"?>
<link_info>
   <banner>TI ARM Linker PC v15.12.3.LTS</banner>
   <copyright>Copyright (c) 1996-2015 Texas Instruments Incorporated</copyright>
   <link_time>0x59520a4d</link_time>
   <link_errors>0x0</link_errors>
   <output_file>CrazyCar2.out</output_file>
   <entry_point>
      <name>_c_int00</name>
      <address>0x3ab9</address>
   </entry_point>
   <input_file_list>
      <input_file id="fl-2">
         <path>.\</path>
         <kind>object</kind>
         <file>main.obj</file>
         <name>main.obj</name>
      </input_file>
      <input_file id="fl-3">
         <path>.\</path>
         <kind>object</kind>
         <file>tm4c123gh6pm_startup_ccs.obj</file>
         <name>tm4c123gh6pm_startup_ccs.obj</name>
      </input_file>
      <input_file id="fl-4">
         <path>.\AL\</path>
         <kind>object</kind>
         <file>sense_read.obj</file>
         <name>sense_read.obj</name>
      </input_file>
      <input_file id="fl-5">
         <path>.\DL\</path>
         <kind>object</kind>
         <file>driver_RF.obj</file>
         <name>driver_RF.obj</name>
      </input_file>
      <input_file id="fl-6">
         <path>.\DL\</path>
         <kind>object</kind>
         <file>driver_aktorik.obj</file>
         <name>driver_aktorik.obj</name>
      </input_file>
      <input_file id="fl-7">
         <path>.\DL\</path>
         <kind>object</kind>
         <file>driver_general.obj</file>
         <name>driver_general.obj</name>
      </input_file>
      <input_file id="fl-8">
         <path>.\DL\</path>
         <kind>object</kind>
         <file>driver_gyro.obj</file>
         <name>driver_gyro.obj</name>
      </input_file>
      <input_file id="fl-9">
         <path>.\DL\</path>
         <kind>object</kind>
         <file>driver_lcd.obj</file>
         <name>driver_lcd.obj</name>
      </input_file>
      <input_file id="fl-a">
         <path>.\HAL\</path>
         <kind>object</kind>
         <file>Interrupts.obj</file>
         <name>Interrupts.obj</name>
      </input_file>
      <input_file id="fl-b">
         <path>.\HAL\</path>
         <kind>object</kind>
         <file>hal_UltraMeas.obj</file>
         <name>hal_UltraMeas.obj</name>
      </input_file>
      <input_file id="fl-c">
         <path>.\HAL\</path>
         <kind>object</kind>
         <file>hal_adc12.obj</file>
         <name>hal_adc12.obj</name>
      </input_file>
      <input_file id="fl-d">
         <path>.\HAL\</path>
         <kind>object</kind>
         <file>hal_general.obj</file>
         <name>hal_general.obj</name>
      </input_file>
      <input_file id="fl-e">
         <path>.\HAL\</path>
         <kind>object</kind>
         <file>hal_gpio.obj</file>
         <name>hal_gpio.obj</name>
      </input_file>
      <input_file id="fl-f">
         <path>.\HAL\</path>
         <kind>object</kind>
         <file>hal_i2c.obj</file>
         <name>hal_i2c.obj</name>
      </input_file>
      <input_file id="fl-10">
         <path>.\HAL\</path>
         <kind>object</kind>
         <file>hal_timerA1.obj</file>
         <name>hal_timerA1.obj</name>
      </input_file>
      <input_file id="fl-11">
         <path>.\HAL\</path>
         <kind>object</kind>
         <file>hal_timerB0.obj</file>
         <name>hal_timerB0.obj</name>
      </input_file>
      <input_file id="fl-12">
         <path>.\HAL\</path>
         <kind>object</kind>
         <file>hal_uart.obj</file>
         <name>hal_uart.obj</name>
      </input_file>
      <input_file id="fl-13">
         <path>.\HAL\</path>
         <kind>object</kind>
         <file>hal_ultrasdrive.obj</file>
         <name>hal_ultrasdrive.obj</name>
      </input_file>
      <input_file id="fl-14">
         <path>.\HAL\</path>
         <kind>object</kind>
         <file>hal_usc.obj</file>
         <name>hal_usc.obj</name>
      </input_file>
      <input_file id="fl-15">
         <path>.\HAL\</path>
         <kind>object</kind>
         <file>hal_usciB1.obj</file>
         <name>hal_usciB1.obj</name>
      </input_file>
      <input_file id="fl-d0">
         <path>C:\ti\ccsv6\tools\compiler\arm_15.12.3.LTS\lib\</path>
         <kind>archive</kind>
         <file>rtsv7M4_T_le_v4SPD16_eabi.lib</file>
         <name>boot.obj</name>
      </input_file>
      <input_file id="fl-d1">
         <path>C:\ti\ccsv6\tools\compiler\arm_15.12.3.LTS\lib\</path>
         <kind>archive</kind>
         <file>rtsv7M4_T_le_v4SPD16_eabi.lib</file>
         <name>copy_decompress_none.obj</name>
      </input_file>
      <input_file id="fl-d2">
         <path>C:\ti\ccsv6\tools\compiler\arm_15.12.3.LTS\lib\</path>
         <kind>archive</kind>
         <file>rtsv7M4_T_le_v4SPD16_eabi.lib</file>
         <name>copy_decompress_rle.obj</name>
      </input_file>
      <input_file id="fl-d3">
         <path>C:\ti\ccsv6\tools\compiler\arm_15.12.3.LTS\lib\</path>
         <kind>archive</kind>
         <file>rtsv7M4_T_le_v4SPD16_eabi.lib</file>
         <name>copy_zero_init.obj</name>
      </input_file>
      <input_file id="fl-d4">
         <path>C:\ti\ccsv6\tools\compiler\arm_15.12.3.LTS\lib\</path>
         <kind>archive</kind>
         <file>rtsv7M4_T_le_v4SPD16_eabi.lib</file>
         <name>e_atan2.obj</name>
      </input_file>
      <input_file id="fl-d5">
         <path>C:\ti\ccsv6\tools\compiler\arm_15.12.3.LTS\lib\</path>
         <kind>archive</kind>
         <file>rtsv7M4_T_le_v4SPD16_eabi.lib</file>
         <name>exit.obj</name>
      </input_file>
      <input_file id="fl-d6">
         <path>C:\ti\ccsv6\tools\compiler\arm_15.12.3.LTS\lib\</path>
         <kind>archive</kind>
         <file>rtsv7M4_T_le_v4SPD16_eabi.lib</file>
         <name>fd_add_t2.obj</name>
      </input_file>
      <input_file id="fl-d7">
         <path>C:\ti\ccsv6\tools\compiler\arm_15.12.3.LTS\lib\</path>
         <kind>archive</kind>
         <file>rtsv7M4_T_le_v4SPD16_eabi.lib</file>
         <name>fd_cmp_t2.obj</name>
      </input_file>
      <input_file id="fl-d8">
         <path>C:\ti\ccsv6\tools\compiler\arm_15.12.3.LTS\lib\</path>
         <kind>archive</kind>
         <file>rtsv7M4_T_le_v4SPD16_eabi.lib</file>
         <name>fd_div_t2.obj</name>
      </input_file>
      <input_file id="fl-d9">
         <path>C:\ti\ccsv6\tools\compiler\arm_15.12.3.LTS\lib\</path>
         <kind>archive</kind>
         <file>rtsv7M4_T_le_v4SPD16_eabi.lib</file>
         <name>fd_mul_t2.obj</name>
      </input_file>
      <input_file id="fl-da">
         <path>C:\ti\ccsv6\tools\compiler\arm_15.12.3.LTS\lib\</path>
         <kind>archive</kind>
         <file>rtsv7M4_T_le_v4SPD16_eabi.lib</file>
         <name>fd_tos_t2.obj</name>
      </input_file>
      <input_file id="fl-db">
         <path>C:\ti\ccsv6\tools\compiler\arm_15.12.3.LTS\lib\</path>
         <kind>archive</kind>
         <file>rtsv7M4_T_le_v4SPD16_eabi.lib</file>
         <name>fs_tod_t2.obj</name>
      </input_file>
      <input_file id="fl-dc">
         <path>C:\ti\ccsv6\tools\compiler\arm_15.12.3.LTS\lib\</path>
         <kind>archive</kind>
         <file>rtsv7M4_T_le_v4SPD16_eabi.lib</file>
         <name>i_tofd_t2.obj</name>
      </input_file>
      <input_file id="fl-dd">
         <path>C:\ti\ccsv6\tools\compiler\arm_15.12.3.LTS\lib\</path>
         <kind>archive</kind>
         <file>rtsv7M4_T_le_v4SPD16_eabi.lib</file>
         <name>memcpy_t2.obj</name>
      </input_file>
      <input_file id="fl-de">
         <path>C:\ti\ccsv6\tools\compiler\arm_15.12.3.LTS\lib\</path>
         <kind>archive</kind>
         <file>rtsv7M4_T_le_v4SPD16_eabi.lib</file>
         <name>memset_t2.obj</name>
      </input_file>
      <input_file id="fl-df">
         <path>C:\ti\ccsv6\tools\compiler\arm_15.12.3.LTS\lib\</path>
         <kind>archive</kind>
         <file>rtsv7M4_T_le_v4SPD16_eabi.lib</file>
         <name>mpu_init.obj</name>
      </input_file>
      <input_file id="fl-e0">
         <path>C:\ti\ccsv6\tools\compiler\arm_15.12.3.LTS\lib\</path>
         <kind>archive</kind>
         <file>rtsv7M4_T_le_v4SPD16_eabi.lib</file>
         <name>pre_init.obj</name>
      </input_file>
      <input_file id="fl-e1">
         <path>C:\ti\ccsv6\tools\compiler\arm_15.12.3.LTS\lib\</path>
         <kind>archive</kind>
         <file>rtsv7M4_T_le_v4SPD16_eabi.lib</file>
         <name>s_atan.obj</name>
      </input_file>
      <input_file id="fl-e2">
         <path>C:\ti\ccsv6\tools\compiler\arm_15.12.3.LTS\lib\</path>
         <kind>archive</kind>
         <file>rtsv7M4_T_le_v4SPD16_eabi.lib</file>
         <name>stkdepth_vars.obj</name>
      </input_file>
      <input_file id="fl-e3">
         <path>C:\ti\ccsv6\tools\compiler\arm_15.12.3.LTS\lib\</path>
         <kind>archive</kind>
         <file>rtsv7M4_T_le_v4SPD16_eabi.lib</file>
         <name>u_tofd_t2.obj</name>
      </input_file>
      <input_file id="fl-e4">
         <path>C:\ti\ccsv6\tools\compiler\arm_15.12.3.LTS\lib\</path>
         <kind>archive</kind>
         <file>rtsv7M4_T_le_v4SPD16_eabi.lib</file>
         <name>_lock.obj</name>
      </input_file>
      <input_file id="fl-e5">
         <path>C:\ti\ccsv6\tools\compiler\arm_15.12.3.LTS\lib\</path>
         <kind>archive</kind>
         <file>rtsv7M4_T_le_v4SPD16_eabi.lib</file>
         <name>args_main.obj</name>
      </input_file>
      <input_file id="fl-e6">
         <path>C:\ti\ccsv6\tools\compiler\arm_15.12.3.LTS\lib\</path>
         <kind>archive</kind>
         <file>rtsv7M4_T_le_v4SPD16_eabi.lib</file>
         <name>autoinit.obj</name>
      </input_file>
      <input_file id="fl-e7">
         <path>C:\ti\ccsv6\tools\compiler\arm_15.12.3.LTS\lib\</path>
         <kind>archive</kind>
         <file>rtsv7M4_T_le_v4SPD16_eabi.lib</file>
         <name>cpy_tbl.obj</name>
      </input_file>
      <input_file id="fl-e8">
         <path>C:\ti\ccsv6\tools\compiler\arm_15.12.3.LTS\lib\</path>
         <kind>archive</kind>
         <file>rtsv7M4_T_le_v4SPD16_eabi.lib</file>
         <name>startup.obj</name>
      </input_file>
      <input_file id="fl-e9">
         <path>C:\ti\TivaWare_C_Series-2.1.4.178\driverlib\ccs\Debug\</path>
         <kind>archive</kind>
         <file>driverlib.lib</file>
         <name>adc.obj</name>
      </input_file>
      <input_file id="fl-ea">
         <path>C:\ti\TivaWare_C_Series-2.1.4.178\driverlib\ccs\Debug\</path>
         <kind>archive</kind>
         <file>driverlib.lib</file>
         <name>gpio.obj</name>
      </input_file>
      <input_file id="fl-eb">
         <path>C:\ti\TivaWare_C_Series-2.1.4.178\driverlib\ccs\Debug\</path>
         <kind>archive</kind>
         <file>driverlib.lib</file>
         <name>i2c.obj</name>
      </input_file>
      <input_file id="fl-ec">
         <path>C:\ti\TivaWare_C_Series-2.1.4.178\driverlib\ccs\Debug\</path>
         <kind>archive</kind>
         <file>driverlib.lib</file>
         <name>interrupt.obj</name>
      </input_file>
      <input_file id="fl-ed">
         <path>C:\ti\TivaWare_C_Series-2.1.4.178\driverlib\ccs\Debug\</path>
         <kind>archive</kind>
         <file>driverlib.lib</file>
         <name>pwm.obj</name>
      </input_file>
      <input_file id="fl-ee">
         <path>C:\ti\TivaWare_C_Series-2.1.4.178\driverlib\ccs\Debug\</path>
         <kind>archive</kind>
         <file>driverlib.lib</file>
         <name>ssi.obj</name>
      </input_file>
      <input_file id="fl-ef">
         <path>C:\ti\TivaWare_C_Series-2.1.4.178\driverlib\ccs\Debug\</path>
         <kind>archive</kind>
         <file>driverlib.lib</file>
         <name>sysctl.obj</name>
      </input_file>
      <input_file id="fl-f0">
         <path>C:\ti\TivaWare_C_Series-2.1.4.178\driverlib\ccs\Debug\</path>
         <kind>archive</kind>
         <file>driverlib.lib</file>
         <name>timer.obj</name>
      </input_file>
      <input_file id="fl-f1">
         <path>C:\ti\TivaWare_C_Series-2.1.4.178\driverlib\ccs\Debug\</path>
         <kind>archive</kind>
         <file>driverlib.lib</file>
         <name>uart.obj</name>
      </input_file>
      <input_file id="fl-f2">
         <path>C:\ti\TivaWare_C_Series-2.1.4.178\driverlib\ccs\Debug\</path>
         <kind>archive</kind>
         <file>driverlib.lib</file>
         <name>cpu.obj</name>
      </input_file>
   </input_file_list>
   <object_component_list>
      <object_component id="oc-f">
         <name>.intvecs</name>
         <load_address>0x0</load_address>
         <run_address>0x0</run_address>
         <size>0x26c</size>
         <input_file_ref idref="fl-3"/>
      </object_component>
      <object_component id="oc-378">
         <name>.text</name>
         <load_address>0x26c</load_address>
         <run_address>0x26c</run_address>
         <size>0x8e0</size>
         <input_file_ref idref="fl-8"/>
      </object_component>
      <object_component id="oc-36c">
         <name>.text</name>
         <load_address>0xb4c</load_address>
         <run_address>0xb4c</run_address>
         <size>0x5f4</size>
         <input_file_ref idref="fl-9"/>
      </object_component>
      <object_component id="oc-28d">
         <name>.text</name>
         <load_address>0x1140</load_address>
         <run_address>0x1140</run_address>
         <size>0x41c</size>
         <input_file_ref idref="fl-2"/>
      </object_component>
      <object_component id="oc-384">
         <name>.text</name>
         <load_address>0x155c</load_address>
         <run_address>0x155c</run_address>
         <size>0x388</size>
         <input_file_ref idref="fl-5"/>
      </object_component>
      <object_component id="oc-37">
         <name>.text</name>
         <load_address>0x18e4</load_address>
         <run_address>0x18e4</run_address>
         <size>0x32c</size>
         <input_file_ref idref="fl-f"/>
      </object_component>
      <object_component id="oc-50e">
         <name>.text</name>
         <load_address>0x1c10</load_address>
         <run_address>0x1c10</run_address>
         <size>0x2ec</size>
         <input_file_ref idref="fl-e1"/>
      </object_component>
      <object_component id="oc-4f">
         <name>.text</name>
         <load_address>0x1efc</load_address>
         <run_address>0x1efc</run_address>
         <size>0x284</size>
         <input_file_ref idref="fl-b"/>
      </object_component>
      <object_component id="oc-37e">
         <name>.text</name>
         <load_address>0x2180</load_address>
         <run_address>0x2180</run_address>
         <size>0x248</size>
         <input_file_ref idref="fl-6"/>
      </object_component>
      <object_component id="oc-403">
         <name>.text</name>
         <load_address>0x23c8</load_address>
         <run_address>0x23c8</run_address>
         <size>0x1f4</size>
         <input_file_ref idref="fl-e"/>
      </object_component>
      <object_component id="oc-47f">
         <name>.text</name>
         <load_address>0x25bc</load_address>
         <run_address>0x25bc</run_address>
         <size>0x1ec</size>
         <input_file_ref idref="fl-d4"/>
      </object_component>
      <object_component id="oc-455">
         <name>.text</name>
         <load_address>0x27a8</load_address>
         <run_address>0x27a8</run_address>
         <size>0x1b6</size>
         <input_file_ref idref="fl-d6"/>
      </object_component>
      <object_component id="oc-7d">
         <name>.text</name>
         <load_address>0x295e</load_address>
         <run_address>0x295e</run_address>
         <size>0x2</size>
         <input_file_ref idref="fl-df"/>
      </object_component>
      <object_component id="oc-31">
         <name>.text</name>
         <load_address>0x2960</load_address>
         <run_address>0x2960</run_address>
         <size>0x178</size>
         <input_file_ref idref="fl-12"/>
      </object_component>
      <object_component id="oc-45f">
         <name>.text</name>
         <load_address>0x2ad8</load_address>
         <run_address>0x2ad8</run_address>
         <size>0x136</size>
         <input_file_ref idref="fl-d8"/>
      </object_component>
      <object_component id="oc-2b4">
         <name>.text:GPIOPadConfigSet</name>
         <load_address>0x2c0e</load_address>
         <run_address>0x2c0e</run_address>
         <size>0x132</size>
         <input_file_ref idref="fl-ea"/>
      </object_component>
      <object_component id="oc-3d">
         <name>.text</name>
         <load_address>0x2d40</load_address>
         <run_address>0x2d40</run_address>
         <size>0x11c</size>
         <input_file_ref idref="fl-13"/>
      </object_component>
      <object_component id="oc-c4">
         <name>.text:SysCtlClockGet</name>
         <load_address>0x2e5c</load_address>
         <run_address>0x2e5c</run_address>
         <size>0x110</size>
         <input_file_ref idref="fl-ef"/>
      </object_component>
      <object_component id="oc-415">
         <name>.text</name>
         <load_address>0x2f6c</load_address>
         <run_address>0x2f6c</run_address>
         <size>0x104</size>
         <input_file_ref idref="fl-10"/>
      </object_component>
      <object_component id="oc-45a">
         <name>.text</name>
         <load_address>0x3070</load_address>
         <run_address>0x3070</run_address>
         <size>0xfc</size>
         <input_file_ref idref="fl-d9"/>
      </object_component>
      <object_component id="oc-4bc">
         <name>.text:SysCtlClockSet</name>
         <load_address>0x316c</load_address>
         <run_address>0x316c</run_address>
         <size>0xf4</size>
         <input_file_ref idref="fl-ef"/>
      </object_component>
      <object_component id="oc-43">
         <name>.text</name>
         <load_address>0x3260</load_address>
         <run_address>0x3260</run_address>
         <size>0xe4</size>
         <input_file_ref idref="fl-c"/>
      </object_component>
      <object_component id="oc-41b">
         <name>.text</name>
         <load_address>0x3344</load_address>
         <run_address>0x3344</run_address>
         <size>0xc4</size>
         <input_file_ref idref="fl-15"/>
      </object_component>
      <object_component id="oc-310">
         <name>.text:_PWMGenIntNumberGet</name>
         <load_address>0x3408</load_address>
         <run_address>0x3408</run_address>
         <size>0xb0</size>
         <input_file_ref idref="fl-ed"/>
      </object_component>
      <object_component id="oc-49">
         <name>.text</name>
         <load_address>0x34b8</load_address>
         <run_address>0x34b8</run_address>
         <size>0x9c</size>
         <input_file_ref idref="fl-a"/>
      </object_component>
      <object_component id="oc-58">
         <name>.text</name>
         <load_address>0x3554</load_address>
         <run_address>0x3554</run_address>
         <size>0x9c</size>
         <input_file_ref idref="fl-dd"/>
      </object_component>
      <object_component id="oc-469">
         <name>.text:__aeabi_cdcmple</name>
         <load_address>0x35f0</load_address>
         <run_address>0x35f0</run_address>
         <size>0x86</size>
         <input_file_ref idref="fl-d7"/>
      </object_component>
      <object_component id="oc-464">
         <name>.text:__aeabi_cdrcmple</name>
         <load_address>0x3676</load_address>
         <run_address>0x3676</run_address>
         <size>0x86</size>
         <input_file_ref idref="fl-d7"/>
      </object_component>
      <object_component id="oc-1d1">
         <name>.text:ADCSequenceStepConfigure</name>
         <load_address>0x36fc</load_address>
         <run_address>0x36fc</run_address>
         <size>0x7a</size>
         <input_file_ref idref="fl-e9"/>
      </object_component>
      <object_component id="oc-71">
         <name>.text</name>
         <load_address>0x3776</load_address>
         <run_address>0x3776</run_address>
         <size>0x7a</size>
         <input_file_ref idref="fl-de"/>
      </object_component>
      <object_component id="oc-89">
         <name>.text</name>
         <load_address>0x37f0</load_address>
         <run_address>0x37f0</run_address>
         <size>0x70</size>
         <input_file_ref idref="fl-e6"/>
      </object_component>
      <object_component id="oc-475">
         <name>.text</name>
         <load_address>0x3860</load_address>
         <run_address>0x3860</run_address>
         <size>0x6e</size>
         <input_file_ref idref="fl-da"/>
      </object_component>
      <object_component id="oc-64">
         <name>.text</name>
         <load_address>0x38ce</load_address>
         <run_address>0x38ce</run_address>
         <size>0x6a</size>
         <input_file_ref idref="fl-d2"/>
      </object_component>
      <object_component id="oc-1af">
         <name>.text:IntEnable</name>
         <load_address>0x3938</load_address>
         <run_address>0x3938</run_address>
         <size>0x68</size>
         <input_file_ref idref="fl-ec"/>
      </object_component>
      <object_component id="oc-209">
         <name>.text:TimerConfigure</name>
         <load_address>0x39a0</load_address>
         <run_address>0x39a0</run_address>
         <size>0x60</size>
         <input_file_ref idref="fl-f0"/>
      </object_component>
      <object_component id="oc-372">
         <name>.text</name>
         <load_address>0x3a00</load_address>
         <run_address>0x3a00</run_address>
         <size>0x60</size>
         <input_file_ref idref="fl-4"/>
      </object_component>
      <object_component id="oc-227">
         <name>.text:GPIOIntTypeSet</name>
         <load_address>0x3a60</load_address>
         <run_address>0x3a60</run_address>
         <size>0x56</size>
         <input_file_ref idref="fl-ea"/>
      </object_component>
      <object_component id="oc-285">
         <name>.text</name>
         <load_address>0x3ab6</load_address>
         <run_address>0x3ab6</run_address>
         <size>0x2</size>
         <input_file_ref idref="fl-e8"/>
      </object_component>
      <object_component id="oc-24">
         <name>.text</name>
         <load_address>0x3ab8</load_address>
         <run_address>0x3ab8</run_address>
         <size>0x54</size>
         <input_file_ref idref="fl-d0"/>
      </object_component>
      <object_component id="oc-95">
         <name>.text</name>
         <load_address>0x3b0c</load_address>
         <run_address>0x3b0c</run_address>
         <size>0x54</size>
         <input_file_ref idref="fl-d5"/>
      </object_component>
      <object_component id="oc-1cb">
         <name>.text:ADCSequenceConfigure</name>
         <load_address>0x3b60</load_address>
         <run_address>0x3b60</run_address>
         <size>0x50</size>
         <input_file_ref idref="fl-e9"/>
      </object_component>
      <object_component id="oc-122">
         <name>.text:SysCtlPeripheralReset</name>
         <load_address>0x3bb0</load_address>
         <run_address>0x3bb0</run_address>
         <size>0x50</size>
         <input_file_ref idref="fl-ef"/>
      </object_component>
      <object_component id="oc-326">
         <name>.text:_ADCIntNumberGet</name>
         <load_address>0x3c00</load_address>
         <run_address>0x3c00</run_address>
         <size>0x50</size>
         <input_file_ref idref="fl-e9"/>
      </object_component>
      <object_component id="oc-40f">
         <name>.text</name>
         <load_address>0x3c50</load_address>
         <run_address>0x3c50</run_address>
         <size>0x50</size>
         <input_file_ref idref="fl-11"/>
      </object_component>
      <object_component id="oc-134">
         <name>.text:I2CMasterInitExpClk</name>
         <load_address>0x3ca0</load_address>
         <run_address>0x3ca0</run_address>
         <size>0x4c</size>
         <input_file_ref idref="fl-eb"/>
      </object_component>
      <object_component id="oc-335">
         <name>.text:_TimerIntNumberGet</name>
         <load_address>0x3cec</load_address>
         <run_address>0x3cec</run_address>
         <size>0x4c</size>
         <input_file_ref idref="fl-f0"/>
      </object_component>
      <object_component id="oc-27f">
         <name>.text</name>
         <load_address>0x3d38</load_address>
         <run_address>0x3d38</run_address>
         <size>0x4c</size>
         <input_file_ref idref="fl-e7"/>
      </object_component>
      <object_component id="oc-2b">
         <name>.text</name>
         <load_address>0x3d84</load_address>
         <run_address>0x3d84</run_address>
         <size>0x4c</size>
         <input_file_ref idref="fl-3"/>
      </object_component>
      <object_component id="oc-b8">
         <name>.text:GPIOPinConfigure</name>
         <load_address>0x3dd0</load_address>
         <run_address>0x3dd0</run_address>
         <size>0x48</size>
         <input_file_ref idref="fl-ea"/>
      </object_component>
      <object_component id="oc-ca">
         <name>.text:UARTConfigSetExpClk</name>
         <load_address>0x3e18</load_address>
         <run_address>0x3e18</run_address>
         <size>0x46</size>
         <input_file_ref idref="fl-f1"/>
      </object_component>
      <object_component id="oc-33e">
         <name>.text:_GPIOIntNumberGet</name>
         <load_address>0x3e60</load_address>
         <run_address>0x3e60</run_address>
         <size>0x44</size>
         <input_file_ref idref="fl-ea"/>
      </object_component>
      <object_component id="oc-2c3">
         <name>.text:_UARTIntNumberGet</name>
         <load_address>0x3ea4</load_address>
         <run_address>0x3ea4</run_address>
         <size>0x40</size>
         <input_file_ref idref="fl-f1"/>
      </object_component>
      <object_component id="oc-4d9">
         <name>.text:SSIConfigSetExpClk</name>
         <load_address>0x3ee4</load_address>
         <run_address>0x3ee4</run_address>
         <size>0x3c</size>
         <input_file_ref idref="fl-ee"/>
      </object_component>
      <object_component id="oc-b2">
         <name>.text:SysCtlPeripheralReady</name>
         <load_address>0x3f20</load_address>
         <run_address>0x3f20</run_address>
         <size>0x38</size>
         <input_file_ref idref="fl-ef"/>
      </object_component>
      <object_component id="oc-47a">
         <name>.text</name>
         <load_address>0x3f58</load_address>
         <run_address>0x3f58</run_address>
         <size>0x38</size>
         <input_file_ref idref="fl-db"/>
      </object_component>
      <object_component id="oc-2c9">
         <name>.text:IntRegister</name>
         <load_address>0x3f90</load_address>
         <run_address>0x3f90</run_address>
         <size>0x34</size>
         <input_file_ref idref="fl-ec"/>
      </object_component>
      <object_component id="oc-ac">
         <name>.text:SysCtlPeripheralEnable</name>
         <load_address>0x3fc4</load_address>
         <run_address>0x3fc4</run_address>
         <size>0x34</size>
         <input_file_ref idref="fl-ef"/>
      </object_component>
      <object_component id="oc-360">
         <name>.text</name>
         <load_address>0x3ff8</load_address>
         <run_address>0x3ff8</run_address>
         <size>0x30</size>
         <input_file_ref idref="fl-d"/>
      </object_component>
      <object_component id="oc-44b">
         <name>.text</name>
         <load_address>0x4028</load_address>
         <run_address>0x4028</run_address>
         <size>0x2e</size>
         <input_file_ref idref="fl-dc"/>
      </object_component>
      <object_component id="oc-2ae">
         <name>.text:GPIODirModeSet</name>
         <load_address>0x4056</load_address>
         <run_address>0x4056</run_address>
         <size>0x2a</size>
         <input_file_ref idref="fl-ea"/>
      </object_component>
      <object_component id="oc-4c7">
         <name>.text:IntPrioritySet</name>
         <load_address>0x4080</load_address>
         <run_address>0x4080</run_address>
         <size>0x24</size>
         <input_file_ref idref="fl-ec"/>
      </object_component>
      <object_component id="oc-17f">
         <name>.text:PWMGenConfigure</name>
         <load_address>0x40a4</load_address>
         <run_address>0x40a4</run_address>
         <size>0x22</size>
         <input_file_ref idref="fl-ed"/>
      </object_component>
      <object_component id="oc-113">
         <name>.text:UARTDisable</name>
         <load_address>0x40c8</load_address>
         <run_address>0x40c8</run_address>
         <size>0x20</size>
         <input_file_ref idref="fl-f1"/>
      </object_component>
      <object_component id="oc-450">
         <name>.text</name>
         <load_address>0x40e8</load_address>
         <run_address>0x40e8</run_address>
         <size>0x20</size>
         <input_file_ref idref="fl-e3"/>
      </object_component>
      <object_component id="oc-1ef">
         <name>.text:ADCSequenceDataGet</name>
         <load_address>0x4108</load_address>
         <run_address>0x4108</run_address>
         <size>0x1e</size>
         <input_file_ref idref="fl-e9"/>
      </object_component>
      <object_component id="oc-18b">
         <name>.text:PWMPulseWidthSet</name>
         <load_address>0x4126</load_address>
         <run_address>0x4126</run_address>
         <size>0x1e</size>
         <input_file_ref idref="fl-ed"/>
      </object_component>
      <object_component id="oc-409">
         <name>.text</name>
         <load_address>0x4144</load_address>
         <run_address>0x4144</run_address>
         <size>0x1c</size>
         <input_file_ref idref="fl-14"/>
      </object_component>
      <object_component id="oc-1dd">
         <name>.text:ADCIntRegister</name>
         <load_address>0x4160</load_address>
         <run_address>0x4160</run_address>
         <size>0x18</size>
         <input_file_ref idref="fl-e9"/>
      </object_component>
      <object_component id="oc-1fc">
         <name>.text:ADCProcessorTrigger</name>
         <load_address>0x4178</load_address>
         <run_address>0x4178</run_address>
         <size>0x18</size>
         <input_file_ref idref="fl-e9"/>
      </object_component>
      <object_component id="oc-221">
         <name>.text:GPIOIntRegister</name>
         <load_address>0x4190</load_address>
         <run_address>0x4190</run_address>
         <size>0x18</size>
         <input_file_ref idref="fl-ea"/>
      </object_component>
      <object_component id="oc-4b5">
         <name>.text:GPIOPinTypeGPIOOutput</name>
         <load_address>0x41a8</load_address>
         <run_address>0x41a8</run_address>
         <size>0x18</size>
         <input_file_ref idref="fl-ea"/>
      </object_component>
      <object_component id="oc-1a9">
         <name>.text:PWMGenIntRegister</name>
         <load_address>0x41c0</load_address>
         <run_address>0x41c0</run_address>
         <size>0x18</size>
         <input_file_ref idref="fl-ed"/>
      </object_component>
      <object_component id="oc-20f">
         <name>.text:TimerIntRegister</name>
         <load_address>0x41d8</load_address>
         <run_address>0x41d8</run_address>
         <size>0x18</size>
         <input_file_ref idref="fl-f0"/>
      </object_component>
      <object_component id="oc-dc">
         <name>.text:UARTIntRegister</name>
         <load_address>0x41f0</load_address>
         <run_address>0x41f0</run_address>
         <size>0x18</size>
         <input_file_ref idref="fl-f1"/>
      </object_component>
      <object_component id="oc-8f">
         <name>.text</name>
         <load_address>0x4208</load_address>
         <run_address>0x4208</run_address>
         <size>0x18</size>
         <input_file_ref idref="fl-e5"/>
      </object_component>
      <object_component id="oc-366">
         <name>.text</name>
         <load_address>0x4220</load_address>
         <run_address>0x4220</run_address>
         <size>0x16</size>
         <input_file_ref idref="fl-7"/>
      </object_component>
      <object_component id="oc-173">
         <name>.text:SysCtlPWMClockSet</name>
         <load_address>0x4238</load_address>
         <run_address>0x4238</run_address>
         <size>0x14</size>
         <input_file_ref idref="fl-ef"/>
      </object_component>
      <object_component id="oc-e2">
         <name>.text:UARTEnable</name>
         <load_address>0x424c</load_address>
         <run_address>0x424c</run_address>
         <size>0x14</size>
         <input_file_ref idref="fl-f1"/>
      </object_component>
      <object_component id="oc-3af">
         <name>.text</name>
         <load_address>0x4260</load_address>
         <run_address>0x4260</run_address>
         <size>0x14</size>
         <input_file_ref idref="fl-e4"/>
      </object_component>
      <object_component id="oc-1c5">
         <name>.text:GPIOPinTypeADC</name>
         <load_address>0x4274</load_address>
         <run_address>0x4274</run_address>
         <size>0x12</size>
         <input_file_ref idref="fl-ea"/>
      </object_component>
      <object_component id="oc-21b">
         <name>.text:GPIOPinTypeGPIOInput</name>
         <load_address>0x4286</load_address>
         <run_address>0x4286</run_address>
         <size>0x12</size>
         <input_file_ref idref="fl-ea"/>
      </object_component>
      <object_component id="oc-12e">
         <name>.text:GPIOPinTypeI2C</name>
         <load_address>0x4298</load_address>
         <run_address>0x4298</run_address>
         <size>0x12</size>
         <input_file_ref idref="fl-ea"/>
      </object_component>
      <object_component id="oc-128">
         <name>.text:GPIOPinTypeI2CSCL</name>
         <load_address>0x42aa</load_address>
         <run_address>0x42aa</run_address>
         <size>0x12</size>
         <input_file_ref idref="fl-ea"/>
      </object_component>
      <object_component id="oc-179">
         <name>.text:GPIOPinTypePWM</name>
         <load_address>0x42bc</load_address>
         <run_address>0x42bc</run_address>
         <size>0x12</size>
         <input_file_ref idref="fl-ea"/>
      </object_component>
      <object_component id="oc-4d3">
         <name>.text:GPIOPinTypeSSI</name>
         <load_address>0x42ce</load_address>
         <run_address>0x42ce</run_address>
         <size>0x12</size>
         <input_file_ref idref="fl-ea"/>
      </object_component>
      <object_component id="oc-be">
         <name>.text:GPIOPinTypeUART</name>
         <load_address>0x42e0</load_address>
         <run_address>0x42e0</run_address>
         <size>0x12</size>
         <input_file_ref idref="fl-ea"/>
      </object_component>
      <object_component id="oc-191">
         <name>.text:PWMOutputState</name>
         <load_address>0x42f2</load_address>
         <run_address>0x42f2</run_address>
         <size>0x12</size>
         <input_file_ref idref="fl-ed"/>
      </object_component>
      <object_component id="oc-22d">
         <name>.text:TimerLoadSet</name>
         <load_address>0x4304</load_address>
         <run_address>0x4304</run_address>
         <size>0x12</size>
         <input_file_ref idref="fl-f0"/>
      </object_component>
      <object_component id="oc-16d">
         <name>.text:IntMasterEnable</name>
         <load_address>0x4316</load_address>
         <run_address>0x4316</run_address>
         <size>0x10</size>
         <input_file_ref idref="fl-ec"/>
      </object_component>
      <object_component id="oc-185">
         <name>.text:PWMGenPeriodSet</name>
         <load_address>0x4326</load_address>
         <run_address>0x4326</run_address>
         <size>0x10</size>
         <input_file_ref idref="fl-ed"/>
      </object_component>
      <object_component id="oc-1d7">
         <name>.text:ADCSequenceEnable</name>
         <load_address>0x4336</load_address>
         <run_address>0x4336</run_address>
         <size>0xe</size>
         <input_file_ref idref="fl-e9"/>
      </object_component>
      <object_component id="oc-245">
         <name>.text:GPIOIntDisable</name>
         <load_address>0x4344</load_address>
         <run_address>0x4344</run_address>
         <size>0xe</size>
         <input_file_ref idref="fl-ea"/>
      </object_component>
      <object_component id="oc-233">
         <name>.text:TimerEnable</name>
         <load_address>0x4352</load_address>
         <run_address>0x4352</run_address>
         <size>0xe</size>
         <input_file_ref idref="fl-f0"/>
      </object_component>
      <object_component id="oc-10d">
         <name>.text:UARTCharsAvail</name>
         <load_address>0x4360</load_address>
         <run_address>0x4360</run_address>
         <size>0xe</size>
         <input_file_ref idref="fl-f1"/>
      </object_component>
      <object_component id="oc-12">
         <name>.text:decompress:none</name>
         <load_address>0x436e</load_address>
         <run_address>0x436e</run_address>
         <size>0xe</size>
         <input_file_ref idref="fl-d1"/>
      </object_component>
      <object_component id="oc-300">
         <name>.text:CPUcpsie</name>
         <load_address>0x437c</load_address>
         <run_address>0x437c</run_address>
         <size>0xc</size>
         <input_file_ref idref="fl-f2"/>
      </object_component>
      <object_component id="oc-23f">
         <name>.text:GPIOIntEnable</name>
         <load_address>0x4388</load_address>
         <run_address>0x4388</run_address>
         <size>0xc</size>
         <input_file_ref idref="fl-ea"/>
      </object_component>
      <object_component id="oc-1bb">
         <name>.text:PWMGenDisable</name>
         <load_address>0x4394</load_address>
         <run_address>0x4394</run_address>
         <size>0xc</size>
         <input_file_ref idref="fl-ed"/>
      </object_component>
      <object_component id="oc-197">
         <name>.text:PWMGenEnable</name>
         <load_address>0x43a0</load_address>
         <run_address>0x43a0</run_address>
         <size>0xc</size>
         <input_file_ref idref="fl-ed"/>
      </object_component>
      <object_component id="oc-1e3">
         <name>.text:ADCIntClear</name>
         <load_address>0x43ac</load_address>
         <run_address>0x43ac</run_address>
         <size>0xa</size>
         <input_file_ref idref="fl-e9"/>
      </object_component>
      <object_component id="oc-2e3">
         <name>.text:I2CMasterEnable</name>
         <load_address>0x43b6</load_address>
         <run_address>0x43b6</run_address>
         <size>0xa</size>
         <input_file_ref idref="fl-eb"/>
      </object_component>
      <object_component id="oc-158">
         <name>.text:I2CMasterIntStatusEx</name>
         <load_address>0x43c0</load_address>
         <run_address>0x43c0</run_address>
         <size>0xa</size>
         <input_file_ref idref="fl-eb"/>
      </object_component>
      <object_component id="oc-1a3">
         <name>.text:PWMGenIntTrigEnable</name>
         <load_address>0x43ca</load_address>
         <run_address>0x43ca</run_address>
         <size>0xa</size>
         <input_file_ref idref="fl-ed"/>
      </object_component>
      <object_component id="oc-4e5">
         <name>.text:SSIDataPut</name>
         <load_address>0x43d4</load_address>
         <run_address>0x43d4</run_address>
         <size>0xa</size>
         <input_file_ref idref="fl-ee"/>
      </object_component>
      <object_component id="oc-4df">
         <name>.text:SSIEnable</name>
         <load_address>0x43de</load_address>
         <run_address>0x43de</run_address>
         <size>0xa</size>
         <input_file_ref idref="fl-ee"/>
      </object_component>
      <object_component id="oc-107">
         <name>.text:UARTCharGet</name>
         <load_address>0x43e8</load_address>
         <run_address>0x43e8</run_address>
         <size>0xa</size>
         <input_file_ref idref="fl-f1"/>
      </object_component>
      <object_component id="oc-f4">
         <name>.text:UARTCharPut</name>
         <load_address>0x43f2</load_address>
         <run_address>0x43f2</run_address>
         <size>0xa</size>
         <input_file_ref idref="fl-f1"/>
      </object_component>
      <object_component id="oc-d0">
         <name>.text:UARTFIFOEnable</name>
         <load_address>0x43fc</load_address>
         <run_address>0x43fc</run_address>
         <size>0xa</size>
         <input_file_ref idref="fl-f1"/>
      </object_component>
      <object_component id="oc-fb">
         <name>.text:UARTIntStatus</name>
         <load_address>0x4406</load_address>
         <run_address>0x4406</run_address>
         <size>0xa</size>
         <input_file_ref idref="fl-f1"/>
      </object_component>
      <object_component id="oc-1e9">
         <name>.text:ADCIntEnableEx</name>
         <load_address>0x4410</load_address>
         <run_address>0x4410</run_address>
         <size>0x8</size>
         <input_file_ref idref="fl-e9"/>
      </object_component>
      <object_component id="oc-14c">
         <name>.text:I2CMasterBusy</name>
         <load_address>0x4418</load_address>
         <run_address>0x4418</run_address>
         <size>0x8</size>
         <input_file_ref idref="fl-eb"/>
      </object_component>
      <object_component id="oc-13a">
         <name>.text:I2CMasterSlaveAddrSet</name>
         <load_address>0x4420</load_address>
         <run_address>0x4420</run_address>
         <size>0x8</size>
         <input_file_ref idref="fl-eb"/>
      </object_component>
      <object_component id="oc-19d">
         <name>.text:PWMIntEnable</name>
         <load_address>0x4428</load_address>
         <run_address>0x4428</run_address>
         <size>0x8</size>
         <input_file_ref idref="fl-ed"/>
      </object_component>
      <object_component id="oc-4eb">
         <name>.text:SSIBusy</name>
         <load_address>0x4430</load_address>
         <run_address>0x4430</run_address>
         <size>0x8</size>
         <input_file_ref idref="fl-ee"/>
      </object_component>
      <object_component id="oc-215">
         <name>.text:TimerIntEnable</name>
         <load_address>0x4438</load_address>
         <run_address>0x4438</run_address>
         <size>0x8</size>
         <input_file_ref idref="fl-f0"/>
      </object_component>
      <object_component id="oc-ee">
         <name>.text:UARTBusy</name>
         <load_address>0x4440</load_address>
         <run_address>0x4440</run_address>
         <size>0x8</size>
         <input_file_ref idref="fl-f1"/>
      </object_component>
      <object_component id="oc-e8">
         <name>.text:UARTIntEnable</name>
         <load_address>0x4448</load_address>
         <run_address>0x4448</run_address>
         <size>0x8</size>
         <input_file_ref idref="fl-f1"/>
      </object_component>
      <object_component id="oc-239">
         <name>.text:GPIOIntClear</name>
         <load_address>0x4450</load_address>
         <run_address>0x4450</run_address>
         <size>0x6</size>
         <input_file_ref idref="fl-ea"/>
      </object_component>
      <object_component id="oc-1b5">
         <name>.text:GPIOPinWrite</name>
         <load_address>0x4456</load_address>
         <run_address>0x4456</run_address>
         <size>0x6</size>
         <input_file_ref idref="fl-ea"/>
      </object_component>
      <object_component id="oc-9f">
         <name>.text:PWMGenIntClear</name>
         <load_address>0x445c</load_address>
         <run_address>0x445c</run_address>
         <size>0x6</size>
         <input_file_ref idref="fl-ed"/>
      </object_component>
      <object_component id="oc-fa">
         <name>.text:SysCtlDelay</name>
         <load_address>0x4462</load_address>
         <run_address>0x4462</run_address>
         <size>0x6</size>
         <input_file_ref idref="fl-ef"/>
      </object_component>
      <object_component id="oc-203">
         <name>.text:TimerClockSourceSet</name>
         <load_address>0x4468</load_address>
         <run_address>0x4468</run_address>
         <size>0x6</size>
         <input_file_ref idref="fl-f0"/>
      </object_component>
      <object_component id="oc-d6">
         <name>.text:UARTFIFOLevelSet</name>
         <load_address>0x446e</load_address>
         <run_address>0x446e</run_address>
         <size>0x6</size>
         <input_file_ref idref="fl-f1"/>
      </object_component>
      <object_component id="oc-18">
         <name>.text:decompress:rle24</name>
         <load_address>0x4474</load_address>
         <run_address>0x4474</run_address>
         <size>0x6</size>
         <input_file_ref idref="fl-d2"/>
      </object_component>
      <object_component id="oc-146">
         <name>.text:I2CMasterControl</name>
         <load_address>0x447a</load_address>
         <run_address>0x447a</run_address>
         <size>0x4</size>
         <input_file_ref idref="fl-eb"/>
      </object_component>
      <object_component id="oc-152">
         <name>.text:I2CMasterDataGet</name>
         <load_address>0x447e</load_address>
         <run_address>0x447e</run_address>
         <size>0x4</size>
         <input_file_ref idref="fl-eb"/>
      </object_component>
      <object_component id="oc-140">
         <name>.text:I2CMasterDataPut</name>
         <load_address>0x4482</load_address>
         <run_address>0x4482</run_address>
         <size>0x4</size>
         <input_file_ref idref="fl-eb"/>
      </object_component>
      <object_component id="oc-15e">
         <name>.text:I2CMasterIntClearEx</name>
         <load_address>0x4486</load_address>
         <run_address>0x4486</run_address>
         <size>0x4</size>
         <input_file_ref idref="fl-eb"/>
      </object_component>
      <object_component id="oc-1f6">
         <name>.text:TimerIntClear</name>
         <load_address>0x448a</load_address>
         <run_address>0x448a</run_address>
         <size>0x4</size>
         <input_file_ref idref="fl-f0"/>
      </object_component>
      <object_component id="oc-101">
         <name>.text:UARTIntClear</name>
         <load_address>0x448e</load_address>
         <run_address>0x448e</run_address>
         <size>0x4</size>
         <input_file_ref idref="fl-f1"/>
      </object_component>
      <object_component id="oc-83">
         <name>.text</name>
         <load_address>0x4492</load_address>
         <run_address>0x4492</run_address>
         <size>0x4</size>
         <input_file_ref idref="fl-e0"/>
      </object_component>
      <object_component id="oc-42d">
         <name>.const:font</name>
         <load_address>0x4498</load_address>
         <run_address>0x4498</run_address>
         <size>0x23a</size>
         <input_file_ref idref="fl-9"/>
      </object_component>
      <object_component id="oc-3f1">
         <name>.const:g_ppui32GPIOIntMapSnowflake</name>
         <load_address>0x46d4</load_address>
         <run_address>0x46d4</run_address>
         <size>0xd8</size>
         <input_file_ref idref="fl-ea"/>
      </object_component>
      <object_component id="oc-3ee">
         <name>.const:g_ppui32GPIOIntMapBlizzard</name>
         <load_address>0x47ac</load_address>
         <run_address>0x47ac</run_address>
         <size>0xc0</size>
         <input_file_ref idref="fl-ea"/>
      </object_component>
      <object_component id="oc-521">
         <name>.const:g_pui32Regs</name>
         <load_address>0x486c</load_address>
         <run_address>0x486c</run_address>
         <size>0x9c</size>
         <input_file_ref idref="fl-ec"/>
      </object_component>
      <object_component id="oc-52f">
         <name>.const:$O1$$</name>
         <load_address>0x4908</load_address>
         <run_address>0x4908</run_address>
         <size>0x98</size>
         <input_file_ref idref="fl-e1"/>
      </object_component>
      <object_component id="oc-2a9">
         <name>.const:g_pui32GPIOBaseAddrs</name>
         <load_address>0x49a0</load_address>
         <run_address>0x49a0</run_address>
         <size>0x90</size>
         <input_file_ref idref="fl-ea"/>
      </object_component>
      <object_component id="oc-317">
         <name>.const</name>
         <load_address>0x4a30</load_address>
         <run_address>0x4a30</run_address>
         <size>0x70</size>
         <input_file_ref idref="fl-ec"/>
      </object_component>
      <object_component id="oc-2bb">
         <name>.const:g_pui32Xtals</name>
         <load_address>0x4aa0</load_address>
         <run_address>0x4aa0</run_address>
         <size>0x6c</size>
         <input_file_ref idref="fl-ef"/>
      </object_component>
      <object_component id="oc-3e7">
         <name>.const:g_ppui32TimerIntMap</name>
         <load_address>0x4b0c</load_address>
         <run_address>0x4b0c</run_address>
         <size>0x60</size>
         <input_file_ref idref="fl-f0"/>
      </object_component>
      <object_component id="oc-3ea">
         <name>.const:g_ppui32TimerIntMapSnowflake</name>
         <load_address>0x4b6c</load_address>
         <run_address>0x4b6c</run_address>
         <size>0x40</size>
         <input_file_ref idref="fl-f0"/>
      </object_component>
      <object_component id="oc-3ce">
         <name>.const:g_ppui32UARTIntMap</name>
         <load_address>0x4bac</load_address>
         <run_address>0x4bac</run_address>
         <size>0x40</size>
         <input_file_ref idref="fl-f1"/>
      </object_component>
      <object_component id="oc-3d1">
         <name>.const:g_ppui32UARTIntMapSnowflake</name>
         <load_address>0x4bec</load_address>
         <run_address>0x4bec</run_address>
         <size>0x40</size>
         <input_file_ref idref="fl-f1"/>
      </object_component>
      <object_component id="oc-427">
         <name>.const:.string:$P$T0$1</name>
         <load_address>0x4c2c</load_address>
         <run_address>0x4c2c</run_address>
         <size>0x5</size>
         <input_file_ref idref="fl-9"/>
      </object_component>
      <object_component id="oc-42a">
         <name>.const:.string:$P$T1$2</name>
         <load_address>0x4c31</load_address>
         <run_address>0x4c31</run_address>
         <size>0x5</size>
         <input_file_ref idref="fl-9"/>
      </object_component>
      <object_component id="oc-561">
         <name>.cinit..data.load</name>
         <load_address>0x4c38</load_address>
         <run_address>0x4c38</run_address>
         <size>0xfeb</size>
      </object_component>
      <object_component id="oc-562">
         <name>.cinit..bss.load</name>
         <load_address>0x5c28</load_address>
         <run_address>0x5c28</run_address>
         <size>0xb</size>
      </object_component>
      <object_component id="oc-560">
         <name>.cinit..vtable.load</name>
         <load_address>0x5c38</load_address>
         <run_address>0x5c38</run_address>
         <size>0xb</size>
      </object_component>
      <object_component id="oc-55e">
         <name>__TI_handler_table</name>
         <load_address>0x5c44</load_address>
         <run_address>0x5c44</run_address>
         <size>0x8</size>
      </object_component>
      <object_component id="oc-55f">
         <name>__TI_cinit_table</name>
         <load_address>0x5c4c</load_address>
         <run_address>0x5c4c</run_address>
         <size>0x18</size>
      </object_component>
      <object_component id="oc-3d5">
         <name>.vtable</name>
         <uninitialized>true</uninitialized>
         <run_address>0x20000000</run_address>
         <size>0x26c</size>
         <input_file_ref idref="fl-ec"/>
      </object_component>
      <object_component id="oc-38a">
         <name>.data</name>
         <load_address>0x200015a8</load_address>
         <run_address>0x200015a8</run_address>
         <size>0xa0</size>
         <input_file_ref idref="fl-2"/>
      </object_component>
      <object_component id="oc-432">
         <name>.data:sense_left</name>
         <load_address>0x20000270</load_address>
         <run_address>0x20000270</run_address>
         <size>0x668</size>
         <input_file_ref idref="fl-4"/>
      </object_component>
      <object_component id="oc-435">
         <name>.data:sense_right</name>
         <load_address>0x20000f40</load_address>
         <run_address>0x20000f40</run_address>
         <size>0x668</size>
         <input_file_ref idref="fl-4"/>
      </object_component>
      <object_component id="oc-438">
         <name>.data:sense_mid</name>
         <load_address>0x200008d8</load_address>
         <run_address>0x200008d8</run_address>
         <size>0x668</size>
         <input_file_ref idref="fl-4"/>
      </object_component>
      <object_component id="oc-3a2">
         <name>.data</name>
         <load_address>0x200016f4</load_address>
         <run_address>0x200016f4</run_address>
         <size>0x8</size>
         <input_file_ref idref="fl-5"/>
      </object_component>
      <object_component id="oc-489">
         <name>.data</name>
         <load_address>0x200016c0</load_address>
         <run_address>0x200016c0</run_address>
         <size>0x14</size>
         <input_file_ref idref="fl-6"/>
      </object_component>
      <object_component id="oc-471">
         <name>.data</name>
         <load_address>0x200016a0</load_address>
         <run_address>0x200016a0</run_address>
         <size>0x20</size>
         <input_file_ref idref="fl-8"/>
      </object_component>
      <object_component id="oc-424">
         <name>.data:Init2Arr</name>
         <load_address>0x200016e0</load_address>
         <run_address>0x200016e0</run_address>
         <size>0x9</size>
         <input_file_ref idref="fl-9"/>
      </object_component>
      <object_component id="oc-a5">
         <name>.data</name>
         <load_address>0x20001648</load_address>
         <run_address>0x20001648</run_address>
         <size>0x58</size>
         <input_file_ref idref="fl-a"/>
      </object_component>
      <object_component id="oc-24b">
         <name>.data</name>
         <load_address>0x200016fc</load_address>
         <run_address>0x200016fc</run_address>
         <size>0x4</size>
         <input_file_ref idref="fl-b"/>
      </object_component>
      <object_component id="oc-1c1">
         <name>.data</name>
         <load_address>0x20001700</load_address>
         <run_address>0x20001700</run_address>
         <size>0x4</size>
         <input_file_ref idref="fl-13"/>
      </object_component>
      <object_component id="oc-4c2">
         <name>.data</name>
         <load_address>0x20001704</load_address>
         <run_address>0x20001704</run_address>
         <size>0x4</size>
         <input_file_ref idref="fl-14"/>
      </object_component>
      <object_component id="oc-295">
         <name>.data:$O1$$</name>
         <load_address>0x200016d4</load_address>
         <run_address>0x200016d4</run_address>
         <size>0xc</size>
         <input_file_ref idref="fl-d5"/>
      </object_component>
      <object_component id="oc-9b">
         <name>.data</name>
         <load_address>0x20001708</load_address>
         <run_address>0x20001708</run_address>
         <size>0x4</size>
         <input_file_ref idref="fl-e2"/>
      </object_component>
      <object_component id="oc-298">
         <name>.data:$O1$$</name>
         <load_address>0x200016ec</load_address>
         <run_address>0x200016ec</run_address>
         <size>0x8</size>
         <input_file_ref idref="fl-e4"/>
      </object_component>
      <object_component id="oc-390">
         <name>.common:Abstand1</name>
         <uninitialized>true</uninitialized>
         <run_address>0x20001ee0</run_address>
         <size>0x4</size>
      </object_component>
      <object_component id="oc-391">
         <name>.common:Abstand2</name>
         <uninitialized>true</uninitialized>
         <run_address>0x20001ee4</run_address>
         <size>0x4</size>
      </object_component>
      <object_component id="oc-392">
         <name>.common:Abstand3</name>
         <uninitialized>true</uninitialized>
         <run_address>0x20001ee8</run_address>
         <size>0x4</size>
      </object_component>
      <object_component id="oc-38d">
         <name>.common:b_Abstand1</name>
         <uninitialized>true</uninitialized>
         <run_address>0x20001f00</run_address>
         <size>0x4</size>
      </object_component>
      <object_component id="oc-38e">
         <name>.common:b_Abstand2</name>
         <uninitialized>true</uninitialized>
         <run_address>0x20001f04</run_address>
         <size>0x4</size>
      </object_component>
      <object_component id="oc-38f">
         <name>.common:b_Abstand3</name>
         <uninitialized>true</uninitialized>
         <run_address>0x20001f08</run_address>
         <size>0x4</size>
      </object_component>
      <object_component id="oc-399">
         <name>.common:TESTI</name>
         <uninitialized>true</uninitialized>
         <run_address>0x20001ef4</run_address>
         <size>0x4</size>
      </object_component>
      <object_component id="oc-48d">
         <name>.common:Init</name>
         <uninitialized>true</uninitialized>
         <run_address>0x20001e75</run_address>
         <size>0x3</size>
      </object_component>
      <object_component id="oc-48e">
         <name>.common:Tester</name>
         <uninitialized>true</uninitialized>
         <run_address>0x20001ed8</run_address>
         <size>0x6</size>
      </object_component>
      <object_component id="oc-393">
         <name>.common:SensData</name>
         <uninitialized>true</uninitialized>
         <run_address>0x20001e97</run_address>
         <size>0xf</size>
      </object_component>
      <object_component id="oc-396">
         <name>.common:ACCX</name>
         <uninitialized>true</uninitialized>
         <run_address>0x20001b4c</run_address>
         <size>0x2c</size>
      </object_component>
      <object_component id="oc-39a">
         <name>.common:ACCY</name>
         <uninitialized>true</uninitialized>
         <run_address>0x20001b78</run_address>
         <size>0x2c</size>
      </object_component>
      <object_component id="oc-39b">
         <name>.common:ACCZ</name>
         <uninitialized>true</uninitialized>
         <run_address>0x20001ba4</run_address>
         <size>0x2c</size>
      </object_component>
      <object_component id="oc-39c">
         <name>.common:GYRX</name>
         <uninitialized>true</uninitialized>
         <run_address>0x20001c54</run_address>
         <size>0x2c</size>
      </object_component>
      <object_component id="oc-39d">
         <name>.common:GYRY</name>
         <uninitialized>true</uninitialized>
         <run_address>0x20001c80</run_address>
         <size>0x2c</size>
      </object_component>
      <object_component id="oc-39e">
         <name>.common:GYRZ</name>
         <uninitialized>true</uninitialized>
         <run_address>0x20001cac</run_address>
         <size>0x2c</size>
      </object_component>
      <object_component id="oc-43c">
         <name>.common:WHOAMI</name>
         <uninitialized>true</uninitialized>
         <run_address>0x20001db4</run_address>
         <size>0x2c</size>
      </object_component>
      <object_component id="oc-43d">
         <name>.common:WHOIAM</name>
         <uninitialized>true</uninitialized>
         <run_address>0x20001de0</run_address>
         <size>0x2c</size>
      </object_component>
      <object_component id="oc-44a">
         <name>.common:ResetMag</name>
         <uninitialized>true</uninitialized>
         <run_address>0x20001d88</run_address>
         <size>0x2c</size>
      </object_component>
      <object_component id="oc-43e">
         <name>.common:GetMode</name>
         <uninitialized>true</uninitialized>
         <run_address>0x20001cd8</run_address>
         <size>0x2c</size>
      </object_component>
      <object_component id="oc-444">
         <name>.common:MagX</name>
         <uninitialized>true</uninitialized>
         <run_address>0x20001d04</run_address>
         <size>0x2c</size>
      </object_component>
      <object_component id="oc-447">
         <name>.common:ASAX</name>
         <uninitialized>true</uninitialized>
         <run_address>0x20001bd0</run_address>
         <size>0x2c</size>
      </object_component>
      <object_component id="oc-445">
         <name>.common:MagY</name>
         <uninitialized>true</uninitialized>
         <run_address>0x20001d30</run_address>
         <size>0x2c</size>
      </object_component>
      <object_component id="oc-448">
         <name>.common:ASAY</name>
         <uninitialized>true</uninitialized>
         <run_address>0x20001bfc</run_address>
         <size>0x2c</size>
      </object_component>
      <object_component id="oc-446">
         <name>.common:MagZ</name>
         <uninitialized>true</uninitialized>
         <run_address>0x20001d5c</run_address>
         <size>0x2c</size>
      </object_component>
      <object_component id="oc-449">
         <name>.common:ASAZ</name>
         <uninitialized>true</uninitialized>
         <run_address>0x20001c28</run_address>
         <size>0x2c</size>
      </object_component>
      <object_component id="oc-441">
         <name>.common:Conf</name>
         <uninitialized>true</uninitialized>
         <run_address>0x20001e36</run_address>
         <size>0x15</size>
      </object_component>
      <object_component id="oc-440">
         <name>.common:Reset</name>
         <uninitialized>true</uninitialized>
         <run_address>0x20001e4b</run_address>
         <size>0x15</size>
      </object_component>
      <object_component id="oc-442">
         <name>.common:Bypass</name>
         <uninitialized>true</uninitialized>
         <run_address>0x20001e0c</run_address>
         <size>0x15</size>
      </object_component>
      <object_component id="oc-443">
         <name>.common:BypassOff</name>
         <uninitialized>true</uninitialized>
         <run_address>0x20001e21</run_address>
         <size>0x15</size>
      </object_component>
      <object_component id="oc-43f">
         <name>.common:SetMode</name>
         <uninitialized>true</uninitialized>
         <run_address>0x20001e60</run_address>
         <size>0x15</size>
      </object_component>
      <object_component id="oc-46e">
         <name>.common:Hx</name>
         <uninitialized>true</uninitialized>
         <run_address>0x20001ea8</run_address>
         <size>0x8</size>
      </object_component>
      <object_component id="oc-485">
         <name>.common:Hx_f</name>
         <uninitialized>true</uninitialized>
         <run_address>0x20001eb0</run_address>
         <size>0x8</size>
      </object_component>
      <object_component id="oc-46f">
         <name>.common:Hy</name>
         <uninitialized>true</uninitialized>
         <run_address>0x20001eb8</run_address>
         <size>0x8</size>
      </object_component>
      <object_component id="oc-474">
         <name>.common:Hy_f</name>
         <uninitialized>true</uninitialized>
         <run_address>0x20001ec0</run_address>
         <size>0x8</size>
      </object_component>
      <object_component id="oc-470">
         <name>.common:Hz</name>
         <uninitialized>true</uninitialized>
         <run_address>0x20001ec8</run_address>
         <size>0x8</size>
      </object_component>
      <object_component id="oc-486">
         <name>.common:Hz_f</name>
         <uninitialized>true</uninitialized>
         <run_address>0x20001ed0</run_address>
         <size>0x8</size>
      </object_component>
      <object_component id="oc-487">
         <name>.common:phi</name>
         <uninitialized>true</uninitialized>
         <run_address>0x20001f20</run_address>
         <size>0x4</size>
      </object_component>
      <object_component id="oc-39f">
         <name>.common:Buttons</name>
         <uninitialized>true</uninitialized>
         <run_address>0x20001ea6</run_address>
         <size>0x2</size>
      </object_component>
      <object_component id="oc-257">
         <name>.common:CountUs1</name>
         <uninitialized>true</uninitialized>
         <run_address>0x20001ede</run_address>
         <size>0x2</size>
      </object_component>
      <object_component id="oc-24e">
         <name>.common:CountUs11</name>
         <uninitialized>true</uninitialized>
         <run_address>0x20001f24</run_address>
         <size>0x2</size>
      </object_component>
      <object_component id="oc-255">
         <name>.common:Time1</name>
         <uninitialized>true</uninitialized>
         <run_address>0x20001f26</run_address>
         <size>0x2</size>
      </object_component>
      <object_component id="oc-256">
         <name>.common:DistUs1</name>
         <uninitialized>true</uninitialized>
         <run_address>0x20001eec</run_address>
         <size>0x4</size>
      </object_component>
      <object_component id="oc-254">
         <name>.common:DistUs1mem</name>
         <uninitialized>true</uninitialized>
         <run_address>0x20001e78</run_address>
         <size>0x10</size>
      </object_component>
      <object_component id="oc-252">
         <name>.common:i</name>
         <uninitialized>true</uninitialized>
         <run_address>0x20001f18</run_address>
         <size>0x4</size>
      </object_component>
      <object_component id="oc-253">
         <name>.common:TimeoutBusy</name>
         <uninitialized>true</uninitialized>
         <run_address>0x20001ef8</run_address>
         <size>0x4</size>
      </object_component>
      <object_component id="oc-251">
         <name>.common:TimeCounter</name>
         <uninitialized>true</uninitialized>
         <run_address>0x20001f28</run_address>
         <size>0x2</size>
      </object_component>
      <object_component id="oc-a8">
         <name>.common:ADC1</name>
         <uninitialized>true</uninitialized>
         <run_address>0x20001b1c</run_address>
         <size>0x30</size>
      </object_component>
      <object_component id="oc-423">
         <name>.common:SpiCom</name>
         <uninitialized>true</uninitialized>
         <run_address>0x20001918</run_address>
         <size>0x204</size>
      </object_component>
      <object_component id="oc-167">
         <name>.common:Motion</name>
         <uninitialized>true</uninitialized>
         <run_address>0x20001710</run_address>
         <size>0x208</size>
      </object_component>
      <object_component id="oc-164">
         <name>.common:act_data</name>
         <uninitialized>true</uninitialized>
         <run_address>0x20001efc</run_address>
         <size>0x4</size>
      </object_component>
      <object_component id="oc-16a">
         <name>.common:currentstate</name>
         <uninitialized>true</uninitialized>
         <run_address>0x20001f0c</run_address>
         <size>0x4</size>
      </object_component>
      <object_component id="oc-16b">
         <name>.common:nextstate</name>
         <uninitialized>true</uninitialized>
         <run_address>0x20001f1c</run_address>
         <size>0x4</size>
      </object_component>
      <object_component id="oc-4d1">
         <name>.common:Period</name>
         <uninitialized>true</uninitialized>
         <run_address>0x20001ef0</run_address>
         <size>0x4</size>
      </object_component>
      <object_component id="oc-4cd">
         <name>.common:dCThrottle</name>
         <uninitialized>true</uninitialized>
         <run_address>0x20001f14</run_address>
         <size>0x4</size>
      </object_component>
      <object_component id="oc-4d0">
         <name>.common:dCSteering</name>
         <uninitialized>true</uninitialized>
         <run_address>0x20001f10</run_address>
         <size>0x4</size>
      </object_component>
      <object_component id="oc-119">
         <name>.common:RxData</name>
         <uninitialized>true</uninitialized>
         <run_address>0x20001e88</run_address>
         <size>0xf</size>
      </object_component>
      <object_component id="oc-2a">
         <name>.stack</name>
         <uninitialized>true</uninitialized>
         <run_address>0x20001f2c</run_address>
         <size>0x0</size>
         <input_file_ref idref="fl-d0"/>
      </object_component>
      <object_component id="oc-563">
         <name>.stack</name>
         <uninitialized>true</uninitialized>
         <run_address>0x20001f2c</run_address>
         <size>0x0</size>
      </object_component>
      <object_component id="oc-34f">
         <name>.debug_info</name>
         <load_address>0x0</load_address>
         <run_address>0x0</run_address>
         <size>0x5f2</size>
         <input_file_ref idref="fl-2"/>
      </object_component>
      <object_component id="oc-38b">
         <name>.debug_info</name>
         <load_address>0x5f2</load_address>
         <run_address>0x5f2</run_address>
         <size>0x632</size>
         <input_file_ref idref="fl-2"/>
      </object_component>
      <object_component id="oc-28e">
         <name>.debug_info</name>
         <load_address>0xc24</load_address>
         <run_address>0xc24</run_address>
         <size>0x355</size>
         <input_file_ref idref="fl-2"/>
      </object_component>
      <object_component id="oc-492">
         <name>.debug_info</name>
         <load_address>0xf79</load_address>
         <run_address>0xf79</run_address>
         <size>0x95</size>
         <input_file_ref idref="fl-2"/>
      </object_component>
      <object_component id="oc-2f4">
         <name>.debug_info</name>
         <load_address>0x100e</load_address>
         <run_address>0x100e</run_address>
         <size>0x360</size>
         <input_file_ref idref="fl-2"/>
      </object_component>
      <object_component id="oc-3f7">
         <name>.debug_info</name>
         <load_address>0x136e</load_address>
         <run_address>0x136e</run_address>
         <size>0x5e</size>
         <input_file_ref idref="fl-2"/>
      </object_component>
      <object_component id="oc-265">
         <name>.debug_info</name>
         <load_address>0x13cc</load_address>
         <run_address>0x13cc</run_address>
         <size>0x102</size>
         <input_file_ref idref="fl-2"/>
      </object_component>
      <object_component id="oc-2fb">
         <name>.debug_info</name>
         <load_address>0x14ce</load_address>
         <run_address>0x14ce</run_address>
         <size>0x156</size>
         <input_file_ref idref="fl-2"/>
      </object_component>
      <object_component id="oc-2db">
         <name>.debug_info</name>
         <load_address>0x1624</load_address>
         <run_address>0x1624</run_address>
         <size>0x109</size>
         <input_file_ref idref="fl-2"/>
      </object_component>
      <object_component id="oc-499">
         <name>.debug_info</name>
         <load_address>0x172d</load_address>
         <run_address>0x172d</run_address>
         <size>0x9e</size>
         <input_file_ref idref="fl-2"/>
      </object_component>
      <object_component id="oc-25b">
         <name>.debug_info</name>
         <load_address>0x17cb</load_address>
         <run_address>0x17cb</run_address>
         <size>0x84</size>
         <input_file_ref idref="fl-2"/>
      </object_component>
      <object_component id="oc-260">
         <name>.debug_info</name>
         <load_address>0x184f</load_address>
         <run_address>0x184f</run_address>
         <size>0x18b</size>
         <input_file_ref idref="fl-2"/>
      </object_component>
      <object_component id="oc-57">
         <name>.debug_info</name>
         <load_address>0x19da</load_address>
         <run_address>0x19da</run_address>
         <size>0x282</size>
         <input_file_ref idref="fl-3"/>
      </object_component>
      <object_component id="oc-10">
         <name>.debug_info</name>
         <load_address>0x1c5c</load_address>
         <run_address>0x1c5c</run_address>
         <size>0xe5</size>
         <input_file_ref idref="fl-3"/>
      </object_component>
      <object_component id="oc-2c">
         <name>.debug_info</name>
         <load_address>0x1d41</load_address>
         <run_address>0x1d41</run_address>
         <size>0x308</size>
         <input_file_ref idref="fl-3"/>
      </object_component>
      <object_component id="oc-4fe">
         <name>.debug_info</name>
         <load_address>0x2049</load_address>
         <run_address>0x2049</run_address>
         <size>0xc1</size>
         <input_file_ref idref="fl-4"/>
      </object_component>
      <object_component id="oc-433">
         <name>.debug_info</name>
         <load_address>0x210a</load_address>
         <run_address>0x210a</run_address>
         <size>0xd6</size>
         <input_file_ref idref="fl-4"/>
      </object_component>
      <object_component id="oc-436">
         <name>.debug_info</name>
         <load_address>0x21e0</load_address>
         <run_address>0x21e0</run_address>
         <size>0xd8</size>
         <input_file_ref idref="fl-4"/>
      </object_component>
      <object_component id="oc-439">
         <name>.debug_info</name>
         <load_address>0x22b8</load_address>
         <run_address>0x22b8</run_address>
         <size>0xd4</size>
         <input_file_ref idref="fl-4"/>
      </object_component>
      <object_component id="oc-373">
         <name>.debug_info</name>
         <load_address>0x238c</load_address>
         <run_address>0x238c</run_address>
         <size>0x201</size>
         <input_file_ref idref="fl-4"/>
      </object_component>
      <object_component id="oc-394">
         <name>.debug_info</name>
         <load_address>0x258d</load_address>
         <run_address>0x258d</run_address>
         <size>0x2ef</size>
         <input_file_ref idref="fl-5"/>
      </object_component>
      <object_component id="oc-3a3">
         <name>.debug_info</name>
         <load_address>0x287c</load_address>
         <run_address>0x287c</run_address>
         <size>0xe6</size>
         <input_file_ref idref="fl-5"/>
      </object_component>
      <object_component id="oc-387">
         <name>.debug_info</name>
         <load_address>0x2962</load_address>
         <run_address>0x2962</run_address>
         <size>0x3ac</size>
         <input_file_ref idref="fl-5"/>
      </object_component>
      <object_component id="oc-48a">
         <name>.debug_info</name>
         <load_address>0x2d0e</load_address>
         <run_address>0x2d0e</run_address>
         <size>0xd8</size>
         <input_file_ref idref="fl-6"/>
      </object_component>
      <object_component id="oc-382">
         <name>.debug_info</name>
         <load_address>0x2de6</load_address>
         <run_address>0x2de6</run_address>
         <size>0x614</size>
         <input_file_ref idref="fl-6"/>
      </object_component>
      <object_component id="oc-36a">
         <name>.debug_info</name>
         <load_address>0x33fa</load_address>
         <run_address>0x33fa</run_address>
         <size>0x172</size>
         <input_file_ref idref="fl-7"/>
      </object_component>
      <object_component id="oc-397">
         <name>.debug_info</name>
         <load_address>0x356c</load_address>
         <run_address>0x356c</run_address>
         <size>0x4a3</size>
         <input_file_ref idref="fl-8"/>
      </object_component>
      <object_component id="oc-472">
         <name>.debug_info</name>
         <load_address>0x3a0f</load_address>
         <run_address>0x3a0f</run_address>
         <size>0x12a</size>
         <input_file_ref idref="fl-8"/>
      </object_component>
      <object_component id="oc-379">
         <name>.debug_info</name>
         <load_address>0x3b39</load_address>
         <run_address>0x3b39</run_address>
         <size>0x755</size>
         <input_file_ref idref="fl-8"/>
      </object_component>
      <object_component id="oc-431">
         <name>.debug_info</name>
         <load_address>0x428e</load_address>
         <run_address>0x428e</run_address>
         <size>0x204</size>
         <input_file_ref idref="fl-9"/>
      </object_component>
      <object_component id="oc-42e">
         <name>.debug_info</name>
         <load_address>0x4492</load_address>
         <run_address>0x4492</run_address>
         <size>0xca</size>
         <input_file_ref idref="fl-9"/>
      </object_component>
      <object_component id="oc-425">
         <name>.debug_info</name>
         <load_address>0x455c</load_address>
         <run_address>0x455c</run_address>
         <size>0xd2</size>
         <input_file_ref idref="fl-9"/>
      </object_component>
      <object_component id="oc-428">
         <name>.debug_info</name>
         <load_address>0x462e</load_address>
         <run_address>0x462e</run_address>
         <size>0xcf</size>
         <input_file_ref idref="fl-9"/>
      </object_component>
      <object_component id="oc-42b">
         <name>.debug_info</name>
         <load_address>0x46fd</load_address>
         <run_address>0x46fd</run_address>
         <size>0xcf</size>
         <input_file_ref idref="fl-9"/>
      </object_component>
      <object_component id="oc-36d">
         <name>.debug_info</name>
         <load_address>0x47cc</load_address>
         <run_address>0x47cc</run_address>
         <size>0xc59</size>
         <input_file_ref idref="fl-9"/>
      </object_component>
      <object_component id="oc-3a0">
         <name>.debug_info</name>
         <load_address>0x5425</load_address>
         <run_address>0x5425</run_address>
         <size>0x166</size>
         <input_file_ref idref="fl-a"/>
      </object_component>
      <object_component id="oc-a6">
         <name>.debug_info</name>
         <load_address>0x558b</load_address>
         <run_address>0x558b</run_address>
         <size>0x39a</size>
         <input_file_ref idref="fl-a"/>
      </object_component>
      <object_component id="oc-4d">
         <name>.debug_info</name>
         <load_address>0x5925</load_address>
         <run_address>0x5925</run_address>
         <size>0x151</size>
         <input_file_ref idref="fl-a"/>
      </object_component>
      <object_component id="oc-24f">
         <name>.debug_info</name>
         <load_address>0x5a76</load_address>
         <run_address>0x5a76</run_address>
         <size>0x5f6</size>
         <input_file_ref idref="fl-b"/>
      </object_component>
      <object_component id="oc-24c">
         <name>.debug_info</name>
         <load_address>0x606c</load_address>
         <run_address>0x606c</run_address>
         <size>0xce</size>
         <input_file_ref idref="fl-b"/>
      </object_component>
      <object_component id="oc-51">
         <name>.debug_info</name>
         <load_address>0x613a</load_address>
         <run_address>0x613a</run_address>
         <size>0x496</size>
         <input_file_ref idref="fl-b"/>
      </object_component>
      <object_component id="oc-11d">
         <name>.debug_info</name>
         <load_address>0x65d0</load_address>
         <run_address>0x65d0</run_address>
         <size>0x8b</size>
         <input_file_ref idref="fl-b"/>
      </object_component>
      <object_component id="oc-a9">
         <name>.debug_info</name>
         <load_address>0x665b</load_address>
         <run_address>0x665b</run_address>
         <size>0x30c</size>
         <input_file_ref idref="fl-c"/>
      </object_component>
      <object_component id="oc-46">
         <name>.debug_info</name>
         <load_address>0x6967</load_address>
         <run_address>0x6967</run_address>
         <size>0x341</size>
         <input_file_ref idref="fl-c"/>
      </object_component>
      <object_component id="oc-168">
         <name>.debug_info</name>
         <load_address>0x6ca8</load_address>
         <run_address>0x6ca8</run_address>
         <size>0x2ac</size>
         <input_file_ref idref="fl-d"/>
      </object_component>
      <object_component id="oc-363">
         <name>.debug_info</name>
         <load_address>0x6f54</load_address>
         <run_address>0x6f54</run_address>
         <size>0x202</size>
         <input_file_ref idref="fl-d"/>
      </object_component>
      <object_component id="oc-404">
         <name>.debug_info</name>
         <load_address>0x7156</load_address>
         <run_address>0x7156</run_address>
         <size>0x558</size>
         <input_file_ref idref="fl-e"/>
      </object_component>
      <object_component id="oc-165">
         <name>.debug_info</name>
         <load_address>0x76ae</load_address>
         <run_address>0x76ae</run_address>
         <size>0x50f</size>
         <input_file_ref idref="fl-f"/>
      </object_component>
      <object_component id="oc-38">
         <name>.debug_info</name>
[...]
         <object_component_ref idref="oc-47f"/>
      </symbol>
      <symbol id="sm-5a0">
         <name>C$$EXIT</name>
         <value>0x3b0d</value>
         <object_component_ref idref="oc-95"/>
      </symbol>
      <symbol id="sm-5a1">
         <name>abort</name>
         <value>0x3b11</value>
         <object_component_ref idref="oc-95"/>
      </symbol>
      <symbol id="sm-5a2">
         <name>exit</name>
         <value>0x3b19</value>
         <object_component_ref idref="oc-95"/>
      </symbol>
      <symbol id="sm-5a3">
         <name>__TI_dtors_ptr</name>
         <value>0x200016d8</value>
         <object_component_ref idref="oc-295"/>
      </symbol>
      <symbol id="sm-5a4">
         <name>__TI_cleanup_ptr</name>
         <value>0x200016d4</value>
         <object_component_ref idref="oc-295"/>
      </symbol>
      <symbol id="sm-5a5">
         <name>__TI_enable_exit_profile_output</name>
         <value>0x200016dc</value>
         <object_component_ref idref="oc-295"/>
      </symbol>
      <symbol id="sm-5bc">
         <name>__aeabi_dsub</name>
         <value>0x27a9</value>
         <object_component_ref idref="oc-455"/>
      </symbol>
      <symbol id="sm-5bd">
         <name>__aeabi_dadd</name>
         <value>0x27b3</value>
         <object_component_ref idref="oc-455"/>
      </symbol>
      <symbol id="sm-5df">
         <name>__aeabi_cdcmpeq</name>
         <value>0x35f1</value>
         <object_component_ref idref="oc-469"/>
      </symbol>
      <symbol id="sm-5e0">
         <name>__aeabi_cdcmple</name>
         <value>0x35f1</value>
         <object_component_ref idref="oc-469"/>
      </symbol>
      <symbol id="sm-5e1">
         <name>__aeabi_cdrcmple</name>
         <value>0x3677</value>
         <object_component_ref idref="oc-464"/>
      </symbol>
      <symbol id="sm-5f5">
         <name>__aeabi_ddiv</name>
         <value>0x2ad9</value>
         <object_component_ref idref="oc-45f"/>
      </symbol>
      <symbol id="sm-600">
         <name>__aeabi_dmul</name>
         <value>0x3071</value>
         <object_component_ref idref="oc-45a"/>
      </symbol>
      <symbol id="sm-60c">
         <name>__aeabi_d2f</name>
         <value>0x3861</value>
         <object_component_ref idref="oc-475"/>
      </symbol>
      <symbol id="sm-617">
         <name>__aeabi_f2d</name>
         <value>0x3f59</value>
         <object_component_ref idref="oc-47a"/>
      </symbol>
      <symbol id="sm-621">
         <name>__aeabi_i2d</name>
         <value>0x4029</value>
         <object_component_ref idref="oc-44b"/>
      </symbol>
      <symbol id="sm-63c">
         <name>memcpy</name>
         <value>0x3555</value>
         <object_component_ref idref="oc-58"/>
      </symbol>
      <symbol id="sm-63d">
         <name>__aeabi_memcpy</name>
         <value>0x3555</value>
         <object_component_ref idref="oc-58"/>
      </symbol>
      <symbol id="sm-63e">
         <name>__aeabi_memcpy8</name>
         <value>0x3555</value>
         <object_component_ref idref="oc-58"/>
      </symbol>
      <symbol id="sm-63f">
         <name>__aeabi_memcpy4</name>
         <value>0x3555</value>
         <object_component_ref idref="oc-58"/>
      </symbol>
      <symbol id="sm-64e">
         <name>__aeabi_memset</name>
         <value>0x3779</value>
         <object_component_ref idref="oc-71"/>
      </symbol>
      <symbol id="sm-64f">
         <name>memset</name>
         <value>0x377f</value>
         <object_component_ref idref="oc-71"/>
      </symbol>
      <symbol id="sm-650">
         <name>__aeabi_memset8</name>
         <value>0x3779</value>
         <object_component_ref idref="oc-71"/>
      </symbol>
      <symbol id="sm-651">
         <name>__aeabi_memset4</name>
         <value>0x3779</value>
         <object_component_ref idref="oc-71"/>
      </symbol>
      <symbol id="sm-652">
         <name>__aeabi_memclr8</name>
         <value>0x3777</value>
         <object_component_ref idref="oc-71"/>
      </symbol>
      <symbol id="sm-653">
         <name>__aeabi_memclr4</name>
         <value>0x3777</value>
         <object_component_ref idref="oc-71"/>
      </symbol>
      <symbol id="sm-654">
         <name>__aeabi_memclr</name>
         <value>0x3777</value>
         <object_component_ref idref="oc-71"/>
      </symbol>
      <symbol id="sm-65e">
         <name>__mpu_init</name>
         <value>0x295f</value>
         <object_component_ref idref="oc-7d"/>
      </symbol>
      <symbol id="sm-668">
         <name>_system_pre_init</name>
         <value>0x4493</value>
         <object_component_ref idref="oc-83"/>
      </symbol>
      <symbol id="sm-69b">
         <name>atanl</name>
         <value>0x1c11</value>
         <object_component_ref idref="oc-50e"/>
      </symbol>
      <symbol id="sm-69c">
         <name>atan</name>
         <value>0x1c11</value>
         <object_component_ref idref="oc-50e"/>
      </symbol>
      <symbol id="sm-6a4">
         <name>main_func_sp</name>
         <value>0x20001708</value>
         <object_component_ref idref="oc-9b"/>
      </symbol>
      <symbol id="sm-6ae">
         <name>__aeabi_ui2d</name>
         <value>0x40e9</value>
         <object_component_ref idref="oc-450"/>
      </symbol>
      <symbol id="sm-6c7">
         <name>_nop</name>
         <value>0x426f</value>
         <object_component_ref idref="oc-3af"/>
      </symbol>
      <symbol id="sm-6c8">
         <name>_lock</name>
         <value>0x200016ec</value>
         <object_component_ref idref="oc-298"/>
      </symbol>
      <symbol id="sm-6c9">
         <name>_unlock</name>
         <value>0x200016f0</value>
         <object_component_ref idref="oc-298"/>
      </symbol>
      <symbol id="sm-6ca">
         <name>_register_lock</name>
         <value>0x4267</value>
         <object_component_ref idref="oc-3af"/>
      </symbol>
      <symbol id="sm-6cb">
         <name>_register_unlock</name>
         <value>0x4261</value>
         <object_component_ref idref="oc-3af"/>
      </symbol>
      <symbol id="sm-6df">
         <name>_args_main</name>
         <value>0x4209</value>
         <object_component_ref idref="oc-8f"/>
      </symbol>
      <symbol id="sm-704">
         <name>__TI_auto_init</name>
         <value>0x37f1</value>
         <object_component_ref idref="oc-89"/>
      </symbol>
      <symbol id="sm-71e">
         <name>copy_in</name>
         <value>0x3d39</value>
         <object_component_ref idref="oc-27f"/>
      </symbol>
      <symbol id="sm-728">
         <name>_system_post_cinit</name>
         <value>0x3ab7</value>
         <object_component_ref idref="oc-285"/>
      </symbol>
      <symbol id="sm-787">
         <name>ADCIntEnableEx</name>
         <value>0x4411</value>
         <object_component_ref idref="oc-1e9"/>
      </symbol>
      <symbol id="sm-788">
         <name>ADCProcessorTrigger</name>
         <value>0x4179</value>
         <object_component_ref idref="oc-1fc"/>
      </symbol>
      <symbol id="sm-789">
         <name>ADCSequenceEnable</name>
         <value>0x4337</value>
         <object_component_ref idref="oc-1d7"/>
      </symbol>
      <symbol id="sm-78a">
         <name>ADCSequenceConfigure</name>
         <value>0x3b61</value>
         <object_component_ref idref="oc-1cb"/>
      </symbol>
      <symbol id="sm-78b">
         <name>ADCSequenceStepConfigure</name>
         <value>0x36fd</value>
         <object_component_ref idref="oc-1d1"/>
      </symbol>
      <symbol id="sm-78c">
         <name>ADCIntClear</name>
         <value>0x43ad</value>
         <object_component_ref idref="oc-1e3"/>
      </symbol>
      <symbol id="sm-78d">
         <name>ADCIntRegister</name>
         <value>0x4161</value>
         <object_component_ref idref="oc-1dd"/>
      </symbol>
      <symbol id="sm-78e">
         <name>ADCSequenceDataGet</name>
         <value>0x4109</value>
         <object_component_ref idref="oc-1ef"/>
      </symbol>
      <symbol id="sm-847">
         <name>GPIOPinTypePWM</name>
         <value>0x42bd</value>
         <object_component_ref idref="oc-179"/>
      </symbol>
      <symbol id="sm-848">
         <name>GPIOIntRegister</name>
         <value>0x4191</value>
         <object_component_ref idref="oc-221"/>
      </symbol>
      <symbol id="sm-849">
         <name>GPIOPinConfigure</name>
         <value>0x3dd1</value>
         <object_component_ref idref="oc-b8"/>
      </symbol>
      <symbol id="sm-84a">
         <name>GPIOPinTypeI2CSCL</name>
         <value>0x42ab</value>
         <object_component_ref idref="oc-128"/>
      </symbol>
      <symbol id="sm-84b">
         <name>GPIOIntDisable</name>
         <value>0x4345</value>
         <object_component_ref idref="oc-245"/>
      </symbol>
      <symbol id="sm-84c">
         <name>GPIOIntEnable</name>
         <value>0x4389</value>
         <object_component_ref idref="oc-23f"/>
      </symbol>
      <symbol id="sm-84d">
         <name>GPIOPinTypeI2C</name>
         <value>0x4299</value>
         <object_component_ref idref="oc-12e"/>
      </symbol>
      <symbol id="sm-84e">
         <name>GPIOIntTypeSet</name>
         <value>0x3a61</value>
         <object_component_ref idref="oc-227"/>
      </symbol>
      <symbol id="sm-84f">
         <name>GPIOPinTypeADC</name>
         <value>0x4275</value>
         <object_component_ref idref="oc-1c5"/>
      </symbol>
      <symbol id="sm-850">
         <name>GPIOPinTypeGPIOInput</name>
         <value>0x4287</value>
         <object_component_ref idref="oc-21b"/>
      </symbol>
      <symbol id="sm-851">
         <name>GPIOIntClear</name>
         <value>0x4451</value>
         <object_component_ref idref="oc-239"/>
      </symbol>
      <symbol id="sm-852">
         <name>GPIOPinTypeUART</name>
         <value>0x42e1</value>
         <object_component_ref idref="oc-be"/>
      </symbol>
      <symbol id="sm-853">
         <name>GPIOPinTypeGPIOOutput</name>
         <value>0x41a9</value>
         <object_component_ref idref="oc-4b5"/>
      </symbol>
      <symbol id="sm-854">
         <name>GPIODirModeSet</name>
         <value>0x4057</value>
         <object_component_ref idref="oc-2ae"/>
      </symbol>
      <symbol id="sm-855">
         <name>GPIOPinWrite</name>
         <value>0x4457</value>
         <object_component_ref idref="oc-1b5"/>
      </symbol>
      <symbol id="sm-856">
         <name>GPIOPadConfigSet</name>
         <value>0x2c0f</value>
         <object_component_ref idref="oc-2b4"/>
      </symbol>
      <symbol id="sm-857">
         <name>GPIOPinTypeSSI</name>
         <value>0x42cf</value>
         <object_component_ref idref="oc-4d3"/>
      </symbol>
      <symbol id="sm-8a8">
         <name>I2CMasterDataPut</name>
         <value>0x4483</value>
         <object_component_ref idref="oc-140"/>
      </symbol>
      <symbol id="sm-8a9">
         <name>I2CMasterInitExpClk</name>
         <value>0x3ca1</value>
         <object_component_ref idref="oc-134"/>
      </symbol>
      <symbol id="sm-8aa">
         <name>I2CMasterIntClearEx</name>
         <value>0x4487</value>
         <object_component_ref idref="oc-15e"/>
      </symbol>
      <symbol id="sm-8ab">
         <name>I2CMasterSlaveAddrSet</name>
         <value>0x4421</value>
         <object_component_ref idref="oc-13a"/>
      </symbol>
      <symbol id="sm-8ac">
         <name>I2CMasterDataGet</name>
         <value>0x447f</value>
         <object_component_ref idref="oc-152"/>
      </symbol>
      <symbol id="sm-8ad">
         <name>I2CMasterControl</name>
         <value>0x447b</value>
         <object_component_ref idref="oc-146"/>
      </symbol>
      <symbol id="sm-8ae">
         <name>I2CMasterBusy</name>
         <value>0x4419</value>
         <object_component_ref idref="oc-14c"/>
      </symbol>
      <symbol id="sm-8af">
         <name>I2CMasterEnable</name>
         <value>0x43b7</value>
         <object_component_ref idref="oc-2e3"/>
      </symbol>
      <symbol id="sm-8b0">
         <name>I2CMasterIntStatusEx</name>
         <value>0x43c1</value>
         <object_component_ref idref="oc-158"/>
      </symbol>
      <symbol id="sm-903">
         <name>IntPrioritySet</name>
         <value>0x4081</value>
         <object_component_ref idref="oc-4c7"/>
      </symbol>
      <symbol id="sm-904">
         <name>IntEnable</name>
         <value>0x3939</value>
         <object_component_ref idref="oc-1af"/>
      </symbol>
      <symbol id="sm-905">
         <name>IntRegister</name>
         <value>0x3f91</value>
         <object_component_ref idref="oc-2c9"/>
      </symbol>
      <symbol id="sm-906">
         <name>g_pfnRAMVectors</name>
         <value>0x20000000</value>
         <object_component_ref idref="oc-3d5"/>
      </symbol>
      <symbol id="sm-907">
         <name>IntMasterEnable</name>
         <value>0x4317</value>
         <object_component_ref idref="oc-16d"/>
      </symbol>
      <symbol id="sm-974">
         <name>PWMGenPeriodSet</name>
         <value>0x4327</value>
         <object_component_ref idref="oc-185"/>
      </symbol>
      <symbol id="sm-975">
         <name>PWMGenIntTrigEnable</name>
         <value>0x43cb</value>
         <object_component_ref idref="oc-1a3"/>
      </symbol>
      <symbol id="sm-976">
         <name>PWMGenDisable</name>
         <value>0x4395</value>
         <object_component_ref idref="oc-1bb"/>
      </symbol>
      <symbol id="sm-977">
         <name>PWMPulseWidthSet</name>
         <value>0x4127</value>
         <object_component_ref idref="oc-18b"/>
      </symbol>
      <symbol id="sm-978">
         <name>PWMGenIntClear</name>
         <value>0x445d</value>
         <object_component_ref idref="oc-9f"/>
      </symbol>
      <symbol id="sm-979">
         <name>PWMGenIntRegister</name>
         <value>0x41c1</value>
         <object_component_ref idref="oc-1a9"/>
      </symbol>
      <symbol id="sm-97a">
         <name>PWMOutputState</name>
         <value>0x42f3</value>
         <object_component_ref idref="oc-191"/>
      </symbol>
      <symbol id="sm-97b">
         <name>PWMGenEnable</name>
         <value>0x43a1</value>
         <object_component_ref idref="oc-197"/>
      </symbol>
      <symbol id="sm-97c">
         <name>PWMIntEnable</name>
         <value>0x4429</value>
         <object_component_ref idref="oc-19d"/>
      </symbol>
      <symbol id="sm-97d">
         <name>PWMGenConfigure</name>
         <value>0x40a5</value>
         <object_component_ref idref="oc-17f"/>
      </symbol>
      <symbol id="sm-9a4">
         <name>SSIDataPut</name>
         <value>0x43d5</value>
         <object_component_ref idref="oc-4e5"/>
      </symbol>
      <symbol id="sm-9a5">
         <name>SSIConfigSetExpClk</name>
         <value>0x3ee5</value>
         <object_component_ref idref="oc-4d9"/>
      </symbol>
      <symbol id="sm-9a6">
         <name>SSIEnable</name>
         <value>0x43df</value>
         <object_component_ref idref="oc-4df"/>
      </symbol>
      <symbol id="sm-9a7">
         <name>SSIBusy</name>
         <value>0x4431</value>
         <object_component_ref idref="oc-4eb"/>
      </symbol>
      <symbol id="sm-a1a">
         <name>SysCtlClockSet</name>
         <value>0x316d</value>
         <object_component_ref idref="oc-4bc"/>
      </symbol>
      <symbol id="sm-a1b">
         <name>SysCtlDelay</name>
         <value>0x4463</value>
         <object_component_ref idref="oc-fa"/>
      </symbol>
      <symbol id="sm-a1c">
         <name>SysCtlPeripheralEnable</name>
         <value>0x3fc5</value>
         <object_component_ref idref="oc-ac"/>
      </symbol>
      <symbol id="sm-a1d">
         <name>SysCtlClockGet</name>
         <value>0x2e5d</value>
         <object_component_ref idref="oc-c4"/>
      </symbol>
      <symbol id="sm-a1e">
         <name>SysCtlPWMClockSet</name>
         <value>0x4239</value>
         <object_component_ref idref="oc-173"/>
      </symbol>
      <symbol id="sm-a1f">
         <name>SysCtlPeripheralReady</name>
         <value>0x3f21</value>
         <object_component_ref idref="oc-b2"/>
      </symbol>
      <symbol id="sm-a20">
         <name>SysCtlPeripheralReset</name>
         <value>0x3bb1</value>
         <object_component_ref idref="oc-122"/>
      </symbol>
      <symbol id="sm-a83">
         <name>TimerLoadSet</name>
         <value>0x4305</value>
         <object_component_ref idref="oc-22d"/>
      </symbol>
      <symbol id="sm-a84">
         <name>TimerIntRegister</name>
         <value>0x41d9</value>
         <object_component_ref idref="oc-20f"/>
      </symbol>
      <symbol id="sm-a85">
         <name>TimerEnable</name>
         <value>0x4353</value>
         <object_component_ref idref="oc-233"/>
      </symbol>
      <symbol id="sm-a86">
         <name>TimerIntEnable</name>
         <value>0x4439</value>
         <object_component_ref idref="oc-215"/>
      </symbol>
      <symbol id="sm-a87">
         <name>TimerClockSourceSet</name>
         <value>0x4469</value>
         <object_component_ref idref="oc-203"/>
      </symbol>
      <symbol id="sm-a88">
         <name>TimerConfigure</name>
         <value>0x39a1</value>
         <object_component_ref idref="oc-209"/>
      </symbol>
      <symbol id="sm-a89">
         <name>TimerIntClear</name>
         <value>0x448b</value>
         <object_component_ref idref="oc-1f6"/>
      </symbol>
      <symbol id="sm-b1b">
         <name>UARTConfigSetExpClk</name>
         <value>0x3e19</value>
         <object_component_ref idref="oc-ca"/>
      </symbol>
      <symbol id="sm-b1c">
         <name>UARTDisable</name>
         <value>0x40c9</value>
         <object_component_ref idref="oc-113"/>
      </symbol>
      <symbol id="sm-b1d">
         <name>UARTBusy</name>
         <value>0x4441</value>
         <object_component_ref idref="oc-ee"/>
      </symbol>
      <symbol id="sm-b1e">
         <name>UARTIntEnable</name>
         <value>0x4449</value>
         <object_component_ref idref="oc-e8"/>
      </symbol>
      <symbol id="sm-b1f">
         <name>UARTCharsAvail</name>
         <value>0x4361</value>
         <object_component_ref idref="oc-10d"/>
      </symbol>
      <symbol id="sm-b20">
         <name>UARTCharPut</name>
         <value>0x43f3</value>
         <object_component_ref idref="oc-f4"/>
      </symbol>
      <symbol id="sm-b21">
         <name>UARTEnable</name>
         <value>0x424d</value>
         <object_component_ref idref="oc-e2"/>
      </symbol>
      <symbol id="sm-b22">
         <name>UARTFIFOEnable</name>
         <value>0x43fd</value>
         <object_component_ref idref="oc-d0"/>
      </symbol>
      <symbol id="sm-b23">
         <name>UARTIntClear</name>
         <value>0x448f</value>
         <object_component_ref idref="oc-101"/>
      </symbol>
      <symbol id="sm-b24">
         <name>UARTIntStatus</name>
         <value>0x4407</value>
         <object_component_ref idref="oc-fb"/>
      </symbol>
      <symbol id="sm-b25">
         <name>UARTCharGet</name>
         <value>0x43e9</value>
         <object_component_ref idref="oc-107"/>
      </symbol>
      <symbol id="sm-b26">
         <name>UARTFIFOLevelSet</name>
         <value>0x446f</value>
         <object_component_ref idref="oc-d6"/>
      </symbol>
      <symbol id="sm-b27">
         <name>UARTIntRegister</name>
         <value>0x41f1</value>
         <object_component_ref idref="oc-dc"/>
      </symbol>
      <symbol id="sm-b31">
         <name>CPUcpsie</name>
         <value>0x437d</value>
         <object_component_ref idref="oc-300"/>
      </symbol>
      <symbol id="sm-b32">
         <name>__TI_static_base__</name>
         <value>0x0</value>
      </symbol>
      <symbol id="sm-b35">
         <name>SHT$$INIT_ARRAY$$Limit</name>
         <value>0x0</value>
      </symbol>
      <symbol id="sm-b36">
         <name>SHT$$INIT_ARRAY$$Base</name>
         <value>0x0</value>
      </symbol>
   </symbol_table>
   <title>Link successful</title>
</link_info>
