******************************************************************************
                  TI ARM Linker PC v15.12.3                    
******************************************************************************
>> Linked Tue Mar 21 14:02:03 2017

OUTPUT FILE NAME:   <interrupts.out>
ENTRY POINT SYMBOL: "_c_int00"  address: 00000af5


MEMORY CONFIGURATION

         name            origin    length      used     unused   attr    fill
----------------------  --------  ---------  --------  --------  ----  --------
  FLASH                 00000000   00040000  00000dac  0003f254  R  X
  SRAM                  20000000   00008000  00000230  00007dd0  RW X


SEGMENT ALLOCATION MAP

run origin  load origin   length   init length attrs members
----------  ----------- ---------- ----------- ----- -------
00000000    00000000    00000dac   00000dac    r-x
  00000000    00000000    0000026c   0000026c    r-- .intvecs
  0000026c    0000026c    00000aec   00000aec    r-x .text
  00000d58    00000d58    00000018   00000018    r-- .const
  00000d70    00000d70    0000003c   0000003c    r-- .cinit
20000000    20000000    00000230   00000000    rw-
  20000000    20000000    00000200   00000000    rw- .stack
  20000200    20000200    00000020   00000000    rw- .data
  20000220    20000220    00000010   00000000    rw- .bss


SECTION ALLOCATION MAP

 output                                  attributes/
section   page    origin      length       input sections
--------  ----  ----------  ----------   ----------------
.intvecs   0    00000000    0000026c     
                  00000000    0000026c     startup_ccs.obj (.intvecs)

.text      0    0000026c    00000aec     
                  0000026c    000002c8     interrupts.obj (.text:main)
                  00000534    000001ea     uartstdio.obj (.text:UARTvprintf)
                  0000071e    0000009c     rtsv7M4_T_le_v4SPD16_eabi.lib : memcpy_t2.obj (.text)
                  000007ba    0000007a                                   : memset_t2.obj (.text)
                  00000834    00000070     interrupts.obj (.text:DisplayIntStatus)
                  000008a4    00000070     rtsv7M4_T_le_v4SPD16_eabi.lib : autoinit.obj (.text)
                  00000914    0000006a                                   : copy_decompress_rle.obj (.text)
                  0000097e    00000002     startup_ccs.obj (.text:FaultISR)
                  00000980    00000064     interrupts.obj (.text:ConfigureUART)
                  000009e4    00000060     uartstdio.obj (.text:UARTStdioConfig)
                  00000a44    00000058     interrupts.obj (.text:IntGPIOb)
                  00000a9c    00000058     interrupts.obj (.text:IntGPIOc)
                  00000af4    00000054     rtsv7M4_T_le_v4SPD16_eabi.lib : boot.obj (.text)
                  00000b48    00000054                                   : exit.obj (.text)
                  00000b9c    0000004c                                   : cpy_tbl.obj (.text)
                  00000be8    00000048     interrupts.obj (.text:IntGPIOa)
                  00000c30    00000048     uartstdio.obj (.text:UARTwrite)
                  00000c78    00000040     rtsv7M4_T_le_v4SPD16_eabi.lib : u_divt2.obj (.text)
                  00000cb8    0000002c     interrupts.obj (.text:Delay)
                  00000ce4    0000001a     uartstdio.obj (.text:UARTprintf)
                  00000cfe    00000002     startup_ccs.obj (.text:IntDefaultHandler)
                  00000d00    00000018     rtsv7M4_T_le_v4SPD16_eabi.lib : args_main.obj (.text)
                  00000d18    00000014                                   : _lock.obj (.text)
                  00000d2c    0000000e                                   : copy_decompress_none.obj (.text:decompress:none)
                  00000d3a    00000006     startup_ccs.obj (.text:ResetISR)
                  00000d40    00000006     driverlib.lib : uart.obj (.text:UARTClockSourceSet)
                  00000d46    00000006     rtsv7M4_T_le_v4SPD16_eabi.lib : copy_decompress_rle.obj (.text:decompress:rle24)
                  00000d4c    00000004                                   : pre_init.obj (.text)
                  00000d50    00000002     startup_ccs.obj (.text:NmiSR)
                  00000d52    00000002     rtsv7M4_T_le_v4SPD16_eabi.lib : i_div0.obj (.text)
                  00000d54    00000002                                   : mpu_init.obj (.text)
                  00000d56    00000002                                   : startup.obj (.text)

.const     0    00000d58    00000018     
                  00000d58    0000000c     uartstdio.obj (.const:g_ui32UARTBase)
                  00000d64    0000000c     uartstdio.obj (.const:g_ui32UARTPeriph)

.cinit     0    00000d70    0000003c     
                  00000d70    00000016     (.cinit..data.load) [load image, compression = rle]
                  00000d86    00000002     --HOLE-- [fill = 0]
                  00000d88    00000009     (.cinit..bss.load) [load image, compression = rle]
                  00000d91    00000003     --HOLE-- [fill = 0]
                  00000d94    00000008     (__TI_handler_table)
                  00000d9c    00000010     (__TI_cinit_table)

.init_array 
*          0    00000000    00000000     UNINITIALIZED

.stack     0    20000000    00000200     UNINITIALIZED
                  20000000    00000200     --HOLE--

.data      0    20000200    00000020     UNINITIALIZED
                  20000200    0000000c     rtsv7M4_T_le_v4SPD16_eabi.lib : exit.obj (.data:$O1$$)
                  2000020c    00000008                                   : _lock.obj (.data:$O1$$)
                  20000214    00000005     uartstdio.obj (.data)
                  20000219    00000003     --HOLE--
                  2000021c    00000004     rtsv7M4_T_le_v4SPD16_eabi.lib : stkdepth_vars.obj (.data)

.bss       0    20000220    00000010     UNINITIALIZED
                  20000220    00000004     (.common:g_ui32GPIOa)
                  20000224    00000004     (.common:g_ui32GPIOb)
                  20000228    00000004     (.common:g_ui32GPIOc)
                  2000022c    00000004     (.common:g_ui32Index)

MODULE SUMMARY

       Module                     code   ro data   rw data
       ------                     ----   -------   -------
    .\
       interrupts.obj             1216   0         16     
       startup_ccs.obj            12     620       0      
    +--+--------------------------+------+---------+---------+
       Total:                     1228   620       16     
                                                          
    .\utils\
       uartstdio.obj              684    24        5      
    +--+--------------------------+------+---------+---------+
       Total:                     684    24        5      
                                                          
    C:\ti\ccsv6\tools\compiler\arm_15.12.3.LTS\lib\rtsv7M4_T_le_v4SPD16_eabi.lib
       memcpy_t2.obj              156    0         0      
       memset_t2.obj              122    0         0      
       autoinit.obj               112    0         0      
       copy_decompress_rle.obj    112    0         0      
       exit.obj                   84     0         12     
       boot.obj                   84     0         0      
       cpy_tbl.obj                76     0         0      
       u_divt2.obj                64     0         0      
       _lock.obj                  20     0         8      
       args_main.obj              24     0         0      
       copy_decompress_none.obj   14     0         0      
       pre_init.obj               4      0         0      
       stkdepth_vars.obj          0      0         4      
       i_div0.obj                 2      0         0      
       mpu_init.obj               2      0         0      
       startup.obj                2      0         0      
    +--+--------------------------+------+---------+---------+
       Total:                     878    0         24     
                                                          
    c:/ti/TivaWare_C_Series-2.1.3.156/driverlib/ccs/Debug/driverlib.lib
       uart.obj                   6      0         0      
    +--+--------------------------+------+---------+---------+
       Total:                     6      0         0      
                                                          
       Stack:                     0      0         512    
       Linker Generated:          0      55        0      
    +--+--------------------------+------+---------+---------+
       Grand Total:               2796   699       557    


LINKER GENERATED COPY TABLES

__TI_cinit_table @ 00000d9c records: 2, size/record: 8, table size: 16
	.data: load addr=00000d70, load size=00000016 bytes, run addr=20000200, run size=00000020 bytes, compression=rle
	.bss: load addr=00000d88, load size=00000009 bytes, run addr=20000220, run size=00000010 bytes, compression=rle


LINKER GENERATED HANDLER TABLE

__TI_handler_table @ 00000d94 records: 2, size/record: 4, table size: 8
	index: 0, handler: __TI_decompress_rle24
	index: 1, handler: __TI_decompress_none


GLOBAL SYMBOLS: SORTED ALPHABETICALLY BY Name 

address   name                           
-------   ----                           
00000b49  C$$EXIT                        
00000981  ConfigureUART                  
00000cb9  Delay                          
00000835  DisplayIntStatus               
00000be9  IntGPIOa                       
00000a45  IntGPIOb                       
00000a9d  IntGPIOc                       
00000d3b  ResetISR                       
UNDEFED   SHT$$INIT_ARRAY$$Base          
UNDEFED   SHT$$INIT_ARRAY$$Limit         
00000d41  UARTClockSourceSet             
000009e5  UARTStdioConfig                
00000ce5  UARTprintf                     
00000535  UARTvprintf                    
00000c31  UARTwrite                      
20000200  __STACK_END                    
00000200  __STACK_SIZE                   
20000200  __STACK_TOP                    
00000d9c  __TI_CINIT_Base                
00000dac  __TI_CINIT_Limit               
00000d94  __TI_Handler_Table_Base        
00000d9c  __TI_Handler_Table_Limit       
000008a5  __TI_auto_init                 
20000200  __TI_cleanup_ptr               
00000d2d  __TI_decompress_none           
00000d47  __TI_decompress_rle24          
20000204  __TI_dtors_ptr                 
20000208  __TI_enable_exit_profile_output
ffffffff  __TI_pprof_out_hndl            
ffffffff  __TI_prof_data_size            
ffffffff  __TI_prof_data_start           
00000000  __TI_static_base__             
00000d53  __aeabi_idiv0                  
000007bb  __aeabi_memclr                 
000007bb  __aeabi_memclr4                
000007bb  __aeabi_memclr8                
0000071f  __aeabi_memcpy                 
0000071f  __aeabi_memcpy4                
0000071f  __aeabi_memcpy8                
000007bd  __aeabi_memset                 
000007bd  __aeabi_memset4                
000007bd  __aeabi_memset8                
00000c79  __aeabi_uidiv                  
00000c79  __aeabi_uidivmod               
ffffffff  __binit__                      
ffffffff  __c_args__                     
00000d55  __mpu_init                     
20000000  __stack                        
00000d01  _args_main                     
00000af5  _c_int00                       
2000020c  _lock                          
00000d27  _nop                           
00000d1f  _register_lock                 
00000d19  _register_unlock               
00000d57  _system_post_cinit             
00000d4d  _system_pre_init               
20000210  _unlock                        
00000b4d  abort                          
ffffffff  binit                          
00000b9d  copy_in                        
00000b55  exit                           
00000000  g_pfnVectors                   
20000220  g_ui32GPIOa                    
20000224  g_ui32GPIOb                    
20000228  g_ui32GPIOc                    
2000022c  g_ui32Index                    
0000026d  main                           
2000021c  main_func_sp                   
0000071f  memcpy                         
000007c3  memset                         


GLOBAL SYMBOLS: SORTED BY Symbol Address 

address   name                           
-------   ----                           
00000000  __TI_static_base__             
00000000  g_pfnVectors                   
00000200  __STACK_SIZE                   
0000026d  main                           
00000535  UARTvprintf                    
0000071f  __aeabi_memcpy                 
0000071f  __aeabi_memcpy4                
0000071f  __aeabi_memcpy8                
0000071f  memcpy                         
000007bb  __aeabi_memclr                 
000007bb  __aeabi_memclr4                
000007bb  __aeabi_memclr8                
000007bd  __aeabi_memset                 
000007bd  __aeabi_memset4                
000007bd  __aeabi_memset8                
000007c3  memset                         
00000835  DisplayIntStatus               
000008a5  __TI_auto_init                 
00000981  ConfigureUART                  
000009e5  UARTStdioConfig                
00000a45  IntGPIOb                       
00000a9d  IntGPIOc                       
00000af5  _c_int00                       
00000b49  C$$EXIT                        
00000b4d  abort                          
00000b55  exit                           
00000b9d  copy_in                        
00000be9  IntGPIOa                       
00000c31  UARTwrite                      
00000c79  __aeabi_uidiv                  
00000c79  __aeabi_uidivmod               
00000cb9  Delay                          
00000ce5  UARTprintf                     
00000d01  _args_main                     
00000d19  _register_unlock               
00000d1f  _register_lock                 
00000d27  _nop                           
00000d2d  __TI_decompress_none           
00000d3b  ResetISR                       
00000d41  UARTClockSourceSet             
00000d47  __TI_decompress_rle24          
00000d4d  _system_pre_init               
00000d53  __aeabi_idiv0                  
00000d55  __mpu_init                     
00000d57  _system_post_cinit             
00000d94  __TI_Handler_Table_Base        
00000d9c  __TI_CINIT_Base                
00000d9c  __TI_Handler_Table_Limit       
00000dac  __TI_CINIT_Limit               
20000000  __stack                        
20000200  __STACK_END                    
20000200  __STACK_TOP                    
20000200  __TI_cleanup_ptr               
20000204  __TI_dtors_ptr                 
20000208  __TI_enable_exit_profile_output
2000020c  _lock                          
20000210  _unlock                        
2000021c  main_func_sp                   
20000220  g_ui32GPIOa                    
20000224  g_ui32GPIOb                    
20000228  g_ui32GPIOc                    
2000022c  g_ui32Index                    
ffffffff  __TI_pprof_out_hndl            
ffffffff  __TI_prof_data_size            
ffffffff  __TI_prof_data_start           
ffffffff  __binit__                      
ffffffff  __c_args__                     
ffffffff  binit                          
UNDEFED   SHT$$INIT_ARRAY$$Base          
UNDEFED   SHT$$INIT_ARRAY$$Limit         

[70 symbols]
